Component: ARM Compiler 5.06 update 6 (build 750) Tool: armlink [4d35ed]

==============================================================================

Section Cross References

    commandaddr.o(i.CommandAddr_create) refers to h1_alloc.o(.text) for malloc
    commandaddr.o(i.CommandAddr_create) refers to commandaddr.o(i.run) for run
    commandaddr.o(i.CommandAddr_create) refers to commandaddr.o(i.setCommandAttribute) for setCommandAttribute
    commandaddr.o(i.CommandAddr_create) refers to commandaddr.o(i.getCommandName) for getCommandName
    commandaddr.o(i.CommandAddr_destroy) refers to h1_free.o(.text) for free
    commandaddr.o(i.CommandAddr_getName) refers to commandaddr.o(.data) for commandName
    commandaddr.o(i.getCommandName) refers to commandaddr.o(i.CommandAddr_getName) for CommandAddr_getName
    commandaddr.o(i.run) refers to channel.o(i.Channel_setPollAddress) for Channel_setPollAddress
    commandaddr.o(.data) refers to commandaddr.o(.conststring) for .conststring
    commandaddrparser.o(i.CommandAddrParser_configure) refers to h1_alloc.o(.text) for malloc
    commandaddrparser.o(i.CommandAddrParser_configure) refers to atoi.o(.text) for atoi
    commandaddrparser.o(i.CommandAddrParser_configure) refers to commandaddrparser.o(i.parseStringToDataType) for parseStringToDataType
    commandaddrparser.o(i.CommandAddrParser_configure) refers to h1_free.o(.text) for free
    commandaddrparser.o(i.CommandAddrParser_configure) refers to commandaddrparser.o(.constdata) for .constdata
    commandaddrparser.o(i.CommandAddrParser_create) refers to h1_alloc.o(.text) for malloc
    commandaddrparser.o(i.CommandAddrParser_destroy) refers to h1_free.o(.text) for free
    commandaddrparser.o(i.parseStringToDataType) refers to strncmp.o(.text) for strncmp
    commandaddrparser.o(.data) refers to commandaddrparser.o(.conststring) for .conststring
    commandannounce.o(i.CommandAnnounce_create) refers to h1_alloc.o(.text) for malloc
    commandannounce.o(i.CommandAnnounce_create) refers to commandannounce.o(i.run) for run
    commandannounce.o(i.CommandAnnounce_create) refers to commandannounce.o(i.setCommandAttribute) for setCommandAttribute
    commandannounce.o(i.CommandAnnounce_create) refers to commandannounce.o(i.getCommandName) for getCommandName
    commandannounce.o(i.CommandAnnounce_destroy) refers to h1_free.o(.text) for free
    commandannounce.o(i.CommandAnnounce_getName) refers to commandannounce.o(.data) for commandName
    commandannounce.o(i.getCommandName) refers to commandannounce.o(i.CommandAnnounce_getName) for CommandAnnounce_getName
    commandannounce.o(.data) refers to commandannounce.o(.conststring) for .conststring
    commandclear.o(i.CommandClear_create) refers to h1_alloc.o(.text) for malloc
    commandclear.o(i.CommandClear_create) refers to commandclear.o(i.run) for run
    commandclear.o(i.CommandClear_create) refers to commandclear.o(i.setCommandAttribute) for setCommandAttribute
    commandclear.o(i.CommandClear_create) refers to commandclear.o(i.getCommandName) for getCommandName
    commandclear.o(i.CommandClear_destroy) refers to h1_free.o(.text) for free
    commandclear.o(i.CommandClear_getName) refers to commandclear.o(.data) for commandName
    commandclear.o(i.getCommandName) refers to commandclear.o(i.CommandClear_getName) for CommandClear_getName
    commandclear.o(.data) refers to commandclear.o(.conststring) for .conststring
    commandfactory.o(i.CommandFactory_create) refers to h1_alloc.o(.text) for malloc
    commandfactory.o(i.CommandFactory_create) refers to commandrunning.o(i.CommandRunning_create) for CommandRunning_create
    commandfactory.o(i.CommandFactory_create) refers to commandpoll.o(i.CommandPoll_create) for CommandPoll_create
    commandfactory.o(i.CommandFactory_create) refers to commandaddr.o(i.CommandAddr_create) for CommandAddr_create
    commandfactory.o(i.CommandFactory_create) refers to commandtinc.o(i.CommandTInc_create) for CommandTInc_create
    commandfactory.o(i.CommandFactory_create) refers to commandtrans.o(i.CommandTrans_create) for CommandTrans_create
    commandfactory.o(i.CommandFactory_create) refers to commandtrigger.o(i.CommandTrigger_create) for CommandTrigger_create
    commandfactory.o(i.CommandFactory_create) refers to commandannounce.o(i.CommandAnnounce_create) for CommandAnnounce_create
    commandfactory.o(i.CommandFactory_create) refers to commandclear.o(i.CommandClear_create) for CommandClear_create
    commandfactory.o(i.CommandFactory_create) refers to commandaddr.o(i.CommandAddr_getICommand) for CommandAddr_getICommand
    commandfactory.o(i.CommandFactory_create) refers to commandaddrparser.o(i.CommandAddrParser_create) for CommandAddrParser_create
    commandfactory.o(i.CommandFactory_create) refers to commandrunning.o(i.CommandRunning_getICommand) for CommandRunning_getICommand
[...]
    commandtriggerparser.o(i.CommandTriggerParser_configure) refers to channel.o(i.Channel_getTriggerDataStream) for Channel_getTriggerDataStream
    commandtriggerparser.o(i.CommandTriggerParser_configure) refers to rt_memcpy_w.o(.text) for __aeabi_memcpy4
    commandtriggerparser.o(i.CommandTriggerParser_configure) refers to commandtriggerparser.o(i.parseStringToTriggerMode) for parseStringToTriggerMode
    commandtriggerparser.o(i.CommandTriggerParser_configure) refers to commandtriggerparser.o(i.parseStringToEdge) for parseStringToEdge
    commandtriggerparser.o(i.CommandTriggerParser_configure) refers to commandtriggerparser.o(.constdata) for .constdata
    commandtriggerparser.o(i.CommandTriggerParser_create) refers to h1_alloc.o(.text) for malloc
    commandtriggerparser.o(i.CommandTriggerParser_destroy) refers to h1_free.o(.text) for free
    commandtriggerparser.o(i.parseStringToEdge) refers to strncmp.o(.text) for strncmp
    commandtriggerparser.o(i.parseStringToTriggerMode) refers to strncmp.o(.text) for strncmp
    commandtriggerparser.o(.constdata) refers to commandtriggerparser.o(.conststring) for .conststring
    commandtriggerparser.o(.data) refers to commandtriggerparser.o(.conststring) for .conststring
    communicationfactory.o(i.CommunicationFactory_create) refers to h1_alloc.o(.text) for malloc
    communicationfactory.o(i.CommunicationFactory_destroy) refers to ethernetvalidator.o(i.EthernetValidator_destroy) for EthernetValidator_destroy
    communicationfactory.o(i.CommunicationFactory_destroy) refers to uartvalidator.o(i.UartValidator_destroy) for UartValidator_destroy
    communicationfactory.o(i.CommunicationFactory_destroy) refers to h1_free.o(.text) for free
    communicationfactory.o(i.CommunicationFactory_getIComValidator) refers to ethernetvalidator.o(i.EthernetValidator_create) for EthernetValidator_create
    communicationfactory.o(i.CommunicationFactory_getIComValidator) refers to ethernetvalidator.o(i.EthernetValidator_getIComValidator) for EthernetValidator_getIComValidator
    communicationfactory.o(i.CommunicationFactory_getIComValidator) refers to uartvalidator.o(i.UartValidator_create) for UartValidator_create
    communicationfactory.o(i.CommunicationFactory_getIComValidator) refers to uartvalidator.o(i.UartValidator_getIComValidator) for UartValidator_getIComValidator
    communicationfactory.o(.data) refers to communicationfactory.o(.conststring) for .conststring
    ethernetvalidator.o(i.EthernetValidator_create) refers to h1_alloc.o(.text) for malloc
    ethernetvalidator.o(i.EthernetValidator_create) refers to ethernetvalidator.o(i.checkPresentInProtocol) for checkPresentInProtocol
    ethernetvalidator.o(i.EthernetValidator_create) refers to ethernetvalidator.o(i.createCheck) for createCheck
    ethernetvalidator.o(i.EthernetValidator_create) refers to ethernetvalidator.o(i.getCheckLength) for getCheckLength
    ethernetvalidator.o(i.EthernetValidator_create) refers to ethernetvalidator.o(i.validateCheck) for validateCheck
    ethernetvalidator.o(i.EthernetValidator_destroy) refers to h1_free.o(.text) for free
    ethernetvalidator.o(.data) refers to ethernetvalidator.o(.conststring) for .conststring
    receiver.o(i.Receiver_create) refers to h1_alloc.o(.text) for malloc
    receiver.o(i.Receiver_create) refers to rt_memcpy_w.o(.text) for __aeabi_memcpy4
    receiver.o(i.Receiver_destroy) refers to h1_free.o(.text) for free
    receiver.o(i.Receiver_unpack) refers to h1_alloc.o(.text) for malloc
    receiver.o(i.Receiver_unpack) refers to sender.o(i.Sender_flowControl) for Sender_flowControl
    receiver.o(i.Receiver_unpack) refers to sender.o(i.Sender_transmit) for Sender_transmit
    receiver.o(i.Receiver_unpack) refers to h1_free.o(.text) for free
    receiver.o(i.Receiver_unpack) refers to receiver.o(.data) for FLOWCONTROL_NAK
    receiver.o(.data) refers to receiver.o(.conststring) for .conststring
    sender.o(i.Sender_addressAnnouncement) refers to addressstorage.o(i.AddressStorage_getMaxAmountOfAddresses) for AddressStorage_getMaxAmountOfAddresses
    sender.o(i.Sender_addressAnnouncement) refers to addressstorage.o(i.AddressStorage_getAddressToTransmit) for AddressStorage_getAddressToTransmit
    sender.o(i.Sender_addressAnnouncement) refers to sender.o(.data) for DATA_TYPE_NAMES
    sender.o(i.Sender_create) refers to h1_alloc.o(.text) for malloc
    sender.o(i.Sender_destroy) refers to h1_free.o(.text) for free
    sender.o(i.Sender_scopeData) refers to channel.o(i.Channel_isRunning) for Channel_isRunning
    sender.o(i.Sender_scopeData) refers to channel.o(i.Channel_getRingBufferFloatStream) for Channel_getRingBufferFloatStream
    sender.o(i.Sender_scopeData) refers to trigger.o(i.Trigger_isTriggered) for Trigger_isTriggered
    sender.o(i.Sender_scopeData) refers to trigger.o(i.Trigger_getChannelId) for Trigger_getChannelId
    sender.o(i.Sender_scopeData) refers to trigger.o(i.Trigger_getTriggerIndex) for Trigger_getTriggerIndex
    sender.o(.data) refers to sender.o(.conststring) for .conststring
    uartvalidator.o(i.UartValidator_create) refers to h1_alloc.o(.text) for malloc
    uartvalidator.o(i.UartValidator_create) refers to uartvalidator.o(i.checkPresentInProtocol) for checkPresentInProtocol
    uartvalidator.o(i.UartValidator_create) refers to uartvalidator.o(i.createCheck) for createCheck
    uartvalidator.o(i.UartValidator_create) refers to uartvalidator.o(i.getCheckLength) for getCheckLength
    uartvalidator.o(i.UartValidator_create) refers to uartvalidator.o(i.validateCheck) for validateCheck
    uartvalidator.o(i.UartValidator_destroy) refers to h1_free.o(.text) for free
    uartvalidator.o(i.createCheck) refers to uartvalidator.o(i.generate) for generate
    uartvalidator.o(i.validateCheck) refers to uartvalidator.o(i.generate) for generate
    uartvalidator.o(.data) refers to uartvalidator.o(.conststring) for .conststring
    byteringbuffer.o(i.ByteRingBuffer_create) refers to h1_alloc.o(.text) for malloc
    byteringbuffer.o(i.ByteRingBuffer_create) refers to byteringbuffer.o(i.openStream) for openStream
    byteringbuffer.o(i.ByteRingBuffer_create) refers to byteringbuffer.o(i.dataIsReady) for dataIsReady
    byteringbuffer.o(i.ByteRingBuffer_create) refers to byteringbuffer.o(i.readData) for readData
    byteringbuffer.o(i.ByteRingBuffer_create) refers to byteringbuffer.o(i.streamLength) for streamLength
    byteringbuffer.o(i.ByteRingBuffer_create) refers to byteringbuffer.o(i.readAll) for readAll
    byteringbuffer.o(i.ByteRingBuffer_create) refers to byteringbuffer.o(i.writeData) for writeData
    byteringbuffer.o(i.ByteRingBuffer_create) refers to byteringbuffer.o(i.writeAll) for writeAll
    byteringbuffer.o(i.ByteRingBuffer_create) refers to byteringbuffer.o(i.closeStream) for closeStream
    byteringbuffer.o(i.ByteRingBuffer_create) refers to byteringbuffer.o(i.flush) for flush
    byteringbuffer.o(i.ByteRingBuffer_destroy) refers to h1_free.o(.text) for free
    byteringbuffer.o(i.ByteRingBuffer_freeData) refers to byteringbuffer.o(i.ByteRingBuffer_usedData) for ByteRingBuffer_usedData
    byteringbuffer.o(i.ByteRingBuffer_read) refers to byteringbuffer.o(i.ByteRingBuffer_usedData) for ByteRingBuffer_usedData
    byteringbuffer.o(i.ByteRingBuffer_read) refers to byteringbuffer.o(i.incTail) for incTail
    byteringbuffer.o(i.ByteRingBuffer_write) refers to byteringbuffer.o(i.ByteRingBuffer_freeData) for ByteRingBuffer_freeData
    byteringbuffer.o(i.ByteRingBuffer_write) refers to byteringbuffer.o(i.incHead) for incHead
    byteringbuffer.o(i.dataIsReady) refers to byteringbuffer.o(i.ByteRingBuffer_usedData) for ByteRingBuffer_usedData
    byteringbuffer.o(i.flush) refers to byteringbuffer.o(i.ByteRingBuffer_clear) for ByteRingBuffer_clear
    byteringbuffer.o(i.incHead) refers to byteringbuffer.o(i.nextIndex) for nextIndex
    byteringbuffer.o(i.incTail) refers to byteringbuffer.o(i.nextIndex) for nextIndex
    byteringbuffer.o(i.readAll) refers to byteringbuffer.o(i.ByteRingBuffer_read) for ByteRingBuffer_read
    byteringbuffer.o(i.readData) refers to byteringbuffer.o(i.ByteRingBuffer_read) for ByteRingBuffer_read
    byteringbuffer.o(i.streamLength) refers to byteringbuffer.o(i.ByteRingBuffer_usedData) for ByteRingBuffer_usedData
    byteringbuffer.o(i.writeAll) refers to byteringbuffer.o(i.ByteRingBuffer_write) for ByteRingBuffer_write
    byteringbuffer.o(i.writeData) refers to byteringbuffer.o(i.ByteRingBuffer_write) for ByteRingBuffer_write
    byteringbuffer.o(.data) refers to byteringbuffer.o(.conststring) for .conststring
    bytestream.o(i.ByteStream_create) refers to h1_alloc.o(.text) for malloc
    bytestream.o(i.ByteStream_create) refers to byteringbuffer.o(i.ByteRingBuffer_create) for ByteRingBuffer_create
    bytestream.o(i.ByteStream_create) refers to byteringbuffer.o(i.ByteRingBuffer_getIByteStream) for ByteRingBuffer_getIByteStream
    bytestream.o(i.ByteStream_create) refers to rt_memcpy_w.o(.text) for __aeabi_memcpy4
    bytestream.o(i.ByteStream_destroy) refers to h1_free.o(.text) for free
    bytestream.o(i.ByteStream_getIByteStream) refers to byteringbuffer.o(i.ByteRingBuffer_getIByteStream) for ByteRingBuffer_getIByteStream
    bytestream.o(.data) refers to bytestream.o(.conststring) for .conststring
    floatringbuffer.o(i.FloatRingBuffer_create) refers to h1_alloc.o(.text) for malloc
    floatringbuffer.o(i.FloatRingBuffer_create) refers to floatringbuffer.o(i.openStream) for openStream
    floatringbuffer.o(i.FloatRingBuffer_create) refers to floatringbuffer.o(i.dataIsReady) for dataIsReady
    floatringbuffer.o(i.FloatRingBuffer_create) refers to floatringbuffer.o(i.readData) for readData
    floatringbuffer.o(i.FloatRingBuffer_create) refers to floatringbuffer.o(i.streamLength) for streamLength
    floatringbuffer.o(i.FloatRingBuffer_create) refers to floatringbuffer.o(i.readAll) for readAll
    floatringbuffer.o(i.FloatRingBuffer_create) refers to floatringbuffer.o(i.writeData) for writeData
    floatringbuffer.o(i.FloatRingBuffer_create) refers to floatringbuffer.o(i.writeAll) for writeAll
    floatringbuffer.o(i.FloatRingBuffer_create) refers to floatringbuffer.o(i.closeStream) for closeStream
    floatringbuffer.o(i.FloatRingBuffer_create) refers to floatringbuffer.o(i.flush) for flush
    floatringbuffer.o(i.FloatRingBuffer_destroy) refers to h1_free.o(.text) for free
    floatringbuffer.o(i.FloatRingBuffer_freeData) refers to floatringbuffer.o(i.FloatRingBuffer_usedData) for FloatRingBuffer_usedData
    floatringbuffer.o(i.FloatRingBuffer_read) refers to floatringbuffer.o(i.FloatRingBuffer_usedData) for FloatRingBuffer_usedData
    floatringbuffer.o(i.FloatRingBuffer_read) refers to floatringbuffer.o(i.incTail) for incTail
    floatringbuffer.o(i.FloatRingBuffer_write) refers to floatringbuffer.o(i.FloatRingBuffer_freeData) for FloatRingBuffer_freeData
    floatringbuffer.o(i.FloatRingBuffer_write) refers to floatringbuffer.o(i.incHead) for incHead
    floatringbuffer.o(i.dataIsReady) refers to floatringbuffer.o(i.FloatRingBuffer_usedData) for FloatRingBuffer_usedData
    floatringbuffer.o(i.flush) refers to floatringbuffer.o(i.FloatRingBuffer_clear) for FloatRingBuffer_clear
    floatringbuffer.o(i.incHead) refers to floatringbuffer.o(i.nextIndex) for nextIndex
    floatringbuffer.o(i.incTail) refers to floatringbuffer.o(i.nextIndex) for nextIndex
    floatringbuffer.o(i.readAll) refers to floatringbuffer.o(i.FloatRingBuffer_read) for FloatRingBuffer_read
    floatringbuffer.o(i.readData) refers to floatringbuffer.o(i.FloatRingBuffer_read) for FloatRingBuffer_read
    floatringbuffer.o(i.streamLength) refers to floatringbuffer.o(i.FloatRingBuffer_usedData) for FloatRingBuffer_usedData
    floatringbuffer.o(i.writeAll) refers to floatringbuffer.o(i.FloatRingBuffer_write) for FloatRingBuffer_write
    floatringbuffer.o(i.writeData) refers to floatringbuffer.o(i.FloatRingBuffer_write) for FloatRingBuffer_write
    floatringbuffer.o(.data) refers to floatringbuffer.o(.conststring) for .conststring
    floatstream.o(i.FloatStream_create) refers to h1_alloc.o(.text) for malloc
    floatstream.o(i.FloatStream_create) refers to floatringbuffer.o(i.FloatRingBuffer_create) for FloatRingBuffer_create
    floatstream.o(i.FloatStream_create) refers to floatringbuffer.o(i.FloatRingBuffer_getIFloatStream) for FloatRingBuffer_getIFloatStream
    floatstream.o(i.FloatStream_create) refers to rt_memcpy_w.o(.text) for __aeabi_memcpy4
    floatstream.o(i.FloatStream_destroy) refers to h1_free.o(.text) for free
    floatstream.o(i.FloatStream_getIFloatStream) refers to floatringbuffer.o(i.FloatRingBuffer_getIFloatStream) for FloatRingBuffer_getIFloatStream
    floatstream.o(.data) refers to floatstream.o(.conststring) for .conststring
    intringbuffer.o(i.IntRingBuffer_create) refers to h1_alloc.o(.text) for malloc
    intringbuffer.o(i.IntRingBuffer_create) refers to intringbuffer.o(i.openStream) for openStream
    intringbuffer.o(i.IntRingBuffer_create) refers to intringbuffer.o(i.dataIsReady) for dataIsReady
    intringbuffer.o(i.IntRingBuffer_create) refers to intringbuffer.o(i.readData) for readData
    intringbuffer.o(i.IntRingBuffer_create) refers to intringbuffer.o(i.streamLength) for streamLength
    intringbuffer.o(i.IntRingBuffer_create) refers to intringbuffer.o(i.readAll) for readAll
    intringbuffer.o(i.IntRingBuffer_create) refers to intringbuffer.o(i.writeData) for writeData
    intringbuffer.o(i.IntRingBuffer_create) refers to intringbuffer.o(i.writeAll) for writeAll
    intringbuffer.o(i.IntRingBuffer_create) refers to intringbuffer.o(i.closeStream) for closeStream
    intringbuffer.o(i.IntRingBuffer_create) refers to intringbuffer.o(i.flush) for flush
    intringbuffer.o(i.IntRingBuffer_destroy) refers to h1_free.o(.text) for free
    intringbuffer.o(i.IntRingBuffer_freeData) refers to intringbuffer.o(i.IntRingBuffer_usedData) for IntRingBuffer_usedData
    intringbuffer.o(i.IntRingBuffer_read) refers to intringbuffer.o(i.IntRingBuffer_usedData) for IntRingBuffer_usedData
    intringbuffer.o(i.IntRingBuffer_read) refers to intringbuffer.o(i.incTail) for incTail
    intringbuffer.o(i.IntRingBuffer_write) refers to intringbuffer.o(i.IntRingBuffer_freeData) for IntRingBuffer_freeData
    intringbuffer.o(i.IntRingBuffer_write) refers to intringbuffer.o(i.incHead) for incHead
    intringbuffer.o(i.dataIsReady) refers to intringbuffer.o(i.IntRingBuffer_usedData) for IntRingBuffer_usedData
    intringbuffer.o(i.flush) refers to intringbuffer.o(i.IntRingBuffer_clear) for IntRingBuffer_clear
    intringbuffer.o(i.incHead) refers to intringbuffer.o(i.nextIndex) for nextIndex
    intringbuffer.o(i.incTail) refers to intringbuffer.o(i.nextIndex) for nextIndex
    intringbuffer.o(i.readAll) refers to intringbuffer.o(i.IntRingBuffer_read) for IntRingBuffer_read
    intringbuffer.o(i.readData) refers to intringbuffer.o(i.IntRingBuffer_read) for IntRingBuffer_read
    intringbuffer.o(i.streamLength) refers to intringbuffer.o(i.IntRingBuffer_usedData) for IntRingBuffer_usedData
    intringbuffer.o(i.writeAll) refers to intringbuffer.o(i.IntRingBuffer_write) for IntRingBuffer_write
    intringbuffer.o(i.writeData) refers to intringbuffer.o(i.IntRingBuffer_write) for IntRingBuffer_write
    intringbuffer.o(.data) refers to intringbuffer.o(.conststring) for .conststring
    intstream.o(i.IntStream_create) refers to h1_alloc.o(.text) for malloc
    intstream.o(i.IntStream_create) refers to intringbuffer.o(i.IntRingBuffer_create) for IntRingBuffer_create
    intstream.o(i.IntStream_create) refers to intringbuffer.o(i.IntRingBuffer_getIntStream) for IntRingBuffer_getIntStream
    intstream.o(i.IntStream_create) refers to rt_memcpy_w.o(.text) for __aeabi_memcpy4
    intstream.o(i.IntStream_destroy) refers to h1_free.o(.text) for free
    intstream.o(i.IntStream_getIIntStream) refers to intringbuffer.o(i.IntRingBuffer_getIntStream) for IntRingBuffer_getIntStream
    intstream.o(.data) refers to intstream.o(.conststring) for .conststring
    memory.o(i.copyString) refers to memory.o(i.copyMemory) for copyMemory
    msgpackcommon.o(i.Msgpack_printAsBytes) refers to _printf_pad.o(.text) for _printf_pre_padding
    msgpackcommon.o(i.Msgpack_printAsBytes) refers to _printf_percent.o(.ARM.Collect$$_printf_percent$$00000000) for _printf_percent
    msgpackcommon.o(i.Msgpack_printAsBytes) refers to _printf_x.o(.ARM.Collect$$_printf_percent$$0000000C) for _printf_x
    msgpackcommon.o(i.Msgpack_printAsBytes) refers to _printf_hex_int.o(.text) for _printf_longlong_hex
    msgpackcommon.o(i.Msgpack_printAsBytes) refers to __2printf.o(.text) for __2printf
    msgpackcommon.o(i.Msgpack_printAsBytes) refers to __2fprintf.o(.text) for __2fprintf
    msgpackcommon.o(i.Msgpack_printObjFromByte) refers to zone.o(i.msgpack_zone_init) for msgpack_zone_init
    msgpackcommon.o(i.Msgpack_printObjFromByte) refers to unpack.o(i.msgpack_unpack) for msgpack_unpack
    msgpackcommon.o(i.Msgpack_printObjFromByte) refers to objectc.o(i.msgpack_object_print) for msgpack_object_print
    msgpackcommon.o(.data) refers to msgpackcommon.o(.conststring) for .conststring
    msgpackpacker.o(i.MsgpackPacker_create) refers to h1_alloc.o(.text) for malloc
    msgpackpacker.o(i.MsgpackPacker_create) refers to msgpackpacker.o(i.msgpack_sbuffer_init) for msgpack_sbuffer_init
    msgpackpacker.o(i.MsgpackPacker_create) refers to msgpackpacker.o(i.msgpack_packer_init) for msgpack_packer_init
    msgpackpacker.o(i.MsgpackPacker_create) refers to msgpackpacker.o(i.packData) for packData
    msgpackpacker.o(i.MsgpackPacker_create) refers to msgpackpacker.o(i.reset) for reset
    msgpackpacker.o(i.MsgpackPacker_create) refers to msgpackpacker.o(i.prepareChannel) for prepareChannel
    msgpackpacker.o(i.MsgpackPacker_create) refers to msgpackpacker.o(i.prepareFlowControl) for prepareFlowControl
    msgpackpacker.o(i.MsgpackPacker_create) refers to msgpackpacker.o(i.prepareTimeIncrement) for prepareTimeIncrement
    msgpackpacker.o(i.MsgpackPacker_create) refers to msgpackpacker.o(i.prepareTimestamp) for prepareTimestamp
    msgpackpacker.o(i.MsgpackPacker_create) refers to msgpackpacker.o(i.prepareTrigger) for prepareTrigger
    msgpackpacker.o(i.MsgpackPacker_create) refers to msgpackpacker.o(i.getByteStream) for getByteStream
    msgpackpacker.o(i.MsgpackPacker_create) refers to msgpackpacker.o(i.prepareAddressAnnouncement) for prepareAddressAnnouncement
    msgpackpacker.o(i.MsgpackPacker_create) refers to msgpackpacker.o(i.msgpack_sbuffer_write) for msgpack_sbuffer_write
    msgpackpacker.o(i.MsgpackPacker_destroy) refers to h1_free.o(.text) for free
    msgpackpacker.o(i.constructBase) refers to msgpackpacker.o(i.msgpack_pack_map) for msgpack_pack_map
    msgpackpacker.o(i.constructBase) refers to strlen.o(.text) for strlen
    msgpackpacker.o(i.constructBase) refers to msgpackpacker.o(i.msgpack_pack_str) for msgpack_pack_str
    msgpackpacker.o(i.constructBase) refers to msgpackpacker.o(i.msgpack_pack_str_body) for msgpack_pack_str_body
    msgpackpacker.o(i.constructBase) refers to h1_alloc.o(.text) for malloc
    msgpackpacker.o(i.constructBase) refers to msgpackpacker.o(i.msgpack_pack_bin) for msgpack_pack_bin
    msgpackpacker.o(i.constructBase) refers to h1_free.o(.text) for free
    msgpackpacker.o(i.constructBase) refers to msgpackpacker.o(.data) for KEYWORD_TRANSPORT
    msgpackpacker.o(i.constructBase) refers to msgpackpacker.o(.constdata) for d
    msgpackpacker.o(i.constructPayloadMap) refers to msgpackpacker.o(i.msgpack_pack_map) for msgpack_pack_map
    msgpackpacker.o(i.constructScDataMap) refers to strlen.o(.text) for strlen
    msgpackpacker.o(i.constructScDataMap) refers to msgpackpacker.o(i.msgpack_pack_str) for msgpack_pack_str
    msgpackpacker.o(i.constructScDataMap) refers to msgpackpacker.o(i.msgpack_pack_str_body) for msgpack_pack_str_body
    msgpackpacker.o(i.constructScDataMap) refers to msgpackpacker.o(i.msgpack_pack_map) for msgpack_pack_map
    msgpackpacker.o(i.constructScDataMap) refers to msgpackpacker.o(.data) for KEYWORD_SC_DATA
    msgpackpacker.o(i.msgpack_sbuffer_write) refers to h1_realloc.o(.text) for realloc
    msgpackpacker.o(i.msgpack_sbuffer_write) refers to rt_memcpy_v6.o(.text) for __aeabi_memcpy
    msgpackpacker.o(i.packAddresses) refers to strlen.o(.text) for strlen
    msgpackpacker.o(i.packAddresses) refers to msgpackpacker.o(i.msgpack_pack_str) for msgpack_pack_str
    msgpackpacker.o(i.packAddresses) refers to msgpackpacker.o(i.msgpack_pack_str_body) for msgpack_pack_str_body
    msgpackpacker.o(i.packAddresses) refers to msgpackpacker.o(i.msgpack_pack_map) for msgpack_pack_map
    msgpackpacker.o(i.packAddresses) refers to msgpackpacker.o(i.msgpack_pack_array) for msgpack_pack_array
    msgpackpacker.o(i.packAddresses) refers to msgpackpacker.o(i.msgpack_pack_uint32) for msgpack_pack_uint32
    msgpackpacker.o(i.packAddresses) refers to msgpackpacker.o(.data) for KEYWORD_ANNOUNCE
    msgpackpacker.o(i.packChannel) refers to _printf_percent.o(.ARM.Collect$$_printf_percent$$00000000) for _printf_percent
    msgpackpacker.o(i.packChannel) refers to _printf_u.o(.ARM.Collect$$_printf_percent$$0000000A) for _printf_u
    msgpackpacker.o(i.packChannel) refers to _printf_dec.o(.text) for _printf_int_dec
    msgpackpacker.o(i.packChannel) refers to strlen.o(.text) for strlen
    msgpackpacker.o(i.packChannel) refers to msgpackpacker.o(i.msgpack_pack_str) for msgpack_pack_str
    msgpackpacker.o(i.packChannel) refers to msgpackpacker.o(i.msgpack_pack_str_body) for msgpack_pack_str_body
    msgpackpacker.o(i.packChannel) refers to msgpackpacker.o(i.msgpack_pack_map) for msgpack_pack_map
    msgpackpacker.o(i.packChannel) refers to __2sprintf.o(.text) for __2sprintf
    msgpackpacker.o(i.packChannel) refers to h1_alloc.o(.text) for malloc
    msgpackpacker.o(i.packChannel) refers to msgpackpacker.o(i.msgpack_pack_array) for msgpack_pack_array
    msgpackpacker.o(i.packChannel) refers to h1_free.o(.text) for free
    msgpackpacker.o(i.packChannel) refers to msgpackpacker.o(.data) for KEYWORD_CL_DATA
    msgpackpacker.o(i.packData) refers to msgpackpacker.o(i.constructPayloadMap) for constructPayloadMap
    msgpackpacker.o(i.packData) refers to msgpackpacker.o(i.packFlowControl) for packFlowControl
    msgpackpacker.o(i.packData) refers to msgpackpacker.o(i.constructScDataMap) for constructScDataMap
    msgpackpacker.o(i.packData) refers to msgpackpacker.o(i.packChannel) for packChannel
    msgpackpacker.o(i.packData) refers to msgpackpacker.o(i.packTimestamp) for packTimestamp
    msgpackpacker.o(i.packData) refers to msgpackpacker.o(i.packTimestampIncrement) for packTimestampIncrement
    msgpackpacker.o(i.packData) refers to msgpackpacker.o(i.packTrigger) for packTrigger
    msgpackpacker.o(i.packData) refers to msgpackpacker.o(i.packAddresses) for packAddresses
    msgpackpacker.o(i.packData) refers to msgpackpacker.o(i.constructBase) for constructBase
    msgpackpacker.o(i.packFlowControl) refers to strlen.o(.text) for strlen
    msgpackpacker.o(i.packFlowControl) refers to msgpackpacker.o(i.msgpack_pack_str) for msgpack_pack_str
    msgpackpacker.o(i.packFlowControl) refers to msgpackpacker.o(i.msgpack_pack_str_body) for msgpack_pack_str_body
    msgpackpacker.o(i.packFlowControl) refers to msgpackpacker.o(.data) for KEYWORD_FLOW_CTRL
    msgpackpacker.o(i.packTimestamp) refers to strlen.o(.text) for strlen
    msgpackpacker.o(i.packTimestamp) refers to msgpackpacker.o(i.msgpack_pack_str) for msgpack_pack_str
    msgpackpacker.o(i.packTimestamp) refers to msgpackpacker.o(i.msgpack_pack_str_body) for msgpack_pack_str_body
    msgpackpacker.o(i.packTimestamp) refers to h1_alloc.o(.text) for malloc
    msgpackpacker.o(i.packTimestamp) refers to msgpackpacker.o(i.msgpack_pack_array) for msgpack_pack_array
    msgpackpacker.o(i.packTimestamp) refers to msgpackpacker.o(i.msgpack_pack_uint32) for msgpack_pack_uint32
    msgpackpacker.o(i.packTimestamp) refers to h1_free.o(.text) for free
    msgpackpacker.o(i.packTimestamp) refers to msgpackpacker.o(.data) for KEYWORD_T_STMP
    msgpackpacker.o(i.packTimestampIncrement) refers to strlen.o(.text) for strlen
    msgpackpacker.o(i.packTimestampIncrement) refers to msgpackpacker.o(i.msgpack_pack_str) for msgpack_pack_str
    msgpackpacker.o(i.packTimestampIncrement) refers to msgpackpacker.o(i.msgpack_pack_str_body) for msgpack_pack_str_body
    msgpackpacker.o(i.packTimestampIncrement) refers to msgpackpacker.o(i.msgpack_pack_uint32) for msgpack_pack_uint32
    msgpackpacker.o(i.packTimestampIncrement) refers to msgpackpacker.o(.data) for KEYWORD_T_INC
    msgpackpacker.o(i.packTrigger) refers to _printf_percent.o(.ARM.Collect$$_printf_percent$$00000000) for _printf_percent
    msgpackpacker.o(i.packTrigger) refers to _printf_u.o(.ARM.Collect$$_printf_percent$$0000000A) for _printf_u
    msgpackpacker.o(i.packTrigger) refers to _printf_dec.o(.text) for _printf_int_dec
    msgpackpacker.o(i.packTrigger) refers to strlen.o(.text) for strlen
    msgpackpacker.o(i.packTrigger) refers to msgpackpacker.o(i.msgpack_pack_str) for msgpack_pack_str
    msgpackpacker.o(i.packTrigger) refers to msgpackpacker.o(i.msgpack_pack_str_body) for msgpack_pack_str_body
    msgpackpacker.o(i.packTrigger) refers to msgpackpacker.o(i.msgpack_pack_map) for msgpack_pack_map
    msgpackpacker.o(i.packTrigger) refers to msgpackpacker.o(i.msgpack_pack_uint32) for msgpack_pack_uint32
    msgpackpacker.o(i.packTrigger) refers to __2sprintf.o(.text) for __2sprintf
    msgpackpacker.o(i.packTrigger) refers to msgpackpacker.o(.data) for KEYWORD_TGR
    msgpackpacker.o(i.packTrigger) refers to msgpackpacker.o(.constdata) for d
    msgpackpacker.o(i.prepareAddressAnnouncement) refers to msgpackpacker.o(i.incrementPayloadField) for incrementPayloadField
    msgpackpacker.o(i.prepareChannel) refers to msgpackpacker.o(i.incrementPayloadField) for incrementPayloadField
    msgpackpacker.o(i.prepareFlowControl) refers to strlen.o(.text) for strlen
    msgpackpacker.o(i.prepareFlowControl) refers to memory.o(i.copyString) for copyString
    msgpackpacker.o(i.prepareTimeIncrement) refers to msgpackpacker.o(i.incrementPayloadField) for incrementPayloadField
    msgpackpacker.o(i.prepareTimestamp) refers to msgpackpacker.o(i.incrementPayloadField) for incrementPayloadField
    msgpackpacker.o(i.prepareTrigger) refers to msgpackpacker.o(i.incrementPayloadField) for incrementPayloadField
    msgpackpacker.o(.data) refers to msgpackpacker.o(.conststring) for .conststring
    msgpackunpacker.o(i.MsgpackUnpacker_create) refers to h1_alloc.o(.text) for malloc
    msgpackunpacker.o(i.MsgpackUnpacker_create) refers to unpack.o(i.msgpack_unpacker_init) for msgpack_unpacker_init
    msgpackunpacker.o(i.MsgpackUnpacker_create) refers to rt_memclr_w.o(.text) for __aeabi_memclr4
    msgpackunpacker.o(i.MsgpackUnpacker_create) refers to msgpackunpacker.o(i.unpack) for unpack
    msgpackunpacker.o(i.MsgpackUnpacker_create) refers to msgpackunpacker.o(i.getBoolFromCommand) for getBoolFromCommand
    msgpackunpacker.o(i.MsgpackUnpacker_create) refers to msgpackunpacker.o(i.getFloatFromCommand) for getFloatFromCommand
    msgpackunpacker.o(i.MsgpackUnpacker_create) refers to msgpackunpacker.o(i.getIntFromCommand) for getIntFromCommand
    msgpackunpacker.o(i.MsgpackUnpacker_create) refers to msgpackunpacker.o(i.getStringFromCommand) for getStringFromCommand
    msgpackunpacker.o(i.MsgpackUnpacker_create) refers to msgpackunpacker.o(i.getNameOfCommand) for getNameOfCommand
    msgpackunpacker.o(i.MsgpackUnpacker_create) refers to msgpackunpacker.o(i.getNumberOfCommands) for getNumberOfCommands
    msgpackunpacker.o(i.MsgpackUnpacker_create) refers to msgpackunpacker.o(i.getNumberOfFields) for getNumberOfFields
    msgpackunpacker.o(i.MsgpackUnpacker_create) refers to msgpackunpacker.o(i.getNameOfField) for getNameOfField
    msgpackunpacker.o(i.MsgpackUnpacker_create) refers to msgpackunpacker.o(i.activateNewMessage) for activateNewMessage
    msgpackunpacker.o(i.MsgpackUnpacker_create) refers to msgpackunpacker.o(i.getLengthOfBytesToCheck) for getLengthOfBytesToCheck
    msgpackunpacker.o(i.MsgpackUnpacker_create) refers to msgpackunpacker.o(i.getLengthOfCheck) for getLengthOfCheck
    msgpackunpacker.o(i.MsgpackUnpacker_create) refers to msgpackunpacker.o(i.getCheck) for getCheck
    msgpackunpacker.o(i.MsgpackUnpacker_create) refers to msgpackunpacker.o(i.getBytesToCheck) for getBytesToCheck
    msgpackunpacker.o(i.MsgpackUnpacker_create) refers to msgpackunpacker.o(i.msgpack_sbuffer_write) for msgpack_sbuffer_write
    msgpackunpacker.o(i.MsgpackUnpacker_destroy) refers to zone.o(i.msgpack_zone_free) for msgpack_zone_free
    msgpackunpacker.o(i.MsgpackUnpacker_destroy) refers to rt_memclr_w.o(.text) for __aeabi_memclr4
    msgpackunpacker.o(i.MsgpackUnpacker_destroy) refers to unpack.o(i.msgpack_unpacker_destroy) for msgpack_unpacker_destroy
    msgpackunpacker.o(i.MsgpackUnpacker_destroy) refers to h1_free.o(.text) for free
    msgpackunpacker.o(i.activateNewMessage) refers to rt_memcpy_w.o(.text) for __aeabi_memcpy4
    msgpackunpacker.o(i.activateNewMessage) refers to msgpackunpacker.o(i.getCommandMap) for getCommandMap
    msgpackunpacker.o(i.getArrayObject) refers to rt_memcpy_w.o(.text) for __aeabi_memcpy4
    msgpackunpacker.o(i.getBoolFromCommand) refers to msgpackunpacker.o(i.getCmdObj) for getCmdObj
    msgpackunpacker.o(i.getBoolFromCommand) refers to msgpackunpacker.o(i.msgpackObjIsMap) for msgpackObjIsMap
    msgpackunpacker.o(i.getBoolFromCommand) refers to msgpackunpacker.o(i.getFieldFromCommand) for getFieldFromCommand
    msgpackunpacker.o(i.getBoolFromCommand) refers to rt_memcpy_w.o(.text) for __aeabi_memcpy4
    msgpackunpacker.o(i.getBoolFromCommand) refers to msgpackunpacker.o(i.getArrayObject) for getArrayObject
    msgpackunpacker.o(i.getBytesToCheck) refers to memory.o(i.copyMemory) for copyMemory
    msgpackunpacker.o(i.getCheck) refers to msgpackunpacker.o(i.matchKeyToObj) for matchKeyToObj
    msgpackunpacker.o(i.getCheck) refers to memory.o(i.copyMemory) for copyMemory
    msgpackunpacker.o(i.getCmdObj) refers to msgpackunpacker.o(i.getCommandMap) for getCommandMap
    msgpackunpacker.o(i.getCmdObj) refers to rt_memcpy_w.o(.text) for __aeabi_memcpy4
    msgpackunpacker.o(i.getCmdObj) refers to msgpackunpacker.o(i.matchKeyToObj) for matchKeyToObj
    msgpackunpacker.o(i.getCommandMap) refers to msgpackunpacker.o(i.matchKeyToObj) for matchKeyToObj
    msgpackunpacker.o(i.getCommandMap) refers to rt_memcpy_w.o(.text) for __aeabi_memcpy4
    msgpackunpacker.o(i.getFieldFromCommand) refers to rt_memcpy_w.o(.text) for __aeabi_memcpy4
    msgpackunpacker.o(i.getFieldFromCommand) refers to strcmpv7m.o(.text) for strcmp
    msgpackunpacker.o(i.getFieldFromCommand) refers to msgpackunpacker.o(i.matchKeyToIndex) for matchKeyToIndex
    msgpackunpacker.o(i.getFloatFromCommand) refers to msgpackunpacker.o(i.getCmdObj) for getCmdObj
    msgpackunpacker.o(i.getFloatFromCommand) refers to msgpackunpacker.o(i.getArrayObject) for getArrayObject
    msgpackunpacker.o(i.getFloatFromCommand) refers to rt_memcpy_w.o(.text) for __aeabi_memcpy4
    msgpackunpacker.o(i.getFloatFromCommand) refers to msgpackunpacker.o(i.msgpackObjIsMap) for msgpackObjIsMap
    msgpackunpacker.o(i.getFloatFromCommand) refers to msgpackunpacker.o(i.getFieldFromCommand) for getFieldFromCommand
    msgpackunpacker.o(i.getFloatFromCommand) refers to d2f.o(x$fpl$d2f) for __aeabi_d2f
    msgpackunpacker.o(i.getIntFromCommand) refers to msgpackunpacker.o(i.getCmdObj) for getCmdObj
    msgpackunpacker.o(i.getIntFromCommand) refers to msgpackunpacker.o(i.msgpackObjIsMap) for msgpackObjIsMap
    msgpackunpacker.o(i.getIntFromCommand) refers to msgpackunpacker.o(i.getFieldFromCommand) for getFieldFromCommand
    msgpackunpacker.o(i.getIntFromCommand) refers to rt_memcpy_w.o(.text) for __aeabi_memcpy4
    msgpackunpacker.o(i.getIntFromCommand) refers to msgpackunpacker.o(i.getArrayObject) for getArrayObject
    msgpackunpacker.o(i.getLengthOfCheck) refers to msgpackunpacker.o(i.matchKeyToObj) for matchKeyToObj
    msgpackunpacker.o(i.getNameOfCommand) refers to msgpackunpacker.o(i.getCommandMap) for getCommandMap
    msgpackunpacker.o(i.getNameOfCommand) refers to rt_memcpy_w.o(.text) for __aeabi_memcpy4
    msgpackunpacker.o(i.getNameOfCommand) refers to memory.o(i.copyString) for copyString
    msgpackunpacker.o(i.getNameOfField) refers to msgpackunpacker.o(i.getCmdObj) for getCmdObj
    msgpackunpacker.o(i.getNameOfField) refers to msgpackunpacker.o(i.msgpackObjIsMap) for msgpackObjIsMap
    msgpackunpacker.o(i.getNameOfField) refers to rt_memcpy_w.o(.text) for __aeabi_memcpy4
    msgpackunpacker.o(i.getNameOfField) refers to memory.o(i.copyString) for copyString
    msgpackunpacker.o(i.getNumberOfFields) refers to msgpackunpacker.o(i.getCmdObj) for getCmdObj
    msgpackunpacker.o(i.getNumberOfFields) refers to msgpackunpacker.o(i.msgpackObjIsMap) for msgpackObjIsMap
    msgpackunpacker.o(i.getStringFromCommand) refers to msgpackunpacker.o(i.getCmdObj) for getCmdObj
    msgpackunpacker.o(i.getStringFromCommand) refers to msgpackunpacker.o(i.msgpackObjIsMap) for msgpackObjIsMap
    msgpackunpacker.o(i.getStringFromCommand) refers to msgpackunpacker.o(i.getFieldFromCommand) for getFieldFromCommand
    msgpackunpacker.o(i.getStringFromCommand) refers to rt_memcpy_w.o(.text) for __aeabi_memcpy4
    msgpackunpacker.o(i.getStringFromCommand) refers to msgpackunpacker.o(i.getArrayObject) for getArrayObject
    msgpackunpacker.o(i.getStringFromCommand) refers to strncpy.o(.text) for strncpy
    msgpackunpacker.o(i.matchKeyToIndex) refers to rt_memcpy_w.o(.text) for __aeabi_memcpy4
    msgpackunpacker.o(i.matchKeyToIndex) refers to h1_alloc.o(.text) for malloc
    msgpackunpacker.o(i.matchKeyToIndex) refers to memory.o(i.copyString) for copyString
    msgpackunpacker.o(i.matchKeyToIndex) refers to strncmp.o(.text) for strncmp
    msgpackunpacker.o(i.matchKeyToIndex) refers to strlen.o(.text) for strlen
    msgpackunpacker.o(i.matchKeyToIndex) refers to h1_free.o(.text) for free
    msgpackunpacker.o(i.matchKeyToObj) refers to strcmpv7m.o(.text) for strcmp
    msgpackunpacker.o(i.matchKeyToObj) refers to rt_memcpy_w.o(.text) for __aeabi_memcpy4
    msgpackunpacker.o(i.matchKeyToObj) refers to msgpackunpacker.o(i.matchKeyToIndex) for matchKeyToIndex
    msgpackunpacker.o(i.messageSeemsValid) refers to strncmp.o(.text) for strncmp
    msgpackunpacker.o(i.messageSeemsValid) refers to msgpackunpacker.o(i.getCommandMap) for getCommandMap
    msgpackunpacker.o(i.messageSeemsValid) refers to rt_memcpy_w.o(.text) for __aeabi_memcpy4
    msgpackunpacker.o(i.msgpack_sbuffer_write) refers to h1_realloc.o(.text) for realloc
    msgpackunpacker.o(i.msgpack_sbuffer_write) refers to rt_memcpy_v6.o(.text) for __aeabi_memcpy
    msgpackunpacker.o(i.unpack) refers to unpack.o(i.msgpack_unpacker_destroy) for msgpack_unpacker_destroy
    msgpackunpacker.o(i.unpack) refers to unpack.o(i.msgpack_unpacker_init) for msgpack_unpacker_init
    msgpackunpacker.o(i.unpack) refers to memory.o(i.copyMemory) for copyMemory
    msgpackunpacker.o(i.unpack) refers to unpack.o(i.msgpack_unpacker_next) for msgpack_unpacker_next
    msgpackunpacker.o(i.unpack) refers to msgpackunpacker.o(i.messageSeemsValid) for messageSeemsValid
    msgpackunpacker.o(i.unpack) refers to msgpackunpacker.o(i.getCommandMap) for getCommandMap
    msgpackunpacker.o(i.unpack) refers to objectc.o(i.msgpack_pack_object) for msgpack_pack_object
    msgpackunpacker.o(.data) refers to msgpackunpacker.o(.conststring) for .conststring
    addressstorage.o(i.AddressStorage_create) refers to h1_alloc.o(.text) for malloc
    addressstorage.o(i.AddressStorage_destroy) refers to h1_free.o(.text) for free
    addressstorage.o(i.AddressStorage_setAnnounceAddress) refers to strlen.o(.text) for strlen
    addressstorage.o(i.AddressStorage_setAnnounceAddress) refers to strncpy.o(.text) for strncpy
    addressstorage.o(.data) refers to addressstorage.o(.conststring) for .conststring
    channel.o(i.Channel_clear) refers to floatringbuffer.o(i.FloatRingBuffer_clear) for FloatRingBuffer_clear
    channel.o(i.Channel_create) refers to h1_alloc.o(.text) for malloc
    channel.o(i.Channel_create) refers to floatstream.o(i.FloatStream_create) for FloatStream_create
    channel.o(i.Channel_create) refers to floatstream.o(i.FloatStream_getIFloatStream) for FloatStream_getIFloatStream
    channel.o(i.Channel_destroy) refers to floatringbuffer.o(i.FloatRingBuffer_destroy) for FloatRingBuffer_destroy
    channel.o(i.Channel_destroy) refers to h1_free.o(.text) for free
    channel.o(i.Channel_getRingBufferFloatStream) refers to floatringbuffer.o(i.FloatRingBuffer_getIFloatStream) for FloatRingBuffer_getIFloatStream
    channel.o(i.Channel_poll) refers to channel.o(i.Channel_getState) for Channel_getState
    channel.o(i.Channel_poll) refers to channel.o(i.castDataToFloat) for castDataToFloat
    channel.o(i.Channel_poll) refers to channel.o(i.prepareTriggerData) for prepareTriggerData
    channel.o(i.Channel_poll) refers to floatringbuffer.o(i.FloatRingBuffer_write) for FloatRingBuffer_write
    channel.o(i.Channel_setPollAddress) refers to channel.o(i.Channel_getState) for Channel_getState
    channel.o(i.Channel_setPollAddress) refers to channel.o(i.setState) for setState
    channel.o(i.Channel_setStateRunning) refers to channel.o(i.Channel_getState) for Channel_getState
    channel.o(i.Channel_setStateRunning) refers to channel.o(i.setState) for setState
    channel.o(i.Channel_setStateStopped) refers to channel.o(i.Channel_getState) for Channel_getState
    channel.o(i.Channel_setStateStopped) refers to channel.o(i.setState) for setState
    channel.o(.data) refers to channel.o(.conststring) for .conststring
    scope.o(i.Scope_announceAddresses) refers to sender.o(i.Sender_addressAnnouncement) for Sender_addressAnnouncement
    scope.o(i.Scope_announceAddresses) refers to sender.o(i.Sender_transmit) for Sender_transmit
    scope.o(i.Scope_clear) refers to channel.o(i.Channel_clear) for Channel_clear
    scope.o(i.Scope_clear) refers to intringbuffer.o(i.IntRingBuffer_clear) for IntRingBuffer_clear
    scope.o(i.Scope_command) refers to bytestream.o(i.ByteStream_length) for ByteStream_length
    scope.o(i.Scope_command) refers to receiver.o(i.Receiver_unpack) for Receiver_unpack
    scope.o(i.Scope_command) refers to receiver.o(i.Receiver_getIUnpacker) for Receiver_getIUnpacker
    scope.o(i.Scope_command) refers to h1_alloc.o(.text) for malloc
    scope.o(i.Scope_command) refers to scope.o(i.fetchCommands) for fetchCommands
    scope.o(i.Scope_command) refers to scope.o(i.runCommands) for runCommands
    scope.o(i.Scope_command) refers to h1_free.o(.text) for free
    scope.o(i.Scope_configureChannel) refers to channel.o(i.Channel_setPollAddress) for Channel_setPollAddress
    scope.o(i.Scope_configureTrigger) refers to channel.o(i.Channel_getTriggerDataStream) for Channel_getTriggerDataStream
    scope.o(i.Scope_configureTrigger) refers to rt_memcpy_w.o(.text) for __aeabi_memcpy4
    scope.o(i.Scope_configureTrigger) refers to trigger.o(i.Trigger_configure) for Trigger_configure
    scope.o(i.Scope_create) refers to h1_alloc.o(.text) for malloc
    scope.o(i.Scope_create) refers to addressstorage.o(i.AddressStorage_create) for AddressStorage_create
    scope.o(i.Scope_create) refers to bytestream.o(i.ByteStream_create) for ByteStream_create
    scope.o(i.Scope_create) refers to floatringbuffer.o(i.FloatRingBuffer_create) for FloatRingBuffer_create
    scope.o(i.Scope_create) refers to channel.o(i.Channel_create) for Channel_create
    scope.o(i.Scope_create) refers to intringbuffer.o(i.IntRingBuffer_create) for IntRingBuffer_create
    scope.o(i.Scope_create) refers to trigger.o(i.Trigger_create) for Trigger_create
    scope.o(i.Scope_create) refers to communicationfactory.o(i.CommunicationFactory_create) for CommunicationFactory_create
    scope.o(i.Scope_create) refers to communicationfactory.o(i.CommunicationFactory_getIComValidator) for CommunicationFactory_getIComValidator
    scope.o(i.Scope_create) refers to bytestream.o(i.ByteStream_getIByteStream) for ByteStream_getIByteStream
    scope.o(i.Scope_create) refers to msgpackpacker.o(i.MsgpackPacker_create) for MsgpackPacker_create
    scope.o(i.Scope_create) refers to msgpackpacker.o(i.MsgpackPacker_getIPacker) for MsgpackPacker_getIPacker
    scope.o(i.Scope_create) refers to sender.o(i.Sender_create) for Sender_create
    scope.o(i.Scope_create) refers to msgpackunpacker.o(i.MsgpackUnpacker_create) for MsgpackUnpacker_create
    scope.o(i.Scope_create) refers to msgpackunpacker.o(i.MsgpackUnpacker_getIUnpacker) for MsgpackUnpacker_getIUnpacker
    scope.o(i.Scope_create) refers to receiver.o(i.Receiver_create) for Receiver_create
    scope.o(i.Scope_create) refers to receiver.o(i.Receiver_getIUnpacker) for Receiver_getIUnpacker
    scope.o(i.Scope_create) refers to commandfactory.o(i.CommandFactory_create) for CommandFactory_create
    scope.o(i.Scope_create) refers to scope.o(i.iScopePoll) for iScopePoll
    scope.o(i.Scope_create) refers to scope.o(i.iScopeTransmit) for iScopeTransmit
    scope.o(i.Scope_create) refers to scope.o(i.iScopeSetTimeIncrement) for iScopeSetTimeIncrement
    scope.o(i.Scope_create) refers to scope.o(i.getTimeIncrement) for getTimeIncrement
    scope.o(i.Scope_create) refers to scope.o(i.getTimestamp) for getTimestamp
    scope.o(i.Scope_create) refers to scope.o(i.transmitTimestampInc) for transmitTimestampInc
    scope.o(i.Scope_create) refers to scope.o(i.iScopeAnnounce) for iScopeAnnounce
    scope.o(i.Scope_create) refers to scope.o(i.iScopeClear) for iScopeClear
    scope.o(i.Scope_destroy) refers to floatringbuffer.o(i.FloatRingBuffer_destroy) for FloatRingBuffer_destroy
    scope.o(i.Scope_destroy) refers to channel.o(i.Channel_destroy) for Channel_destroy
    scope.o(i.Scope_destroy) refers to trigger.o(i.Trigger_destroy) for Trigger_destroy
    scope.o(i.Scope_destroy) refers to commandfactory.o(i.CommandFactory_destroy) for CommandFactory_destroy
    scope.o(i.Scope_destroy) refers to msgpackunpacker.o(i.MsgpackUnpacker_destroy) for MsgpackUnpacker_destroy
    scope.o(i.Scope_destroy) refers to receiver.o(i.Receiver_destroy) for Receiver_destroy
    scope.o(i.Scope_destroy) refers to bytestream.o(i.ByteStream_destroy) for ByteStream_destroy
    scope.o(i.Scope_destroy) refers to msgpackpacker.o(i.MsgpackPacker_destroy) for MsgpackPacker_destroy
    scope.o(i.Scope_destroy) refers to sender.o(i.Sender_destroy) for Sender_destroy
    scope.o(i.Scope_destroy) refers to communicationfactory.o(i.CommunicationFactory_destroy) for CommunicationFactory_destroy
    scope.o(i.Scope_destroy) refers to addressstorage.o(i.AddressStorage_destroy) for AddressStorage_destroy
    scope.o(i.Scope_destroy) refers to h1_free.o(.text) for free
    scope.o(i.Scope_getInputStream) refers to bytestream.o(i.ByteStream_getIByteStream) for ByteStream_getIByteStream
    scope.o(i.Scope_getOutputStream) refers to bytestream.o(i.ByteStream_getIByteStream) for ByteStream_getIByteStream
    scope.o(i.Scope_poll) refers to intringbuffer.o(i.IntRingBuffer_write) for IntRingBuffer_write
    scope.o(i.Scope_poll) refers to channel.o(i.Channel_poll) for Channel_poll
    scope.o(i.Scope_poll) refers to trigger.o(i.Trigger_run) for Trigger_run
    scope.o(i.Scope_setAnnounceAddresses) refers to addressstorage.o(i.AddressStorage_setAnnounceAddress) for AddressStorage_setAnnounceAddress
    scope.o(i.Scope_setChannelRunning) refers to channel.o(i.Channel_setStateRunning) for Channel_setStateRunning
    scope.o(i.Scope_setChannelStopped) refers to channel.o(i.Channel_setStateStopped) for Channel_setStateStopped
    scope.o(i.Scope_transmitData) refers to sender.o(i.Sender_scopeData) for Sender_scopeData
    scope.o(i.Scope_transmitData) refers to sender.o(i.Sender_transmit) for Sender_transmit
    scope.o(i.Scope_transmitData) refers to trigger.o(i.Trigger_release) for Trigger_release
    scope.o(i.fetchCommands) refers to commandfactory.o(i.CommandFactory_getICommand) for CommandFactory_getICommand
    scope.o(i.getTimestamp) refers to intringbuffer.o(i.IntRingBuffer_getIntStream) for IntRingBuffer_getIntStream
    scope.o(i.iScopeAnnounce) refers to scope.o(i.Scope_announceAddresses) for Scope_announceAddresses
    scope.o(i.iScopeClear) refers to scope.o(i.Scope_clear) for Scope_clear
    scope.o(i.iScopePoll) refers to scope.o(i.Scope_poll) for Scope_poll
    scope.o(i.iScopeSetTimeIncrement) refers to scope.o(i.Scope_configureTimestampIncrement) for Scope_configureTimestampIncrement
    scope.o(i.iScopeTransmit) refers to sender.o(i.Sender_scopeData) for Sender_scopeData
    scope.o(i.iScopeTransmit) refers to sender.o(i.Sender_transmit) for Sender_transmit
    scope.o(.data) refers to scope.o(.conststring) for .conststring
    trigger.o(i.Trigger_configure) refers to rt_memcpy_w.o(.text) for __aeabi_memcpy4
    trigger.o(i.Trigger_configure) refers to trigger.o(i.configSanityCheck) for configSanityCheck
    trigger.o(i.Trigger_configure) refers to trigger.o(i.writeConfig) for writeConfig
    trigger.o(i.Trigger_create) refers to h1_alloc.o(.text) for malloc
    trigger.o(i.Trigger_create) refers to trigger.o(i.triggerContinuous) for triggerContinuous
    trigger.o(i.Trigger_create) refers to trigger.o(i.triggerNormal) for triggerNormal
    trigger.o(i.Trigger_create) refers to trigger.o(i.triggerOneShot) for triggerOneShot
    trigger.o(i.Trigger_destroy) refers to h1_free.o(.text) for free
    trigger.o(i.triggerNormal) refers to trigger.o(i.getTriggerData) for getTriggerData
    trigger.o(i.triggerNormal) refers to trigger.o(i.checkCurrentData) for checkCurrentData
    trigger.o(i.writeConfig) refers to rt_memcpy_w.o(.text) for __aeabi_memcpy4
    trigger.o(i.writeConfig) refers to trigger.o(i.getTriggerStrategy) for getTriggerStrategy
    trigger.o(.data) refers to trigger.o(.conststring) for .conststring
    objectc.o(i.msgpack_object_bin_print) refers to _printf_pad.o(.text) for _printf_pre_padding
    objectc.o(i.msgpack_object_bin_print) refers to _printf_percent.o(.ARM.Collect$$_printf_percent$$00000000) for _printf_percent
    objectc.o(i.msgpack_object_bin_print) refers to _printf_x.o(.ARM.Collect$$_printf_percent$$0000000C) for _printf_x
    objectc.o(i.msgpack_object_bin_print) refers to _printf_hex_int.o(.text) for _printf_longlong_hex
    objectc.o(i.msgpack_object_bin_print) refers to fputs.o(.text) for fputs
    objectc.o(i.msgpack_object_bin_print) refers to rt_ctype_table.o(.text) for __rt_ctype_table
    objectc.o(i.msgpack_object_bin_print) refers to fputc.o(i.fputc) for fputc
    objectc.o(i.msgpack_object_bin_print) refers to __2fprintf.o(.text) for __2fprintf
    objectc.o(i.msgpack_object_bin_print_buffer) refers to _printf_pad.o(.text) for _printf_pre_padding
    objectc.o(i.msgpack_object_bin_print_buffer) refers to _printf_percent.o(.ARM.Collect$$_printf_percent$$00000000) for _printf_percent
    objectc.o(i.msgpack_object_bin_print_buffer) refers to _printf_x.o(.ARM.Collect$$_printf_percent$$0000000C) for _printf_x
    objectc.o(i.msgpack_object_bin_print_buffer) refers to _printf_hex_int.o(.text) for _printf_longlong_hex
    objectc.o(i.msgpack_object_bin_print_buffer) refers to __2snprintf.o(.text) for __2snprintf
    objectc.o(i.msgpack_object_bin_print_buffer) refers to rt_ctype_table.o(.text) for __rt_ctype_table
    objectc.o(i.msgpack_object_equal) refers to deqf.o(x$fpl$deqf) for __aeabi_cdcmpeq
    objectc.o(i.msgpack_object_equal) refers to memcmp.o(.text) for memcmp
    objectc.o(i.msgpack_object_equal) refers to rt_memcpy_w.o(.text) for __aeabi_memcpy4
    objectc.o(i.msgpack_object_print) refers to _printf_percent.o(.ARM.Collect$$_printf_percent$$00000000) for _printf_percent
    objectc.o(i.msgpack_object_print) refers to _printf_llu.o(.ARM.Collect$$_printf_percent$$0000000F) for _printf_llu
    objectc.o(i.msgpack_object_print) refers to _printf_longlong_dec.o(.text) for _printf_longlong_dec
    objectc.o(i.msgpack_object_print) refers to _printf_lli.o(.ARM.Collect$$_printf_percent$$0000000D) for _printf_lli
    objectc.o(i.msgpack_object_print) refers to _printf_f.o(.ARM.Collect$$_printf_percent$$00000003) for _printf_f
    objectc.o(i.msgpack_object_print) refers to printf1.o(x$fpl$printf1) for _printf_fp_dec
    objectc.o(i.msgpack_object_print) refers to _printf_i.o(.ARM.Collect$$_printf_percent$$00000008) for _printf_i
    objectc.o(i.msgpack_object_print) refers to _printf_dec.o(.text) for _printf_int_dec
    objectc.o(i.msgpack_object_print) refers to __2fprintf.o(.text) for __2fprintf
    objectc.o(i.msgpack_object_print) refers to fwritefast.o(.text) for fwrite
    objectc.o(i.msgpack_object_print) refers to objectc.o(i.msgpack_object_bin_print) for msgpack_object_bin_print
    objectc.o(i.msgpack_object_print_buffer) refers to _printf_percent.o(.ARM.Collect$$_printf_percent$$00000000) for _printf_percent
    objectc.o(i.msgpack_object_print_buffer) refers to _printf_llu.o(.ARM.Collect$$_printf_percent$$0000000F) for _printf_llu
    objectc.o(i.msgpack_object_print_buffer) refers to _printf_longlong_dec.o(.text) for _printf_longlong_dec
    objectc.o(i.msgpack_object_print_buffer) refers to _printf_lli.o(.ARM.Collect$$_printf_percent$$0000000D) for _printf_lli
    objectc.o(i.msgpack_object_print_buffer) refers to _printf_f.o(.ARM.Collect$$_printf_percent$$00000003) for _printf_f
    objectc.o(i.msgpack_object_print_buffer) refers to printf1.o(x$fpl$printf1) for _printf_fp_dec
    objectc.o(i.msgpack_object_print_buffer) refers to _printf_s.o(.ARM.Collect$$_printf_percent$$00000014) for _printf_s
    objectc.o(i.msgpack_object_print_buffer) refers to _printf_str.o(.text) for _printf_str
    objectc.o(i.msgpack_object_print_buffer) refers to _printf_i.o(.ARM.Collect$$_printf_percent$$00000008) for _printf_i
    objectc.o(i.msgpack_object_print_buffer) refers to _printf_dec.o(.text) for _printf_int_dec
    objectc.o(i.msgpack_object_print_buffer) refers to __2snprintf.o(.text) for __2snprintf
    objectc.o(i.msgpack_object_print_buffer) refers to objectc.o(i.msgpack_object_bin_print_buffer) for msgpack_object_bin_print_buffer
    objectc.o(i.msgpack_pack_object) refers to objectc.o(i.msgpack_pack_uint64) for msgpack_pack_uint64
    objectc.o(i.msgpack_pack_object) refers to objectc.o(i.msgpack_pack_int64) for msgpack_pack_int64
    objectc.o(i.msgpack_pack_object) refers to d2f.o(x$fpl$d2f) for __aeabi_d2f
    objectc.o(i.msgpack_pack_object) refers to objectc.o(i.msgpack_pack_double) for msgpack_pack_double
    objectc.o(i.msgpack_pack_object) refers to objectc.o(i.msgpack_pack_str) for msgpack_pack_str
    objectc.o(i.msgpack_pack_object) refers to objectc.o(i.msgpack_pack_bin) for msgpack_pack_bin
    objectc.o(i.msgpack_pack_object) refers to objectc.o(i.msgpack_pack_ext) for msgpack_pack_ext
    objectc.o(i.msgpack_pack_object) refers to objectc.o(i.msgpack_pack_array) for msgpack_pack_array
    objectc.o(i.msgpack_pack_object) refers to objectc.o(i.msgpack_pack_map) for msgpack_pack_map
    objectc.o(i.msgpack_pack_object) refers to objectc.o(.constdata) for d
    unpack.o(i.decr_count) refers to arm_sync_4.o(.text) for __sync_sub_and_fetch_4
    unpack.o(i.decr_count) refers to h1_free.o(.text) for free
    unpack.o(i.msgpack_unpack) refers to unpack.o(i.template_init) for template_init
    unpack.o(i.msgpack_unpack) refers to unpack.o(i.template_execute) for template_execute
    unpack.o(i.msgpack_unpack) refers to unpack.o(i.template_data) for template_data
    unpack.o(i.msgpack_unpack) refers to rt_memcpy_w.o(.text) for __aeabi_memcpy4
    unpack.o(i.msgpack_unpack_next) refers to unpack.o(i.msgpack_unpacked_destroy) for msgpack_unpacked_destroy
    unpack.o(i.msgpack_unpack_next) refers to zone.o(i.msgpack_zone_new) for msgpack_zone_new
    unpack.o(i.msgpack_unpack_next) refers to unpack.o(i.template_init) for template_init
    unpack.o(i.msgpack_unpack_next) refers to unpack.o(i.template_execute) for template_execute
    unpack.o(i.msgpack_unpack_next) refers to zone.o(i.msgpack_zone_free) for msgpack_zone_free
    unpack.o(i.msgpack_unpack_next) refers to unpack.o(i.template_data) for template_data
    unpack.o(i.msgpack_unpack_next) refers to rt_memcpy_w.o(.text) for __aeabi_memcpy4
    unpack.o(i.msgpack_unpacked_destroy) refers to zone.o(i.msgpack_zone_free) for msgpack_zone_free
    unpack.o(i.msgpack_unpacked_destroy) refers to rt_memclr_w.o(.text) for __aeabi_memclr4
    unpack.o(i.msgpack_unpacker_data) refers to unpack.o(i.template_data) for template_data
    unpack.o(i.msgpack_unpacker_destroy) refers to zone.o(i.msgpack_zone_free) for msgpack_zone_free
    unpack.o(i.msgpack_unpacker_destroy) refers to h1_free.o(.text) for free
    unpack.o(i.msgpack_unpacker_destroy) refers to unpack.o(i.decr_count) for decr_count
    unpack.o(i.msgpack_unpacker_execute) refers to unpack.o(i.template_execute) for template_execute
    unpack.o(i.msgpack_unpacker_expand_buffer) refers to h1_realloc.o(.text) for realloc
    unpack.o(i.msgpack_unpacker_expand_buffer) refers to h1_alloc.o(.text) for malloc
    unpack.o(i.msgpack_unpacker_expand_buffer) refers to rt_memcpy_v6.o(.text) for __aeabi_memcpy
    unpack.o(i.msgpack_unpacker_expand_buffer) refers to unpack.o(i.msgpack_zone_push_finalizer) for msgpack_zone_push_finalizer
    unpack.o(i.msgpack_unpacker_expand_buffer) refers to h1_free.o(.text) for free
    unpack.o(i.msgpack_unpacker_expand_buffer) refers to unpack.o(i.decr_count) for decr_count
    unpack.o(i.msgpack_unpacker_flush_zone) refers to unpack.o(i.msgpack_zone_push_finalizer) for msgpack_zone_push_finalizer
    unpack.o(i.msgpack_unpacker_flush_zone) refers to arm_sync_4.o(.text) for __sync_add_and_fetch_4
    unpack.o(i.msgpack_unpacker_flush_zone) refers to unpack.o(i.decr_count) for decr_count
    unpack.o(i.msgpack_unpacker_free) refers to unpack.o(i.msgpack_unpacker_destroy) for msgpack_unpacker_destroy
    unpack.o(i.msgpack_unpacker_free) refers to h1_free.o(.text) for free
    unpack.o(i.msgpack_unpacker_init) refers to h1_alloc.o(.text) for malloc
    unpack.o(i.msgpack_unpacker_init) refers to h1_free.o(.text) for free
    unpack.o(i.msgpack_unpacker_init) refers to zone.o(i.msgpack_zone_new) for msgpack_zone_new
    unpack.o(i.msgpack_unpacker_init) refers to unpack.o(i.init_count) for init_count
    unpack.o(i.msgpack_unpacker_init) refers to unpack.o(i.template_init) for template_init
    unpack.o(i.msgpack_unpacker_new) refers to h1_alloc.o(.text) for malloc
    unpack.o(i.msgpack_unpacker_new) refers to unpack.o(i.msgpack_unpacker_init) for msgpack_unpacker_init
    unpack.o(i.msgpack_unpacker_new) refers to h1_free.o(.text) for free
    unpack.o(i.msgpack_unpacker_next) refers to unpack.o(i.unpacker_next) for unpacker_next
    unpack.o(i.msgpack_unpacker_next) refers to unpack.o(i.msgpack_unpacker_reset) for msgpack_unpacker_reset
    unpack.o(i.msgpack_unpacker_next_with_size) refers to unpack.o(i.unpacker_next) for unpacker_next
    unpack.o(i.msgpack_unpacker_next_with_size) refers to unpack.o(i.msgpack_unpacker_reset) for msgpack_unpacker_reset
    unpack.o(i.msgpack_unpacker_release_zone) refers to unpack.o(i.msgpack_unpacker_flush_zone) for msgpack_unpacker_flush_zone
    unpack.o(i.msgpack_unpacker_release_zone) refers to zone.o(i.msgpack_zone_new) for msgpack_zone_new
    unpack.o(i.msgpack_unpacker_reset) refers to unpack.o(i.template_init) for template_init
    unpack.o(i.msgpack_unpacker_reset_zone) refers to zone.o(i.msgpack_zone_clear) for msgpack_zone_clear
    unpack.o(i.msgpack_zone_malloc) refers to zone.o(i.msgpack_zone_malloc_expand) for msgpack_zone_malloc_expand
    unpack.o(i.msgpack_zone_push_finalizer) refers to zone.o(i.msgpack_zone_push_finalizer_expand) for msgpack_zone_push_finalizer_expand
    unpack.o(i.template_callback_array) refers to unpack.o(i.msgpack_zone_malloc) for msgpack_zone_malloc
    unpack.o(i.template_callback_map) refers to unpack.o(i.msgpack_zone_malloc) for msgpack_zone_malloc
    unpack.o(i.template_data) refers to rt_memcpy_w.o(.text) for __aeabi_memcpy4
    unpack.o(i.template_execute) refers to assert.o(.text) for __aeabi_assert
    unpack.o(i.template_execute) refers to unpack.o(i.template_callback_uint8) for template_callback_uint8
    unpack.o(i.template_execute) refers to unpack.o(i.template_callback_int8) for template_callback_int8
    unpack.o(i.template_execute) refers to unpack.o(i.template_callback_array) for template_callback_array
    unpack.o(i.template_execute) refers to rt_memcpy_w.o(.text) for __aeabi_memcpy4
    unpack.o(i.template_execute) refers to unpack.o(i.template_callback_map) for template_callback_map
    unpack.o(i.template_execute) refers to f2d.o(x$fpl$f2d) for __aeabi_f2d
    unpack.o(i.template_init) refers to rt_memcpy_w.o(.text) for __aeabi_memcpy4
    unpack.o(i.unpacker_next) refers to unpack.o(i.msgpack_unpacked_destroy) for msgpack_unpacked_destroy
    unpack.o(i.unpacker_next) refers to unpack.o(i.msgpack_unpacker_execute) for msgpack_unpacker_execute
    unpack.o(i.unpacker_next) refers to rt_memclr_w.o(.text) for __aeabi_memclr4
    unpack.o(i.unpacker_next) refers to unpack.o(i.msgpack_unpacker_release_zone) for msgpack_unpacker_release_zone
    unpack.o(i.unpacker_next) refers to unpack.o(i.msgpack_unpacker_data) for msgpack_unpacker_data
    unpack.o(i.unpacker_next) refers to rt_memcpy_w.o(.text) for __aeabi_memcpy4
    vrefbuffer.o(i.msgpack_vrefbuffer_append_copy) refers to h1_alloc.o(.text) for malloc
    vrefbuffer.o(i.msgpack_vrefbuffer_append_copy) refers to rt_memcpy_v6.o(.text) for __aeabi_memcpy
    vrefbuffer.o(i.msgpack_vrefbuffer_append_copy) refers to vrefbuffer.o(i.msgpack_vrefbuffer_append_ref) for msgpack_vrefbuffer_append_ref
    vrefbuffer.o(i.msgpack_vrefbuffer_append_ref) refers to h1_realloc.o(.text) for realloc
    vrefbuffer.o(i.msgpack_vrefbuffer_clear) refers to h1_free.o(.text) for free
    vrefbuffer.o(i.msgpack_vrefbuffer_destroy) refers to h1_free.o(.text) for free
    vrefbuffer.o(i.msgpack_vrefbuffer_init) refers to h1_alloc.o(.text) for malloc
    vrefbuffer.o(i.msgpack_vrefbuffer_init) refers to h1_free.o(.text) for free
    vrefbuffer.o(i.msgpack_vrefbuffer_migrate) refers to h1_alloc.o(.text) for malloc
    vrefbuffer.o(i.msgpack_vrefbuffer_migrate) refers to h1_realloc.o(.text) for realloc
    vrefbuffer.o(i.msgpack_vrefbuffer_migrate) refers to h1_free.o(.text) for free
    vrefbuffer.o(i.msgpack_vrefbuffer_migrate) refers to rt_memcpy_w.o(.text) for __aeabi_memcpy4
    zone.o(i.init_chunk_list) refers to h1_alloc.o(.text) for malloc
    zone.o(i.msgpack_zone_clear) refers to zone.o(i.call_finalizer_array) for call_finalizer_array
    zone.o(i.msgpack_zone_clear) refers to h1_free.o(.text) for free
    zone.o(i.msgpack_zone_destroy) refers to zone.o(i.call_finalizer_array) for call_finalizer_array
    zone.o(i.msgpack_zone_destroy) refers to h1_free.o(.text) for free
    zone.o(i.msgpack_zone_free) refers to zone.o(i.msgpack_zone_destroy) for msgpack_zone_destroy
    zone.o(i.msgpack_zone_free) refers to h1_free.o(.text) for free
    zone.o(i.msgpack_zone_init) refers to zone.o(i.init_chunk_list) for init_chunk_list
    zone.o(i.msgpack_zone_init) refers to zone.o(i.init_finalizer_array) for init_finalizer_array
    zone.o(i.msgpack_zone_malloc_expand) refers to h1_alloc.o(.text) for malloc
    zone.o(i.msgpack_zone_new) refers to h1_alloc.o(.text) for malloc
    zone.o(i.msgpack_zone_new) refers to zone.o(i.init_chunk_list) for init_chunk_list
    zone.o(i.msgpack_zone_new) refers to h1_free.o(.text) for free
    zone.o(i.msgpack_zone_new) refers to zone.o(i.init_finalizer_array) for init_finalizer_array
    zone.o(i.msgpack_zone_push_finalizer_expand) refers to h1_realloc.o(.text) for realloc
    rt_ctype_table.o(.text) refers to rt_locale.o(.text) for __rt_locale
    rt_ctype_table.o(.text) refers to lc_ctype_c.o(locale$$code) for _get_lc_ctype
    malloc.o(.text) refers (Special) to hguard.o(.text) for __heap$guard
    malloc.o(.text) refers (Special) to init_alloc.o(.text) for _init_alloc
    malloc.o(.text) refers to rt_heap_descriptor.o(.text) for __rt_heap_descriptor
    malloc.o(.text) refers to heapstubs.o(.text) for __Heap_Alloc
    free.o(.text) refers (Special) to hguard.o(.text) for __heap$guard
    free.o(.text) refers to rt_heap_descriptor.o(.text) for __rt_heap_descriptor
    free.o(.text) refers to heapstubs.o(.text) for __Heap_Free
    realloc.o(.text) refers (Special) to hguard.o(.text) for __heap$guard
    realloc.o(.text) refers to rt_heap_descriptor.o(.text) for __rt_heap_descriptor
    realloc.o(.text) refers to heapstubs.o(.text) for __Heap_Realloc
    realloc.o(.text) refers to h1_free.o(.text) for free
    realloc.o(.text) refers to h1_alloc.o(.text) for malloc
    h1_alloc.o(.text) refers (Special) to h1_init.o(.text) for __Heap_Initialize
    h1_alloc.o(.text) refers to rt_heap_descriptor.o(.text) for __rt_heap_descriptor
    h1_alloc.o(.text) refers to init_alloc.o(.text) for __Heap_Full
    h1_free.o(.text) refers to rt_heap_descriptor.o(.text) for __rt_heap_descriptor
    h1_realloc.o(.text) refers to rt_heap_descriptor.o(.text) for __rt_heap_descriptor
    h1_realloc.o(.text) refers to h1_free.o(.text) for free
    h1_realloc.o(.text) refers to h1_alloc.o(.text) for malloc
    h1_realloc.o(.text) refers to rt_memcpy_w.o(.text) for __aeabi_memcpy4
    h1_alloc_mt.o(.text) refers (Special) to h1_init.o(.text) for __Heap_Initialize
    h1_alloc_mt.o(.text) refers to init_alloc.o(.text) for __Heap_Full
    h1_alloc_mt.o(.text) refers to rt_heap_descriptor.o(.text) for __rt_heap_descriptor
    h1_free_mt.o(.text) refers to rt_heap_descriptor.o(.text) for __rt_heap_descriptor
    h1_realloc_mt.o(.text) refers to rt_heap_descriptor.o(.text) for __rt_heap_descriptor
    h1_realloc_mt.o(.text) refers to h1_free_mt.o(.text) for _free_internal
    h1_realloc_mt.o(.text) refers to h1_free.o(.text) for free
    h1_realloc_mt.o(.text) refers to h1_alloc.o(.text) for malloc
    h1_realloc_mt.o(.text) refers to h1_alloc_mt.o(.text) for _malloc_internal
    h1_realloc_mt.o(.text) refers to rt_memcpy_w.o(.text) for __aeabi_memcpy4
    heap2.o(i._FDIterate) refers to heap2.o(.conststring) for .conststring
    heap2.o(i.___Heap_ProvideMemory$realtime) refers to fdtree.o(i._FDTree_Delete) for _FDTree_Delete
    heap2.o(i.___Heap_ProvideMemory$realtime) refers to fdtree.o(i._FDTree_Insert) for _FDTree_Insert
    heap2.o(i.___Heap_Stats$realtime) refers to heap2.o(i._Heap2_StatsIterate) for _Heap2_StatsIterate
    heap2.o(i.___Heap_Valid$realtime) refers to heap2.o(i._FDIterate) for _FDIterate
    heap2.o(i.___Heap_Valid$realtime) refers to heap2.o(.conststring) for .conststring
    heap2.o(i._free$realtime) refers to rt_heap_descriptor.o(.text) for __rt_heap_descriptor
    heap2.o(i._free$realtime) refers to fdtree.o(i._FDTree_Delete) for _FDTree_Delete
    heap2.o(i._free$realtime) refers to fdtree.o(i._FDTree_Insert) for _FDTree_Insert
    heap2.o(i._malloc$realtime) refers to rt_heap_descriptor.o(.text) for __rt_heap_descriptor
    heap2.o(i._malloc$realtime) refers to fdtree.o(i._FDTree_FindFirst) for _FDTree_FindFirst
    heap2.o(i._malloc$realtime) refers to init_alloc.o(.text) for __Heap_Full
    heap2.o(i._malloc$realtime) refers to fdtree.o(i._FDTree_RemoveNode) for _FDTree_RemoveNode
    heap2.o(i._malloc$realtime) refers to fdtree.o(i._FDTree_Insert) for _FDTree_Insert
    heap2.o(i._posix_memalign$realtime) refers to rt_heap_descriptor.o(.text) for __rt_heap_descriptor
    heap2.o(i._posix_memalign$realtime) refers to fdtree.o(i._FDTree_FindFirst) for _FDTree_FindFirst
    heap2.o(i._posix_memalign$realtime) refers to init_alloc.o(.text) for __Heap_Full
    heap2.o(i._posix_memalign$realtime) refers to fdtree.o(i._FDTree_RemoveNode) for _FDTree_RemoveNode
    heap2.o(i._posix_memalign$realtime) refers to fdtree.o(i._FDTree_Insert) for _FDTree_Insert
    heap2.o(i._realloc$realtime) refers to rt_heap_descriptor.o(.text) for __rt_heap_descriptor
    heap2.o(i._realloc$realtime) refers to fdtree.o(i._FDTree_Insert) for _FDTree_Insert
    heap2.o(i._realloc$realtime) refers to h1_free.o(.text) for free
    heap2.o(i._realloc$realtime) refers to h1_alloc.o(.text) for malloc
    heap2.o(i._realloc$realtime) refers to fdtree.o(i._FDTree_Delete) for _FDTree_Delete
    heap2.o(i._realloc$realtime) refers to rt_memcpy_w.o(.text) for __aeabi_memcpy4
    heap2mt.o(i._FDIterate) refers to heap2mt.o(.conststring) for .conststring
    heap2mt.o(i.___Heap_Initialize$realtime$concurrent) refers to mutex_dummy.o(.text) for _mutex_initialize
    heap2mt.o(i.___Heap_ProvideMemory$realtime$concurrent) refers to fdtree.o(i._FDTree_Delete) for _FDTree_Delete
    heap2mt.o(i.___Heap_ProvideMemory$realtime$concurrent) refers to fdtree.o(i._FDTree_Insert) for _FDTree_Insert
    heap2mt.o(i.___Heap_Stats$realtime$concurrent) refers to heap2mt.o(i._Heap2_StatsIterate) for _Heap2_StatsIterate
    heap2mt.o(i.___Heap_Valid$realtime$concurrent) refers to heap2mt.o(i._FDIterate) for _FDIterate
    heap2mt.o(i.___Heap_Valid$realtime$concurrent) refers to heap2mt.o(.conststring) for .conststring
    heap2mt.o(i._free$realtime$concurrent) refers to rt_heap_descriptor.o(.text) for __rt_heap_descriptor
    heap2mt.o(i._free$realtime$concurrent) refers to fdtree.o(i._FDTree_Delete) for _FDTree_Delete
    heap2mt.o(i._free$realtime$concurrent) refers to fdtree.o(i._FDTree_Insert) for _FDTree_Insert
    heap2mt.o(i._malloc$realtime$concurrent) refers to rt_heap_descriptor.o(.text) for __rt_heap_descriptor
    heap2mt.o(i._malloc$realtime$concurrent) refers to fdtree.o(i._FDTree_FindFirst) for _FDTree_FindFirst
    heap2mt.o(i._malloc$realtime$concurrent) refers to init_alloc.o(.text) for __Heap_Full
    heap2mt.o(i._malloc$realtime$concurrent) refers to fdtree.o(i._FDTree_RemoveNode) for _FDTree_RemoveNode
    heap2mt.o(i._malloc$realtime$concurrent) refers to fdtree.o(i._FDTree_Insert) for _FDTree_Insert
    heap2mt.o(i._posix_memalign$realtime$concurrent) refers to rt_heap_descriptor.o(.text) for __rt_heap_descriptor
    heap2mt.o(i._posix_memalign$realtime$concurrent) refers to fdtree.o(i._FDTree_FindFirst) for _FDTree_FindFirst
    heap2mt.o(i._posix_memalign$realtime$concurrent) refers to init_alloc.o(.text) for __Heap_Full
    heap2mt.o(i._posix_memalign$realtime$concurrent) refers to fdtree.o(i._FDTree_RemoveNode) for _FDTree_RemoveNode
    heap2mt.o(i._posix_memalign$realtime$concurrent) refers to fdtree.o(i._FDTree_Insert) for _FDTree_Insert
    heap2mt.o(i._realloc$realtime$concurrent) refers to rt_heap_descriptor.o(.text) for __rt_heap_descriptor
    heap2mt.o(i._realloc$realtime$concurrent) refers to fdtree.o(i._FDTree_Insert) for _FDTree_Insert
    heap2mt.o(i._realloc$realtime$concurrent) refers to h1_free.o(.text) for free
    heap2mt.o(i._realloc$realtime$concurrent) refers to h1_alloc.o(.text) for malloc
    heap2mt.o(i._realloc$realtime$concurrent) refers to fdtree.o(i._FDTree_Delete) for _FDTree_Delete
    heap2mt.o(i._realloc$realtime$concurrent) refers to rt_memcpy_w.o(.text) for __aeabi_memcpy4
    __2printf.o(.text) refers to _printf_char_file.o(.text) for _printf_char_file
    __2printf.o(.text) refers to stdio_streams.o(.bss) for __stdout
    __2fprintf.o(.text) refers to _printf_char_file.o(.text) for _printf_char_file
    __2sprintf.o(.text) refers to _printf_char_common.o(.text) for _printf_char_common
    __2sprintf.o(.text) refers to _sputc.o(.text) for _sputc
    __2snprintf.o(.text) refers to _printf_char_common.o(.text) for _printf_char_common
    __2snprintf.o(.text) refers to _sputc.o(.text) for _sputc
    __2snprintf.o(.text) refers to _snputc.o(.text) for _snputc
    noretval__2printf.o(.text) refers to _printf_char_file.o(.text) for _printf_char_file
    noretval__2printf.o(.text) refers to stdio_streams.o(.bss) for __stdout
    noretval__2fprintf.o(.text) refers to _printf_char_file.o(.text) for _printf_char_file
    noretval__2sprintf.o(.text) refers to _printf_char_common.o(.text) for _printf_char_common
    noretval__2sprintf.o(.text) refers to _sputc.o(.text) for _sputc
    noretval__2snprintf.o(.text) refers to _printf_char_common.o(.text) for _printf_char_common
    noretval__2snprintf.o(.text) refers to _sputc.o(.text) for _sputc
    noretval__2snprintf.o(.text) refers to _snputc.o(.text) for _snputc
    __printf.o(.text) refers to _printf_percent.o(.ARM.Collect$$_printf_percent$$00000000) for _printf_percent
    _printf_str.o(.text) refers (Special) to _printf_char.o(.text) for _printf_cs_common
    _printf_str.o(.text) refers (Weak) to _printf_pad.o(.text) for _printf_pre_padding
    _printf_str.o(.text) refers (Weak) to _printf_pad.o(.text) for _printf_post_padding
    _printf_dec.o(.text) refers to _printf_intcommon.o(.text) for _printf_int_common
    _printf_longlong_dec.o(.text) refers to lludiv10.o(.text) for _ll_udiv10
    _printf_longlong_dec.o(.text) refers to _printf_intcommon.o(.text) for _printf_int_common
    _printf_hex_ll.o(.text) refers to _printf_intcommon.o(.text) for _printf_int_common
    _printf_hex_ll.o(.text) refers to _printf_hex_ll.o(.constdata) for .constdata
    _printf_hex_int.o(.text) refers to _printf_intcommon.o(.text) for _printf_int_common
    _printf_hex_int.o(.text) refers to _printf_hex_int.o(.constdata) for .constdata
    _printf_hex_int_ll.o(.text) refers to _printf_intcommon.o(.text) for _printf_int_common
    _printf_hex_int_ll.o(.text) refers to _printf_hex_int_ll.o(.constdata) for .constdata
    _printf_hex_ptr.o(.text) refers to _printf_intcommon.o(.text) for _printf_int_common
    _printf_hex_ptr.o(.text) refers to _printf_hex_ptr.o(.constdata) for .constdata
    _printf_hex_int_ptr.o(.text) refers to _printf_intcommon.o(.text) for _printf_int_common
    _printf_hex_int_ptr.o(.text) refers to _printf_hex_int_ptr.o(.constdata) for .constdata
    _printf_hex_ll_ptr.o(.text) refers to _printf_intcommon.o(.text) for _printf_int_common
    _printf_hex_ll_ptr.o(.text) refers to _printf_hex_ll_ptr.o(.constdata) for .constdata
    _printf_hex_int_ll_ptr.o(.text) refers to _printf_intcommon.o(.text) for _printf_int_common
    _printf_hex_int_ll_ptr.o(.text) refers to _printf_hex_int_ll_ptr.o(.constdata) for .constdata
    __printf_flags.o(.text) refers to _printf_percent.o(.ARM.Collect$$_printf_percent$$00000000) for _printf_percent
    __printf_flags.o(.text) refers to __printf_flags.o(.constdata) for .constdata
    __printf_ss.o(.text) refers to _printf_percent.o(.ARM.Collect$$_printf_percent$$00000000) for _printf_percent
    __printf_flags_ss.o(.text) refers to _printf_percent.o(.ARM.Collect$$_printf_percent$$00000000) for _printf_percent
    __printf_flags_ss.o(.text) refers to __printf_flags_ss.o(.constdata) for .constdata
    __printf_wp.o(.text) refers to __printf_wp.o(i._is_digit) for _is_digit
    __printf_wp.o(.text) refers to _printf_percent.o(.ARM.Collect$$_printf_percent$$00000000) for _printf_percent
    __printf_flags_wp.o(.text) refers to __printf_wp.o(i._is_digit) for _is_digit
    __printf_flags_wp.o(.text) refers to _printf_percent.o(.ARM.Collect$$_printf_percent$$00000000) for _printf_percent
    __printf_flags_wp.o(.text) refers to __printf_flags_wp.o(.constdata) for .constdata
    __printf_ss_wp.o(.text) refers to __printf_wp.o(i._is_digit) for _is_digit
    __printf_ss_wp.o(.text) refers to _printf_percent.o(.ARM.Collect$$_printf_percent$$00000000) for _printf_percent
    __printf_flags_ss_wp.o(.text) refers to __printf_wp.o(i._is_digit) for _is_digit
    __printf_flags_ss_wp.o(.text) refers to _printf_percent.o(.ARM.Collect$$_printf_percent$$00000000) for _printf_percent
    __printf_flags_ss_wp.o(.text) refers to __printf_flags_ss_wp.o(.constdata) for .constdata
    _printf_s.o(.ARM.Collect$$_printf_percent$$00000014) refers (Weak) to _printf_char.o(.text) for _printf_string
    _printf_x.o(.ARM.Collect$$_printf_percent$$0000000C) refers (Weak) to _printf_hex_int.o(.text) for _printf_int_hex
    _printf_i.o(.ARM.Collect$$_printf_percent$$00000008) refers (Weak) to _printf_dec.o(.text) for _printf_int_dec
    _printf_u.o(.ARM.Collect$$_printf_percent$$0000000A) refers (Weak) to _printf_dec.o(.text) for _printf_int_dec
    _printf_f.o(.ARM.Collect$$_printf_percent$$00000003) refers (Weak) to printf1.o(x$fpl$printf1) for _printf_fp_dec
    _printf_percent.o(.ARM.Collect$$_printf_percent$$00000000) refers (Special) to _printf_percent_end.o(.ARM.Collect$$_printf_percent$$00000017) for _printf_percent_end
    _printf_lli.o(.ARM.Collect$$_printf_percent$$0000000D) refers (Special) to _printf_ll.o(.ARM.Collect$$_printf_percent$$00000007) for _printf_ll
    _printf_lli.o(.ARM.Collect$$_printf_percent$$0000000D) refers (Weak) to _printf_longlong_dec.o(.text) for _printf_longlong_dec
    _printf_llu.o(.ARM.Collect$$_printf_percent$$0000000F) refers (Special) to _printf_ll.o(.ARM.Collect$$_printf_percent$$00000007) for _printf_ll
    _printf_llu.o(.ARM.Collect$$_printf_percent$$0000000F) refers (Weak) to _printf_longlong_dec.o(.text) for _printf_longlong_dec
    atoi.o(.text) refers to rt_errno_addr.o(.text) for __aeabi_errno_addr
    atoi.o(.text) refers to strtol.o(.text) for strtol
    fputc.o(i.fputc) refers to flsbuf.o(.text) for __flsbuf_byte
    fputs.o(.text) refers to fputc.o(i.fputc) for fputc
    fwrite.o(.text) refers to fputc.o(i.fputc) for fputc
    assert.o(.text) refers to assert_stdio.o(.text) for __assert_puts
    assert.o(.text) refers to abort.o(.text) for abort
    rt_memcpy_v6.o(.text) refers to rt_memcpy_w.o(.text) for __aeabi_memcpy4
    strncpy.o(.text) refers to rt_memclr.o(.text) for __aeabi_memclr
    d2f.o(x$fpl$d2f) refers (Special) to usenofp.o(x$fpl$usenofp) for __I$use$fp
    d2f.o(x$fpl$d2f) refers to fretinf.o(x$fpl$fretinf) for __fpl_fretinf
    d2f.o(x$fpl$d2f) refers to dnaninf.o(x$fpl$dnaninf) for __fpl_dnaninf
    deqf.o(x$fpl$deqf) refers (Special) to usenofp.o(x$fpl$usenofp) for __I$use$fp
    deqf.o(x$fpl$deqf) refers to dnaninf.o(x$fpl$dnaninf) for __fpl_dnaninf
    deqf.o(x$fpl$deqf) refers to dcmpi.o(x$fpl$dcmpinf) for __fpl_dcmp_Inf
    f2d.o(x$fpl$f2d) refers (Special) to usenofp.o(x$fpl$usenofp) for __I$use$fp
    f2d.o(x$fpl$f2d) refers to fnaninf.o(x$fpl$fnaninf) for __fpl_fnaninf
    f2d.o(x$fpl$f2d) refers to dretinf.o(x$fpl$dretinf) for __fpl_dretinf
    printf1.o(x$fpl$printf1) refers to _printf_fp_dec.o(.text) for _printf_fp_dec_real
    rt_heap_descriptor.o(.text) refers to rt_heap_descriptor.o(.bss) for __rt_heap_descriptor_data
    rt_heap_descriptor_intlibspace.o(.text) refers to libspace.o(.bss) for __libspace_start
    rt_locale.o(.text) refers to rt_locale.o(.bss) for __rt_locale_data
    rt_locale_intlibspace.o(.text) refers to libspace.o(.bss) for __libspace_start
    rt_errno_addr.o(.text) refers to rt_errno_addr.o(.bss) for __aeabi_errno_addr_data
    rt_errno_addr_intlibspace.o(.text) refers to libspace.o(.bss) for __libspace_start
    init_alloc.o(.text) refers (Special) to hguard.o(.text) for __heap$guard
    init_alloc.o(.text) refers (Special) to libinit2.o(.ARM.Collect$$libinit$$0000000A) for __rt_lib_init_heap_2
    init_alloc.o(.text) refers (Special) to maybetermalloc1.o(.emb_text) for _maybe_terminate_alloc
    init_alloc.o(.text) refers to heapauxa.o(.text) for __rt_heap_expand
    init_alloc.o(.text) refers to h1_extend.o(.text) for __Heap_ProvideMemory
    init_alloc.o(.text) refers to defsig_rtmem_outer.o(.text) for __rt_SIGRTMEM
    init_alloc.o(.text) refers to rt_heap_descriptor.o(.text) for __rt_heap_descriptor
    init_alloc.o(.text) refers to h1_init.o(.text) for __Heap_Initialize
    h1_init_mt.o(.text) refers to mutex_dummy.o(.text) for _mutex_initialize
    _printf_intcommon.o(.text) refers (Weak) to _printf_pad.o(.text) for _printf_pre_padding
    _printf_intcommon.o(.text) refers (Weak) to _printf_pad.o(.text) for _printf_pre_padding
    _printf_intcommon.o(.text) refers (Weak) to _printf_pad.o(.text) for _printf_post_padding
    _printf_fp_dec.o(.text) refers (Special) to usenofp.o(x$fpl$usenofp) for __I$use$fp
    _printf_fp_dec.o(.text) refers (Special) to lc_numeric_c.o(locale$$code) for _get_lc_numeric
    _printf_fp_dec.o(.text) refers to bigflt0.o(.text) for _btod_etento
    _printf_fp_dec.o(.text) refers to btod.o(CL$$btod_d2e) for _btod_d2e
    _printf_fp_dec.o(.text) refers to btod.o(CL$$btod_ediv) for _btod_ediv
    _printf_fp_dec.o(.text) refers to btod.o(CL$$btod_emul) for _btod_emul
    _printf_fp_dec.o(.text) refers to lludiv10.o(.text) for _ll_udiv10
    _printf_fp_dec.o(.text) refers to fpclassify.o(i.__ARM_fpclassify) for __ARM_fpclassify
    _printf_fp_dec.o(.text) refers to _printf_fp_infnan.o(.text) for _printf_fp_infnan
    _printf_fp_dec.o(.text) refers (Weak) to _printf_pad.o(.text) for _printf_pre_padding
    _printf_fp_dec.o(.text) refers (Weak) to _printf_pad.o(.text) for _printf_pre_padding
    _printf_fp_dec.o(.text) refers to rt_locale.o(.text) for __rt_locale
    _printf_fp_dec.o(.text) refers (Weak) to _printf_pad.o(.text) for _printf_post_padding
    _printf_char_common.o(.text) refers to __printf_flags_ss_wp.o(.text) for __printf
    _printf_char.o(.text) refers (Weak) to _printf_str.o(.text) for _printf_str
    _printf_char_file.o(.text) refers to _printf_char_common.o(.text) for _printf_char_common
    _printf_char_file.o(.text) refers to ferror.o(.text) for ferror
    _printf_char_file.o(.text) refers to fputc.o(i.fputc) for fputc
    strtol.o(.text) refers to rt_ctype_table.o(.text) for __rt_ctype_table
    strtol.o(.text) refers to _strtoul.o(.text) for _strtoul
    strtol.o(.text) refers to rt_errno_addr.o(.text) for __aeabi_errno_addr
    flsbuf.o(.text) refers to stdio.o(.text) for _deferredlazyseek
    flsbuf.o(.text) refers to sys_io.o(.text) for _sys_flen
    flsbuf.o(.text) refers to h1_alloc.o(.text) for malloc
    stdio_streams.o(.bss) refers (Special) to initio.o(.text) for _initio
    stdio_streams.o(.bss) refers (Special) to initio.o(.text) for _initio
    stdio_streams.o(.bss) refers (Special) to initio.o(.text) for _initio
    stdio_streams.o(.data) refers (Special) to initio.o(.text) for _initio
    stdio_streams.o(.data) refers (Special) to initio.o(.text) for _initio
    stdio_streams.o(.data) refers (Special) to initio.o(.text) for _initio
    lc_ctype_c.o(locale$$data) refers (Special) to libinit2.o(.ARM.Collect$$libinit$$00000013) for __rt_lib_init_lc_ctype_2
    lc_ctype_c.o(locale$$code) refers (Special) to libinit2.o(.ARM.Collect$$libinit$$00000013) for __rt_lib_init_lc_ctype_2
    lc_ctype_c.o(locale$$code) refers to strcmpv7m.o(.text) for strcmp
    lc_ctype_c.o(locale$$code) refers to lc_ctype_c.o(locale$$data) for __lcctype_c_name
    abort.o(.text) refers to defsig_abrt_outer.o(.text) for __rt_SIGABRT
    abort.o(.text) refers to sys_exit.o(.text) for _sys_exit
    assert_puts.o(.text) refers to sys_wrch.o(.text) for _ttywrch
    rt_memclr.o(.text) refers to rt_memclr_w.o(.text) for _memset_w
    _get_argv.o(.text) refers (Special) to hrguard.o(.text) for __heap_region$guard
    _get_argv.o(.text) refers to h1_alloc.o(.text) for malloc
    _get_argv.o(.text) refers to defsig_rtmem_outer.o(.text) for __rt_SIGRTMEM
    _get_argv.o(.text) refers to sys_command.o(.text) for _sys_command_string
    libinit2.o(.ARM.Collect$$libinit$$00000001) refers to fpinit.o(x$fpl$fpinit) for _fp_init
    libinit2.o(.ARM.Collect$$libinit$$00000005) refers (Weak) to init_alloc.o(.text) for _init_alloc
    libinit2.o(.ARM.Collect$$libinit$$0000000F) refers (Weak) to rt_locale.o(.text) for __rt_locale
    libinit2.o(.ARM.Collect$$libinit$$00000010) refers to libinit2.o(.ARM.Collect$$libinit$$0000000F) for .ARM.Collect$$libinit$$0000000F
    libinit2.o(.ARM.Collect$$libinit$$00000012) refers to libinit2.o(.ARM.Collect$$libinit$$0000000F) for .ARM.Collect$$libinit$$0000000F
    libinit2.o(.ARM.Collect$$libinit$$00000012) refers (Weak) to lc_ctype_c.o(locale$$code) for _get_lc_ctype
    libinit2.o(.ARM.Collect$$libinit$$00000014) refers to libinit2.o(.ARM.Collect$$libinit$$0000000F) for .ARM.Collect$$libinit$$0000000F
    libinit2.o(.ARM.Collect$$libinit$$00000016) refers to libinit2.o(.ARM.Collect$$libinit$$0000000F) for .ARM.Collect$$libinit$$0000000F
    libinit2.o(.ARM.Collect$$libinit$$00000016) refers (Weak) to lc_numeric_c.o(locale$$code) for _get_lc_numeric
    libinit2.o(.ARM.Collect$$libinit$$00000018) refers to libinit2.o(.ARM.Collect$$libinit$$0000000F) for .ARM.Collect$$libinit$$0000000F
    libinit2.o(.ARM.Collect$$libinit$$00000024) refers (Weak) to initio.o(.text) for _initio
    libinit2.o(.ARM.Collect$$libinit$$00000026) refers to argv_veneer.o(.emb_text) for __ARM_argv_veneer
    libinit2.o(.ARM.Collect$$libinit$$00000027) refers to argv_veneer.o(.emb_text) for __ARM_argv_veneer
    flsbuf_fwide.o(.text) refers to flsbuf.o(.text) for __flsbuf
    dcmpi.o(x$fpl$dcmpinf) refers (Special) to usenofp.o(x$fpl$usenofp) for __I$use$fp
    dnaninf.o(x$fpl$dnaninf) refers (Special) to usenofp.o(x$fpl$usenofp) for __I$use$fp
    dretinf.o(x$fpl$dretinf) refers (Special) to usenofp.o(x$fpl$usenofp) for __I$use$fp
    fnaninf.o(x$fpl$fnaninf) refers (Special) to usenofp.o(x$fpl$usenofp) for __I$use$fp
    fretinf.o(x$fpl$fretinf) refers (Special) to usenofp.o(x$fpl$usenofp) for __I$use$fp
    sys_io.o(.text) refers (Special) to use_no_semi.o(.text) for __I$use$semihosting
    sys_io.o(.text) refers (Special) to indicate_semi.o(.text) for __semihosting_library_function
    sys_io.o(.text) refers to strlen.o(.text) for strlen
    sys_io.o(.constdata) refers (Special) to use_no_semi.o(.text) for __I$use$semihosting
    sys_io.o(.constdata) refers (Special) to indicate_semi.o(.text) for __semihosting_library_function
    sys_io.o(.constdata) refers (Special) to use_no_semi.o(.text) for __I$use$semihosting
    sys_io.o(.constdata) refers (Special) to indicate_semi.o(.text) for __semihosting_library_function
    sys_io.o(.constdata) refers (Special) to use_no_semi.o(.text) for __I$use$semihosting
    sys_io.o(.constdata) refers (Special) to indicate_semi.o(.text) for __semihosting_library_function
    sys_wrch.o(.text) refers (Special) to use_no_semi.o(.text) for __I$use$semihosting
    sys_wrch.o(.text) refers (Special) to indicate_semi.o(.text) for __semihosting_library_function
    sys_command.o(.text) refers (Special) to use_no_semi.o(.text) for __I$use$semihosting
    sys_command.o(.text) refers (Special) to indicate_semi.o(.text) for __semihosting_library_function
    sys_exit.o(.text) refers (Special) to use_no_semi.o(.text) for __I$use$semihosting
    sys_exit.o(.text) refers (Special) to indicate_semi.o(.text) for __semihosting_library_function
    libspace.o(.text) refers to libspace.o(.bss) for __libspace_start
    maybetermalloc2.o(.emb_text) refers (Special) to term_alloc.o(.text) for _terminate_alloc
    h1_extend.o(.text) refers to h1_free.o(.text) for free
    h1_extend_mt.o(.text) refers to h1_free_mt.o(.text) for _free_internal
    _printf_fp_infnan.o(.text) refers (Weak) to _printf_pad.o(.text) for _printf_pre_padding
    _printf_fp_infnan.o(.text) refers (Weak) to _printf_pad.o(.text) for _printf_post_padding
    _printf_char_file_locked.o(.text) refers to _printf_char_common.o(.text) for _printf_char_common
    _printf_char_file_locked.o(.text) refers to fputc.o(i._fputc$unlocked) for _fputc$unlocked
    _strtoul.o(.text) refers to _chval.o(.text) for _chval
    _strtoul.o(.text) refers to rt_errno_addr.o(.text) for __aeabi_errno_addr
    bigflt0.o(.text) refers (Special) to usenofp.o(x$fpl$usenofp) for __I$use$fp
    bigflt0.o(.text) refers to btod.o(CL$$btod_emul) for _btod_emul
    bigflt0.o(.text) refers to btod.o(CL$$btod_ediv) for _btod_ediv
    bigflt0.o(.text) refers to bigflt0.o(.constdata) for .constdata
    bigflt0.o(.constdata) refers (Special) to usenofp.o(x$fpl$usenofp) for __I$use$fp
    btod.o(CL$$btod_d2e) refers (Special) to usenofp.o(x$fpl$usenofp) for __I$use$fp
    btod.o(CL$$btod_d2e) refers to btod.o(CL$$btod_d2e_norm_op1) for _d2e_norm_op1
    btod.o(CL$$btod_d2e_norm_op1) refers (Special) to usenofp.o(x$fpl$usenofp) for __I$use$fp
    btod.o(CL$$btod_d2e_norm_op1) refers to btod.o(CL$$btod_d2e_denorm_low) for _d2e_denorm_low
    btod.o(CL$$btod_d2e_denorm_low) refers (Special) to usenofp.o(x$fpl$usenofp) for __I$use$fp
    btod.o(CL$$btod_emul) refers (Special) to usenofp.o(x$fpl$usenofp) for __I$use$fp
    btod.o(CL$$btod_emul) refers to btod.o(CL$$btod_mult_common) for __btod_mult_common
    btod.o(CL$$btod_emul) refers to btod.o(CL$$btod_e2e) for _e2e
    btod.o(CL$$btod_ediv) refers (Special) to usenofp.o(x$fpl$usenofp) for __I$use$fp
    btod.o(CL$$btod_ediv) refers to btod.o(CL$$btod_div_common) for __btod_div_common
    btod.o(CL$$btod_ediv) refers to btod.o(CL$$btod_e2e) for _e2e
    btod.o(CL$$btod_emuld) refers (Special) to usenofp.o(x$fpl$usenofp) for __I$use$fp
    btod.o(CL$$btod_emuld) refers to btod.o(CL$$btod_mult_common) for __btod_mult_common
    btod.o(CL$$btod_emuld) refers to btod.o(CL$$btod_e2d) for _e2d
    btod.o(CL$$btod_edivd) refers (Special) to usenofp.o(x$fpl$usenofp) for __I$use$fp
    btod.o(CL$$btod_edivd) refers to btod.o(CL$$btod_div_common) for __btod_div_common
    btod.o(CL$$btod_edivd) refers to btod.o(CL$$btod_e2d) for _e2d
    btod.o(CL$$btod_e2e) refers (Special) to usenofp.o(x$fpl$usenofp) for __I$use$fp
    btod.o(CL$$btod_e2d) refers (Special) to usenofp.o(x$fpl$usenofp) for __I$use$fp
    btod.o(CL$$btod_e2d) refers to btod.o(CL$$btod_e2e) for _e2e
    btod.o(CL$$btod_mult_common) refers (Special) to usenofp.o(x$fpl$usenofp) for __I$use$fp
    btod.o(CL$$btod_div_common) refers (Special) to usenofp.o(x$fpl$usenofp) for __I$use$fp
    stdio.o(.text) refers to sys_io.o(.text) for _sys_seek
    fwritefast.o(.text) refers to stdio.o(.text) for _writebuf
    fwritefast.o(.text) refers to flsbuf.o(.text) for __flsbuf_byte
    fwritefast.o(.text) refers to rt_memcpy_v6.o(.text) for __aeabi_memcpy
    initio.o(.text) refers (Special) to libinit2.o(.ARM.Collect$$libinit$$00000025) for __rt_lib_init_stdio_2
    initio.o(.text) refers (Special) to libshutdown2.o(.ARM.Collect$$libshutdown$$00000004) for __rt_lib_shutdown_stdio_2
    initio.o(.text) refers to rt_memclr_w.o(.text) for __aeabi_memclr4
    initio.o(.text) refers to fopen.o(.text) for freopen
    initio.o(.text) refers to defsig_rtred_outer.o(.text) for __rt_SIGRTRED
    initio.o(.text) refers to setvbuf.o(.text) for setvbuf
    initio.o(.text) refers to fclose.o(.text) for _fclose_internal
    initio.o(.text) refers to h1_free.o(.text) for free
    initio.o(.text) refers to stdio_streams.o(.bss) for __stdin
    initio.o(.text) refers to stdio_streams.o(.bss) for __stdout
    initio.o(.text) refers to stdio_streams.o(.bss) for __stderr
    initio.o(.text) refers to stdio_streams.o(.data) for __aeabi_stdin
    initio.o(.text) refers to stdio_streams.o(.data) for __aeabi_stdout
    initio.o(.text) refers to stdio_streams.o(.data) for __aeabi_stderr
    initio.o(.text) refers to sys_io.o(.constdata) for __stdin_name
    initio.o(.text) refers to sys_io.o(.constdata) for __stdout_name
    initio.o(.text) refers to sys_io.o(.constdata) for __stderr_name
    fwritefast_locked.o(.text) refers to stdio.o(.text) for _writebuf
    fwritefast_locked.o(.text) refers to flsbuf.o(.text) for __flsbuf_byte
    fwritefast_locked.o(.text) refers to rt_memcpy_v6.o(.text) for __aeabi_memcpy
    initio_locked.o(.text) refers (Special) to libinit2.o(.ARM.Collect$$libinit$$00000025) for __rt_lib_init_stdio_2
    initio_locked.o(.text) refers (Special) to libshutdown2.o(.ARM.Collect$$libshutdown$$00000004) for __rt_lib_shutdown_stdio_2
    initio_locked.o(.text) refers to rt_memclr_w.o(.text) for __aeabi_memclr4
    initio_locked.o(.text) refers to fopen.o(.text) for freopen
    initio_locked.o(.text) refers to defsig_rtred_outer.o(.text) for __rt_SIGRTRED
    initio_locked.o(.text) refers to setvbuf.o(.text) for setvbuf
    initio_locked.o(.text) refers to fclose.o(.text) for _fclose_internal
    initio_locked.o(.text) refers to h1_free.o(.text) for free
    initio_locked.o(.text) refers to stdio_streams.o(.bss) for __stdin
    initio_locked.o(.text) refers to stdio_streams.o(.bss) for __stdout
    initio_locked.o(.text) refers to stdio_streams.o(.bss) for __stderr
    initio_locked.o(.text) refers to stdio_streams.o(.data) for __aeabi_stdin
    initio_locked.o(.text) refers to stdio_streams.o(.data) for __aeabi_stdout
    initio_locked.o(.text) refers to stdio_streams.o(.data) for __aeabi_stderr
    initio_locked.o(.text) refers to streamlock.o(.data) for _stream_list_lock
    initio_locked.o(.text) refers to sys_io.o(.constdata) for __stdin_name
    initio_locked.o(.text) refers to sys_io.o(.constdata) for __stdout_name
    initio_locked.o(.text) refers to sys_io.o(.constdata) for __stderr_name
    lc_numeric_c.o(locale$$data) refers (Special) to libinit2.o(.ARM.Collect$$libinit$$00000017) for __rt_lib_init_lc_numeric_2
    lc_numeric_c.o(locale$$code) refers (Special) to libinit2.o(.ARM.Collect$$libinit$$00000017) for __rt_lib_init_lc_numeric_2
    lc_numeric_c.o(locale$$code) refers to strcmpv7m.o(.text) for strcmp
    lc_numeric_c.o(locale$$code) refers to lc_numeric_c.o(locale$$data) for __lcnum_c_name
    defsig_abrt_outer.o(.text) refers to defsig_abrt_inner.o(.text) for __rt_SIGABRT_inner
    defsig_abrt_outer.o(.text) refers to defsig_exit.o(.text) for __sig_exit
    defsig_abrt_formal.o(.text) refers to rt_raise.o(.text) for __rt_raise
    defsig_rtmem_outer.o(.text) refers to defsig_rtmem_inner.o(.text) for __rt_SIGRTMEM_inner
    defsig_rtmem_outer.o(.text) refers to defsig_exit.o(.text) for __sig_exit
    defsig_rtmem_formal.o(.text) refers to rt_raise.o(.text) for __rt_raise
    assert_stdio.o(.text) refers to fputs.o(.text) for fputs
    assert_stdio.o(.text) refers to fflush.o(.text) for fflush
    assert_stdio.o(.text) refers to stdio_streams.o(.bss) for __stderr
    heapauxa.o(.text) refers to heapauxa.o(.data) for .data
    argv_veneer.o(.emb_text) refers to _get_argv.o(.text) for __ARM_get_argv
    istatus.o(x$fpl$ieeestatus) refers (Special) to usenofp.o(x$fpl$usenofp) for __I$use$fp
    fpclassify.o(i.__ARM_fpclassify) refers (Special) to usenofp.o(x$fpl$usenofp) for __I$use$fp
    rt_raise.o(.text) refers to __raise.o(.text) for __raise
    rt_raise.o(.text) refers to sys_exit.o(.text) for _sys_exit
    term_alloc.o(.text) refers (Special) to libshutdown2.o(.ARM.Collect$$libshutdown$$0000000F) for __rt_lib_shutdown_heap_2
    term_alloc.o(.text) refers to rt_heap_descriptor.o(.text) for __rt_heap_descriptor
    term_alloc.o(.text) refers to h1_final.o(.text) for __Heap_Finalize
    fflush.o(.text) refers to stdio.o(.text) for _fflush
    fflush.o(.text) refers to fseek.o(.text) for _fseek
    fflush.o(.text) refers to stdio_streams.o(.bss) for __stdin
    streamlock.o(.data) refers (Special) to initio.o(.text) for _initio
    fopen.o(.text) refers to fclose.o(.text) for _fclose_internal
    fopen.o(.text) refers to sys_io.o(.text) for _sys_open
    fopen.o(.text) refers to fseek.o(.text) for _fseek
    fopen.o(.text) refers to h1_alloc.o(.text) for malloc
    fopen.o(.text) refers to rt_memclr_w.o(.text) for __aeabi_memclr4
    fopen.o(.text) refers to stdio_streams.o(.bss) for __stdin
    fclose.o(.text) refers to stdio.o(.text) for _fflush
    fclose.o(.text) refers to sys_io.o(.text) for _sys_close
    fclose.o(.text) refers to h1_free.o(.text) for free
    fclose.o(.text) refers to rt_memclr_w.o(.text) for __aeabi_memclr4
    fflush_locked.o(.text) refers to stdio.o(.text) for _fflush
    fflush_locked.o(.text) refers to fseek.o(.text) for _fseek
    fflush_locked.o(.text) refers to fflush.o(.text) for _do_fflush
    fflush_locked.o(.text) refers to streamlock.o(.data) for _stream_list_lock
    fflush_locked.o(.text) refers to stdio_streams.o(.bss) for __stdin
    fopen_locked.o(.text) refers to fclose.o(.text) for _fclose_internal
    fopen_locked.o(.text) refers to sys_io.o(.text) for _sys_open
    fopen_locked.o(.text) refers to fseek.o(.text) for _fseek
    fopen_locked.o(.text) refers to h1_alloc.o(.text) for malloc
    fopen_locked.o(.text) refers to rt_memclr_w.o(.text) for __aeabi_memclr4
    fopen_locked.o(.text) refers to streamlock.o(.data) for _stream_list_lock
    fopen_locked.o(.text) refers to stdio_streams.o(.bss) for __stdin
    defsig_exit.o(.text) refers to sys_exit.o(.text) for _sys_exit
    defsig_abrt_inner.o(.text) refers to defsig_general.o(.text) for __default_signal_display
    defsig_rtred_outer.o(.text) refers to defsig_rtred_inner.o(.text) for __rt_SIGRTRED_inner
    defsig_rtred_outer.o(.text) refers to defsig_exit.o(.text) for __sig_exit
    defsig_rtred_formal.o(.text) refers to rt_raise.o(.text) for __rt_raise
    defsig_rtmem_inner.o(.text) refers to defsig_general.o(.text) for __default_signal_display
    _get_argv_nomalloc.o(.text) refers (Special) to hrguard.o(.text) for __heap_region$guard
    _get_argv_nomalloc.o(.text) refers to defsig_rtmem_outer.o(.text) for __rt_SIGRTMEM
    _get_argv_nomalloc.o(.text) refers to sys_command.o(.text) for _sys_command_string
    libshutdown2.o(.ARM.Collect$$libshutdown$$00000003) refers (Weak) to initio.o(.text) for _terminateio
    libshutdown2.o(.ARM.Collect$$libshutdown$$0000000D) refers (Weak) to term_alloc.o(.text) for _terminate_alloc
    fseek.o(.text) refers to sys_io.o(.text) for _sys_istty
    fseek.o(.text) refers to ftell.o(.text) for _ftell_internal
    fseek.o(.text) refers to stdio.o(.text) for _seterr
    __raise.o(.text) refers to defsig.o(CL$$defsig) for __default_signal_handler
    defsig_general.o(.text) refers to sys_wrch.o(.text) for _ttywrch
    defsig_rtred_inner.o(.text) refers to defsig_general.o(.text) for __default_signal_display
    ftell.o(.text) refers to rt_errno_addr.o(.text) for __aeabi_errno_addr
    defsig.o(CL$$defsig) refers to defsig_abrt_inner.o(.text) for __rt_SIGABRT_inner
    defsig.o(CL$$defsig) refers to defsig_rtred_inner.o(.text) for __rt_SIGRTRED_inner
    defsig.o(CL$$defsig) refers to defsig_rtmem_inner.o(.text) for __rt_SIGRTMEM_inner
    defsig_fpe_inner.o(.text) refers to defsig_general.o(.text) for __default_signal_display
    defsig_stak_inner.o(.text) refers to defsig_general.o(.text) for __default_signal_display
    defsig_pvfn_inner.o(.text) refers to defsig_general.o(.text) for __default_signal_display
    defsig_cppl_inner.o(.text) refers to defsig_general.o(.text) for __default_signal_display
    defsig_segv_inner.o(.text) refers to defsig_general.o(.text) for __default_signal_display
    defsig_other.o(.text) refers to defsig_general.o(.text) for __default_signal_display

