Component: ARM Compiler 5.06 update 6 (build 750) Tool: armlink [4d35ed]

==============================================================================

Section Cross References

    startup_stm32l476xx.o(RESET) refers to startup_stm32l476xx.o(STACK) for __initial_sp
    startup_stm32l476xx.o(RESET) refers to startup_stm32l476xx.o(.text) for Reset_Handler
    startup_stm32l476xx.o(RESET) refers to stm32l4xx_it.o(i.NMI_Handler) for NMI_Handler
    startup_stm32l476xx.o(RESET) refers to stm32l4xx_it.o(i.HardFault_Handler) for HardFault_Handler
    startup_stm32l476xx.o(RESET) refers to stm32l4xx_it.o(i.MemManage_Handler) for MemManage_Handler
    startup_stm32l476xx.o(RESET) refers to stm32l4xx_it.o(i.BusFault_Handler) for BusFault_Handler
    startup_stm32l476xx.o(RESET) refers to stm32l4xx_it.o(i.UsageFault_Handler) for UsageFault_Handler
    startup_stm32l476xx.o(RESET) refers to stm32l4xx_it.o(i.SVC_Handler) for SVC_Handler
    startup_stm32l476xx.o(RESET) refers to stm32l4xx_it.o(i.DebugMon_Handler) for DebugMon_Handler
    startup_stm32l476xx.o(RESET) refers to stm32l4xx_it.o(i.PendSV_Handler) for PendSV_Handler
    startup_stm32l476xx.o(RESET) refers to stm32l4xx_it.o(i.SysTick_Handler) for SysTick_Handler
    startup_stm32l476xx.o(.text) refers to system_stm32l4xx.o(i.SystemInit) for SystemInit
    startup_stm32l476xx.o(.text) refers to entry.o(.ARM.Collect$$$$00000000) for __main
    main.o(i.SystemClock_Config) refers to stm32l4xx_hal_rcc.o(i.HAL_RCC_OscConfig) for HAL_RCC_OscConfig
    main.o(i.SystemClock_Config) refers to stm32l4xx_hal_rcc.o(i.HAL_RCC_ClockConfig) for HAL_RCC_ClockConfig
    main.o(i.SystemClock_Config) refers to stm32l4xx_hal_rcc_ex.o(i.HAL_RCCEx_PeriphCLKConfig) for HAL_RCCEx_PeriphCLKConfig
    main.o(i.SystemClock_Config) refers to stm32l4xx_hal_pwr_ex.o(i.HAL_PWREx_ControlVoltageScaling) for HAL_PWREx_ControlVoltageScaling
    main.o(i.SystemClock_Config) refers to main.o(i._Error_Handler) for _Error_Handler
    main.o(i.SystemClock_Config) refers to stm32l4xx_hal_rcc.o(i.HAL_RCC_GetHCLKFreq) for HAL_RCC_GetHCLKFreq
    main.o(i.SystemClock_Config) refers to stm32l4xx_hal_cortex.o(i.HAL_SYSTICK_Config) for HAL_SYSTICK_Config
    main.o(i.SystemClock_Config) refers to stm32l4xx_hal_cortex.o(i.HAL_SYSTICK_CLKSourceConfig) for HAL_SYSTICK_CLKSourceConfig
    main.o(i.SystemClock_Config) refers to stm32l4xx_hal_cortex.o(i.HAL_NVIC_SetPriority) for HAL_NVIC_SetPriority
    main.o(i._Error_Handler) refers to scope.o(i.Scope_create) for Scope_create
    main.o(i.main) refers to stm32l4xx_hal.o(i.HAL_Init) for HAL_Init
    main.o(i.main) refers to main.o(i.SystemClock_Config) for SystemClock_Config
    main.o(i.main) refers to gpio.o(i.MX_GPIO_Init) for MX_GPIO_Init
    main.o(i.main) refers to usart.o(i.MX_USART2_UART_Init) for MX_USART2_UART_Init
    main.o(i.main) refers to scope.o(i.Scope_create) for Scope_create
    main.o(i.main) refers to scope.o(i.Scope_setAnnounceAddresses) for Scope_setAnnounceAddresses
    main.o(i.main) refers to scope.o(i.Scope_announceAddresses) for Scope_announceAddresses
    main.o(i.main) refers to scope.o(i.Scope_poll) for Scope_poll
    main.o(i.main) refers to main.o(i.receive) for receive
    main.o(i.main) refers to scope.o(i.Scope_transmitData) for Scope_transmitData
    main.o(i.main) refers to rand.o(.text) for rand
    main.o(i.main) refers to main.o(i.printHandle) for printHandle
    main.o(i.main) refers to main.o(.data) for .data
    main.o(i.printHandle) refers to stm32l4xx_hal_uart.o(i.HAL_UART_Transmit) for HAL_UART_Transmit
    main.o(i.printHandle) refers to usart.o(.bss) for huart2
    main.o(i.receive) refers to memseta.o(.text) for __aeabi_memclr4
    main.o(i.receive) refers to stm32l4xx_hal_uart.o(i.HAL_UART_Receive) for HAL_UART_Receive
    main.o(i.receive) refers to scope.o(i.Scope_getInputStream) for Scope_getInputStream
    main.o(i.receive) refers to scope.o(i.Scope_command) for Scope_command
    main.o(i.receive) refers to usart.o(.bss) for huart2
    gpio.o(i.MX_GPIO_Init) refers to stm32l4xx_hal_gpio.o(i.HAL_GPIO_WritePin) for HAL_GPIO_WritePin
    gpio.o(i.MX_GPIO_Init) refers to stm32l4xx_hal_gpio.o(i.HAL_GPIO_Init) for HAL_GPIO_Init
    usart.o(i.HAL_UART_MspDeInit) refers to stm32l4xx_hal_gpio.o(i.HAL_GPIO_DeInit) for HAL_GPIO_DeInit
    usart.o(i.HAL_UART_MspInit) refers to stm32l4xx_hal_gpio.o(i.HAL_GPIO_Init) for HAL_GPIO_Init
    usart.o(i.MX_USART2_UART_Init) refers to stm32l4xx_hal_uart.o(i.HAL_UART_Init) for HAL_UART_Init
    usart.o(i.MX_USART2_UART_Init) refers to main.o(i._Error_Handler) for _Error_Handler
    usart.o(i.MX_USART2_UART_Init) refers to usart.o(.bss) for .bss
    stm32l4xx_it.o(i.SysTick_Handler) refers to stm32l4xx_hal.o(i.HAL_IncTick) for HAL_IncTick
    stm32l4xx_it.o(i.SysTick_Handler) refers to stm32l4xx_hal_cortex.o(i.HAL_SYSTICK_IRQHandler) for HAL_SYSTICK_IRQHandler
[...]
    DMA1_Channel5_IRQHandler                 0x080001b7   Thumb Code     0  startup_stm32l476xx.o(.text)
    DMA1_Channel6_IRQHandler                 0x080001b7   Thumb Code     0  startup_stm32l476xx.o(.text)
    DMA1_Channel7_IRQHandler                 0x080001b7   Thumb Code     0  startup_stm32l476xx.o(.text)
    DMA2_Channel1_IRQHandler                 0x080001b7   Thumb Code     0  startup_stm32l476xx.o(.text)
    DMA2_Channel2_IRQHandler                 0x080001b7   Thumb Code     0  startup_stm32l476xx.o(.text)
    DMA2_Channel3_IRQHandler                 0x080001b7   Thumb Code     0  startup_stm32l476xx.o(.text)
    DMA2_Channel4_IRQHandler                 0x080001b7   Thumb Code     0  startup_stm32l476xx.o(.text)
    DMA2_Channel5_IRQHandler                 0x080001b7   Thumb Code     0  startup_stm32l476xx.o(.text)
    DMA2_Channel6_IRQHandler                 0x080001b7   Thumb Code     0  startup_stm32l476xx.o(.text)
    DMA2_Channel7_IRQHandler                 0x080001b7   Thumb Code     0  startup_stm32l476xx.o(.text)
    EXTI0_IRQHandler                         0x080001b7   Thumb Code     0  startup_stm32l476xx.o(.text)
    EXTI15_10_IRQHandler                     0x080001b7   Thumb Code     0  startup_stm32l476xx.o(.text)
    EXTI1_IRQHandler                         0x080001b7   Thumb Code     0  startup_stm32l476xx.o(.text)
    EXTI2_IRQHandler                         0x080001b7   Thumb Code     0  startup_stm32l476xx.o(.text)
    EXTI3_IRQHandler                         0x080001b7   Thumb Code     0  startup_stm32l476xx.o(.text)
    EXTI4_IRQHandler                         0x080001b7   Thumb Code     0  startup_stm32l476xx.o(.text)
    EXTI9_5_IRQHandler                       0x080001b7   Thumb Code     0  startup_stm32l476xx.o(.text)
    FLASH_IRQHandler                         0x080001b7   Thumb Code     0  startup_stm32l476xx.o(.text)
    FMC_IRQHandler                           0x080001b7   Thumb Code     0  startup_stm32l476xx.o(.text)
    FPU_IRQHandler                           0x080001b7   Thumb Code     0  startup_stm32l476xx.o(.text)
    I2C1_ER_IRQHandler                       0x080001b7   Thumb Code     0  startup_stm32l476xx.o(.text)
    I2C1_EV_IRQHandler                       0x080001b7   Thumb Code     0  startup_stm32l476xx.o(.text)
    I2C2_ER_IRQHandler                       0x080001b7   Thumb Code     0  startup_stm32l476xx.o(.text)
    I2C2_EV_IRQHandler                       0x080001b7   Thumb Code     0  startup_stm32l476xx.o(.text)
    I2C3_ER_IRQHandler                       0x080001b7   Thumb Code     0  startup_stm32l476xx.o(.text)
    I2C3_EV_IRQHandler                       0x080001b7   Thumb Code     0  startup_stm32l476xx.o(.text)
    LCD_IRQHandler                           0x080001b7   Thumb Code     0  startup_stm32l476xx.o(.text)
    LPTIM1_IRQHandler                        0x080001b7   Thumb Code     0  startup_stm32l476xx.o(.text)
    LPTIM2_IRQHandler                        0x080001b7   Thumb Code     0  startup_stm32l476xx.o(.text)
    LPUART1_IRQHandler                       0x080001b7   Thumb Code     0  startup_stm32l476xx.o(.text)
    OTG_FS_IRQHandler                        0x080001b7   Thumb Code     0  startup_stm32l476xx.o(.text)
    PVD_PVM_IRQHandler                       0x080001b7   Thumb Code     0  startup_stm32l476xx.o(.text)
    QUADSPI_IRQHandler                       0x080001b7   Thumb Code     0  startup_stm32l476xx.o(.text)
    RCC_IRQHandler                           0x080001b7   Thumb Code     0  startup_stm32l476xx.o(.text)
    RNG_IRQHandler                           0x080001b7   Thumb Code     0  startup_stm32l476xx.o(.text)
    RTC_Alarm_IRQHandler                     0x080001b7   Thumb Code     0  startup_stm32l476xx.o(.text)
    RTC_WKUP_IRQHandler                      0x080001b7   Thumb Code     0  startup_stm32l476xx.o(.text)
    SAI1_IRQHandler                          0x080001b7   Thumb Code     0  startup_stm32l476xx.o(.text)
    SAI2_IRQHandler                          0x080001b7   Thumb Code     0  startup_stm32l476xx.o(.text)
    SDMMC1_IRQHandler                        0x080001b7   Thumb Code     0  startup_stm32l476xx.o(.text)
    SPI1_IRQHandler                          0x080001b7   Thumb Code     0  startup_stm32l476xx.o(.text)
    SPI2_IRQHandler                          0x080001b7   Thumb Code     0  startup_stm32l476xx.o(.text)
    SPI3_IRQHandler                          0x080001b7   Thumb Code     0  startup_stm32l476xx.o(.text)
    SWPMI1_IRQHandler                        0x080001b7   Thumb Code     0  startup_stm32l476xx.o(.text)
    TAMP_STAMP_IRQHandler                    0x080001b7   Thumb Code     0  startup_stm32l476xx.o(.text)
    TIM1_BRK_TIM15_IRQHandler                0x080001b7   Thumb Code     0  startup_stm32l476xx.o(.text)
    TIM1_CC_IRQHandler                       0x080001b7   Thumb Code     0  startup_stm32l476xx.o(.text)
    TIM1_TRG_COM_TIM17_IRQHandler            0x080001b7   Thumb Code     0  startup_stm32l476xx.o(.text)
    TIM1_UP_TIM16_IRQHandler                 0x080001b7   Thumb Code     0  startup_stm32l476xx.o(.text)
    TIM2_IRQHandler                          0x080001b7   Thumb Code     0  startup_stm32l476xx.o(.text)
    TIM3_IRQHandler                          0x080001b7   Thumb Code     0  startup_stm32l476xx.o(.text)
    TIM4_IRQHandler                          0x080001b7   Thumb Code     0  startup_stm32l476xx.o(.text)
    TIM5_IRQHandler                          0x080001b7   Thumb Code     0  startup_stm32l476xx.o(.text)
    TIM6_DAC_IRQHandler                      0x080001b7   Thumb Code     0  startup_stm32l476xx.o(.text)
    TIM7_IRQHandler                          0x080001b7   Thumb Code     0  startup_stm32l476xx.o(.text)
    TIM8_BRK_IRQHandler                      0x080001b7   Thumb Code     0  startup_stm32l476xx.o(.text)
    TIM8_CC_IRQHandler                       0x080001b7   Thumb Code     0  startup_stm32l476xx.o(.text)
    TIM8_TRG_COM_IRQHandler                  0x080001b7   Thumb Code     0  startup_stm32l476xx.o(.text)
    TIM8_UP_IRQHandler                       0x080001b7   Thumb Code     0  startup_stm32l476xx.o(.text)
    TSC_IRQHandler                           0x080001b7   Thumb Code     0  startup_stm32l476xx.o(.text)
    UART4_IRQHandler                         0x080001b7   Thumb Code     0  startup_stm32l476xx.o(.text)
    UART5_IRQHandler                         0x080001b7   Thumb Code     0  startup_stm32l476xx.o(.text)
    USART1_IRQHandler                        0x080001b7   Thumb Code     0  startup_stm32l476xx.o(.text)
    USART2_IRQHandler                        0x080001b7   Thumb Code     0  startup_stm32l476xx.o(.text)
    USART3_IRQHandler                        0x080001b7   Thumb Code     0  startup_stm32l476xx.o(.text)
    WWDG_IRQHandler                          0x080001b7   Thumb Code     0  startup_stm32l476xx.o(.text)
    __aeabi_uldivmod                         0x080001c1   Thumb Code    98  uldiv.o(.text)
    __rt_ctype_table                         0x08000229   Thumb Code     4  ctype_o.o(.text)
    rand                                     0x08000231   Thumb Code    20  rand.o(.text)
    srand                                    0x08000245   Thumb Code     6  rand.o(.text)
    __aeabi_memcpy                           0x08000255   Thumb Code    36  memcpya.o(.text)
    __aeabi_memcpy4                          0x08000255   Thumb Code     0  memcpya.o(.text)
    __aeabi_memcpy8                          0x08000255   Thumb Code     0  memcpya.o(.text)
    __aeabi_memset                           0x08000279   Thumb Code    14  memseta.o(.text)
    __aeabi_memset4                          0x08000279   Thumb Code     0  memseta.o(.text)
    __aeabi_memset8                          0x08000279   Thumb Code     0  memseta.o(.text)
    __aeabi_memclr                           0x08000287   Thumb Code     4  memseta.o(.text)
    __aeabi_memclr4                          0x08000287   Thumb Code     0  memseta.o(.text)
    __aeabi_memclr8                          0x08000287   Thumb Code     0  memseta.o(.text)
    _memset$wrapper                          0x0800028b   Thumb Code    18  memseta.o(.text)
    strncpy                                  0x0800029d   Thumb Code    24  strncpy.o(.text)
    strlen                                   0x080002b5   Thumb Code    14  strlen.o(.text)
    strcmp                                   0x080002c3   Thumb Code    28  strcmp.o(.text)
    strncmp                                  0x080002df   Thumb Code    30  strncmp.o(.text)
    atoi                                     0x080002fd   Thumb Code    26  atoi.o(.text)
    __aeabi_f2d                              0x08000317   Thumb Code    38  f2d.o(.text)
    __aeabi_d2f                              0x0800033d   Thumb Code    56  d2f.o(.text)
    __aeabi_uidiv                            0x08000375   Thumb Code     0  uidiv.o(.text)
    __aeabi_uidivmod                         0x08000375   Thumb Code    44  uidiv.o(.text)
    __aeabi_llsl                             0x080003a1   Thumb Code    30  llshl.o(.text)
    _ll_shift_l                              0x080003a1   Thumb Code     0  llshl.o(.text)
    __aeabi_llsr                             0x080003bf   Thumb Code    32  llushr.o(.text)
    _ll_ushift_r                             0x080003bf   Thumb Code     0  llushr.o(.text)
    strtol                                   0x080003df   Thumb Code   112  strtol.o(.text)
    __I$use$fp                               0x0800044f   Thumb Code     0  iusefp.o(.text)
    _float_round                             0x0800044f   Thumb Code    18  fepilogue.o(.text)
    _float_epilogue                          0x08000461   Thumb Code    92  fepilogue.o(.text)
    __aeabi_dadd                             0x080004bd   Thumb Code   322  dadd.o(.text)
    __aeabi_dsub                             0x080005ff   Thumb Code     6  dadd.o(.text)
    __aeabi_drsub                            0x08000605   Thumb Code     6  dadd.o(.text)
    __aeabi_dmul                             0x0800061b   Thumb Code   228  dmul.o(.text)
    __aeabi_ddiv                             0x08000705   Thumb Code   222  ddiv.o(.text)
    __aeabi_d2ulz                            0x080007e3   Thumb Code    48  dfixul.o(.text)
    __aeabi_cdrcmple                         0x08000815   Thumb Code    48  cdrcmple.o(.text)
    __scatterload                            0x08000845   Thumb Code    28  init.o(.text)
    __scatterload_rt2                        0x08000845   Thumb Code     0  init.o(.text)
    __aeabi_lasr                             0x08000869   Thumb Code    36  llsshr.o(.text)
    _ll_sshift_r                             0x08000869   Thumb Code     0  llsshr.o(.text)
    _strtoul                                 0x0800088d   Thumb Code   158  _strtoul.o(.text)
    _double_round                            0x08000931   Thumb Code    30  depilogue.o(.text)
    _double_epilogue                         0x0800094f   Thumb Code   156  depilogue.o(.text)
    _chval                                   0x080009eb   Thumb Code    28  _chval.o(.text)
    AddressStorage_create                    0x08000a09   Thumb Code    98  addressstorage.o(i.AddressStorage_create)
    AddressStorage_getAddressToTransmit      0x08000a6b   Thumb Code    12  addressstorage.o(i.AddressStorage_getAddressToTransmit)
    AddressStorage_getMaxAmountOfAddresses   0x08000a77   Thumb Code     4  addressstorage.o(i.AddressStorage_getMaxAmountOfAddresses)
    AddressStorage_setAnnounceAddress        0x08000a7b   Thumb Code    84  addressstorage.o(i.AddressStorage_setAnnounceAddress)
    BusFault_Handler                         0x08000acf   Thumb Code     2  stm32l4xx_it.o(i.BusFault_Handler)
    ByteRingBuffer_create                    0x08000ad1   Thumb Code    72  byteringbuffer.o(i.ByteRingBuffer_create)
    ByteRingBuffer_freeData                  0x08000b3d   Thumb Code    16  byteringbuffer.o(i.ByteRingBuffer_freeData)
    ByteRingBuffer_getIByteStream            0x08000b4d   Thumb Code     4  byteringbuffer.o(i.ByteRingBuffer_getIByteStream)
    ByteRingBuffer_read                      0x08000b51   Thumb Code    62  byteringbuffer.o(i.ByteRingBuffer_read)
    ByteRingBuffer_usedData                  0x08000b8f   Thumb Code    28  byteringbuffer.o(i.ByteRingBuffer_usedData)
    ByteRingBuffer_write                     0x08000bab   Thumb Code    70  byteringbuffer.o(i.ByteRingBuffer_write)
    ByteStream_create                        0x08000bf1   Thumb Code    38  bytestream.o(i.ByteStream_create)
    ByteStream_getIByteStream                0x08000c17   Thumb Code     6  bytestream.o(i.ByteStream_getIByteStream)
    ByteStream_length                        0x08000c1d   Thumb Code     6  bytestream.o(i.ByteStream_length)
    Channel_clear                            0x08000c23   Thumb Code     6  channel.o(i.Channel_clear)
    Channel_create                           0x08000c29   Thumb Code    42  channel.o(i.Channel_create)
    Channel_getRingBufferFloatStream         0x08000c59   Thumb Code     6  channel.o(i.Channel_getRingBufferFloatStream)
    Channel_getTriggerDataStream             0x08000c5f   Thumb Code     4  channel.o(i.Channel_getTriggerDataStream)
    Channel_isRunning                        0x08000c63   Thumb Code    14  channel.o(i.Channel_isRunning)
    Channel_poll                             0x08000c71   Thumb Code   122  channel.o(i.Channel_poll)
    Channel_setPollAddress                   0x08000ceb   Thumb Code    16  channel.o(i.Channel_setPollAddress)
    Channel_setStateRunning                  0x08000cfb   Thumb Code    18  channel.o(i.Channel_setStateRunning)
    Channel_setStateStopped                  0x08000d0d   Thumb Code    18  channel.o(i.Channel_setStateStopped)
    CommandAddrParser_configure              0x08000d21   Thumb Code   190  commandaddrparser.o(i.CommandAddrParser_configure)
    CommandAddrParser_create                 0x08000de5   Thumb Code    32  commandaddrparser.o(i.CommandAddrParser_create)
    CommandAddr_create                       0x08000e05   Thumb Code    70  commandaddr.o(i.CommandAddr_create)
    CommandAddr_getICommand                  0x08000e59   Thumb Code     2  commandaddr.o(i.CommandAddr_getICommand)
    CommandAddr_getName                      0x08000e5d   Thumb Code     6  commandaddr.o(i.CommandAddr_getName)
    CommandAnnounce_create                   0x08000e69   Thumb Code    28  commandannounce.o(i.CommandAnnounce_create)
    CommandAnnounce_getICommand              0x08000e91   Thumb Code     2  commandannounce.o(i.CommandAnnounce_getICommand)
    CommandAnnounce_getName                  0x08000e95   Thumb Code     6  commandannounce.o(i.CommandAnnounce_getName)
    CommandClear_create                      0x08000ea1   Thumb Code    28  commandclear.o(i.CommandClear_create)
    CommandClear_getICommand                 0x08000ec9   Thumb Code     2  commandclear.o(i.CommandClear_getICommand)
    CommandClear_getName                     0x08000ecd   Thumb Code     6  commandclear.o(i.CommandClear_getName)
    CommandFactory_create                    0x08000ed9   Thumb Code   170  commandfactory.o(i.CommandFactory_create)
    CommandFactory_getICommand               0x08000f83   Thumb Code   254  commandfactory.o(i.CommandFactory_getICommand)
    CommandPollParser_configure              0x08001081   Thumb Code    46  commandpollparser.o(i.CommandPollParser_configure)
    CommandPollParser_create                 0x080010b5   Thumb Code    32  commandpollparser.o(i.CommandPollParser_create)
    CommandPoll_create                       0x080010d5   Thumb Code    32  commandpoll.o(i.CommandPoll_create)
    CommandPoll_getICommand                  0x08001101   Thumb Code     2  commandpoll.o(i.CommandPoll_getICommand)
    CommandPoll_getName                      0x08001105   Thumb Code     6  commandpoll.o(i.CommandPoll_getName)
    CommandRunningParser_configure           0x08001111   Thumb Code   148  commandrunningparser.o(i.CommandRunningParser_configure)
    CommandRunningParser_create              0x080011a5   Thumb Code    32  commandrunningparser.o(i.CommandRunningParser_create)
    CommandRunning_create                    0x080011c5   Thumb Code    56  commandrunning.o(i.CommandRunning_create)
    CommandRunning_getICommand               0x08001209   Thumb Code     2  commandrunning.o(i.CommandRunning_getICommand)
    CommandRunning_getName                   0x0800120d   Thumb Code     6  commandrunning.o(i.CommandRunning_getName)
    CommandTIncParser_configure              0x08001219   Thumb Code    46  commandtincparser.o(i.CommandTIncParser_configure)
    CommandTIncParser_create                 0x0800124d   Thumb Code    32  commandtincparser.o(i.CommandTIncParser_create)
    CommandTInc_create                       0x0800126d   Thumb Code    32  commandtinc.o(i.CommandTInc_create)
    CommandTInc_getICommand                  0x08001299   Thumb Code     2  commandtinc.o(i.CommandTInc_getICommand)
    CommandTInc_getName                      0x0800129d   Thumb Code     6  commandtinc.o(i.CommandTInc_getName)
    CommandTrans_create                      0x080012a9   Thumb Code    28  commandtrans.o(i.CommandTrans_create)
    CommandTrans_getICommand                 0x080012d1   Thumb Code     2  commandtrans.o(i.CommandTrans_getICommand)
    CommandTrans_getName                     0x080012d5   Thumb Code     6  commandtrans.o(i.CommandTrans_getName)
    CommandTriggerParser_configure           0x080012e1   Thumb Code   250  commandtriggerparser.o(i.CommandTriggerParser_configure)
    CommandTriggerParser_create              0x08001425   Thumb Code    44  commandtriggerparser.o(i.CommandTriggerParser_create)
    CommandTrigger_create                    0x08001451   Thumb Code    28  commandtrigger.o(i.CommandTrigger_create)
    CommandTrigger_getICommand               0x08001479   Thumb Code     2  commandtrigger.o(i.CommandTrigger_getICommand)
    CommandTrigger_getName                   0x0800147d   Thumb Code     6  commandtrigger.o(i.CommandTrigger_getName)
    CommunicationFactory_create              0x08001489   Thumb Code    16  communicationfactory.o(i.CommunicationFactory_create)
    CommunicationFactory_getIComValidator    0x08001499   Thumb Code    58  communicationfactory.o(i.CommunicationFactory_getIComValidator)
    DebugMon_Handler                         0x080014d3   Thumb Code     2  stm32l4xx_it.o(i.DebugMon_Handler)
    EthernetValidator_create                 0x080014d5   Thumb Code    28  ethernetvalidator.o(i.EthernetValidator_create)
    EthernetValidator_getIComValidator       0x08001501   Thumb Code     2  ethernetvalidator.o(i.EthernetValidator_getIComValidator)
    FloatRingBuffer_clear                    0x08001503   Thumb Code     8  floatringbuffer.o(i.FloatRingBuffer_clear)
    FloatRingBuffer_create                   0x0800150d   Thumb Code    72  floatringbuffer.o(i.FloatRingBuffer_create)
    FloatRingBuffer_freeData                 0x08001579   Thumb Code    16  floatringbuffer.o(i.FloatRingBuffer_freeData)
    FloatRingBuffer_getIFloatStream          0x08001589   Thumb Code     4  floatringbuffer.o(i.FloatRingBuffer_getIFloatStream)
    FloatRingBuffer_read                     0x0800158d   Thumb Code    70  floatringbuffer.o(i.FloatRingBuffer_read)
    FloatRingBuffer_usedData                 0x080015d3   Thumb Code    32  floatringbuffer.o(i.FloatRingBuffer_usedData)
    FloatRingBuffer_write                    0x080015f3   Thumb Code    78  floatringbuffer.o(i.FloatRingBuffer_write)
    FloatStream_create                       0x08001641   Thumb Code    38  floatstream.o(i.FloatStream_create)
    FloatStream_getIFloatStream              0x08001667   Thumb Code     6  floatstream.o(i.FloatStream_getIFloatStream)
    HAL_GPIO_Init                            0x0800166d   Thumb Code   658  stm32l4xx_hal_gpio.o(i.HAL_GPIO_Init)
    HAL_GPIO_WritePin                        0x08001985   Thumb Code    44  stm32l4xx_hal_gpio.o(i.HAL_GPIO_WritePin)
    HAL_GetTick                              0x080019ed   Thumb Code     6  stm32l4xx_hal.o(i.HAL_GetTick)
    HAL_IncTick                              0x080019f9   Thumb Code    10  stm32l4xx_hal.o(i.HAL_IncTick)
    HAL_Init                                 0x08001a09   Thumb Code    40  stm32l4xx_hal.o(i.HAL_Init)
    HAL_InitTick                             0x08001a35   Thumb Code    42  stm32l4xx_hal.o(i.HAL_InitTick)
    HAL_MspInit                              0x08001a65   Thumb Code   122  stm32l4xx_hal_msp.o(i.HAL_MspInit)
    HAL_NVIC_SetPriority                     0x08001ae5   Thumb Code    94  stm32l4xx_hal_cortex.o(i.HAL_NVIC_SetPriority)
    HAL_NVIC_SetPriorityGrouping             0x08001b85   Thumb Code    58  stm32l4xx_hal_cortex.o(i.HAL_NVIC_SetPriorityGrouping)
    HAL_PWREx_ControlVoltageScaling          0x08001c05   Thumb Code   112  stm32l4xx_hal_pwr_ex.o(i.HAL_PWREx_ControlVoltageScaling)
    HAL_PWREx_GetVoltageRange                0x08001cbd   Thumb Code    10  stm32l4xx_hal_pwr_ex.o(i.HAL_PWREx_GetVoltageRange)
    HAL_RCCEx_PeriphCLKConfig                0x08001ccd   Thumb Code  1666  stm32l4xx_hal_rcc_ex.o(i.HAL_RCCEx_PeriphCLKConfig)
    HAL_RCC_ClockConfig                      0x08002355   Thumb Code   466  stm32l4xx_hal_rcc.o(i.HAL_RCC_ClockConfig)
    HAL_RCC_GetHCLKFreq                      0x08002571   Thumb Code     6  stm32l4xx_hal_rcc.o(i.HAL_RCC_GetHCLKFreq)
    HAL_RCC_GetPCLK1Freq                     0x0800257d   Thumb Code    24  stm32l4xx_hal_rcc.o(i.HAL_RCC_GetPCLK1Freq)
    HAL_RCC_GetPCLK2Freq                     0x080025a1   Thumb Code    24  stm32l4xx_hal_rcc.o(i.HAL_RCC_GetPCLK2Freq)
    HAL_RCC_GetSysClockFreq                  0x080025c5   Thumb Code   152  stm32l4xx_hal_rcc.o(i.HAL_RCC_GetSysClockFreq)
    HAL_RCC_OscConfig                        0x08002669   Thumb Code  1594  stm32l4xx_hal_rcc.o(i.HAL_RCC_OscConfig)
    HAL_SYSTICK_CLKSourceConfig              0x08002cad   Thumb Code    40  stm32l4xx_hal_cortex.o(i.HAL_SYSTICK_CLKSourceConfig)
    HAL_SYSTICK_Callback                     0x08002d11   Thumb Code     2  stm32l4xx_hal_cortex.o(i.HAL_SYSTICK_Callback)
    HAL_SYSTICK_Config                       0x08002d13   Thumb Code    40  stm32l4xx_hal_cortex.o(i.HAL_SYSTICK_Config)
    HAL_SYSTICK_IRQHandler                   0x08002d3b   Thumb Code     8  stm32l4xx_hal_cortex.o(i.HAL_SYSTICK_IRQHandler)
    HAL_UART_Init                            0x08002d45   Thumb Code   192  stm32l4xx_hal_uart.o(i.HAL_UART_Init)
    HAL_UART_MspInit                         0x08002e59   Thumb Code    64  usart.o(i.HAL_UART_MspInit)
    HAL_UART_Receive                         0x08002ea1   Thumb Code   228  stm32l4xx_hal_uart.o(i.HAL_UART_Receive)
    HAL_UART_Transmit                        0x08002f8b   Thumb Code   176  stm32l4xx_hal_uart.o(i.HAL_UART_Transmit)
    HardFault_Handler                        0x0800303b   Thumb Code     2  stm32l4xx_it.o(i.HardFault_Handler)
    IntRingBuffer_clear                      0x0800303d   Thumb Code     8  intringbuffer.o(i.IntRingBuffer_clear)
    IntRingBuffer_create                     0x08003045   Thumb Code    72  intringbuffer.o(i.IntRingBuffer_create)
    IntRingBuffer_freeData                   0x080030b1   Thumb Code    16  intringbuffer.o(i.IntRingBuffer_freeData)
    IntRingBuffer_getIntStream               0x080030c1   Thumb Code     4  intringbuffer.o(i.IntRingBuffer_getIntStream)
    IntRingBuffer_read                       0x080030c5   Thumb Code    64  intringbuffer.o(i.IntRingBuffer_read)
    IntRingBuffer_usedData                   0x08003105   Thumb Code    32  intringbuffer.o(i.IntRingBuffer_usedData)
    IntRingBuffer_write                      0x08003125   Thumb Code    72  intringbuffer.o(i.IntRingBuffer_write)
    MX_GPIO_Init                             0x0800316d   Thumb Code   130  gpio.o(i.MX_GPIO_Init)
    MX_USART2_UART_Init                      0x080031fd   Thumb Code    56  usart.o(i.MX_USART2_UART_Init)
    MemManage_Handler                        0x0800324d   Thumb Code     2  stm32l4xx_it.o(i.MemManage_Handler)
    MsgpackPacker_create                     0x08003251   Thumb Code   172  msgpackpacker.o(i.MsgpackPacker_create)
    MsgpackPacker_getIPacker                 0x08003325   Thumb Code     4  msgpackpacker.o(i.MsgpackPacker_getIPacker)
    MsgpackUnpacker_create                   0x08003329   Thumb Code   120  msgpackunpacker.o(i.MsgpackUnpacker_create)
    MsgpackUnpacker_getIUnpacker             0x080033dd   Thumb Code     2  msgpackunpacker.o(i.MsgpackUnpacker_getIUnpacker)
    NMI_Handler                              0x080033df   Thumb Code     2  stm32l4xx_it.o(i.NMI_Handler)
    PendSV_Handler                           0x08003401   Thumb Code     2  stm32l4xx_it.o(i.PendSV_Handler)
    Receiver_create                          0x08003865   Thumb Code    42  receiver.o(i.Receiver_create)
    Receiver_getIUnpacker                    0x0800388f   Thumb Code     2  receiver.o(i.Receiver_getIUnpacker)
    Receiver_unpack                          0x08003891   Thumb Code   220  receiver.o(i.Receiver_unpack)
    SVC_Handler                              0x08003977   Thumb Code     2  stm32l4xx_it.o(i.SVC_Handler)
    Scope_announceAddresses                  0x08003979   Thumb Code    20  scope.o(i.Scope_announceAddresses)
    Scope_clear                              0x0800398d   Thumb Code    38  scope.o(i.Scope_clear)
    Scope_command                            0x080039b5   Thumb Code   130  scope.o(i.Scope_command)
    Scope_create                             0x08003a39   Thumb Code   314  scope.o(i.Scope_create)
    Scope_getInputStream                     0x08003b9b   Thumb Code     6  scope.o(i.Scope_getInputStream)
    Scope_poll                               0x08003ba1   Thumb Code    76  scope.o(i.Scope_poll)
    Scope_setAnnounceAddresses               0x08003bed   Thumb Code    14  scope.o(i.Scope_setAnnounceAddresses)
    Scope_transmitData                       0x08003bfb   Thumb Code    26  scope.o(i.Scope_transmitData)
    Sender_addressAnnouncement               0x08003c15   Thumb Code    70  sender.o(i.Sender_addressAnnouncement)
    Sender_create                            0x08003c61   Thumb Code    46  sender.o(i.Sender_create)
    Sender_flowControl                       0x08003c8f   Thumb Code    20  sender.o(i.Sender_flowControl)
    Sender_scopeData                         0x08003ca3   Thumb Code   130  sender.o(i.Sender_scopeData)
    Sender_transmit                          0x08003d25   Thumb Code    24  sender.o(i.Sender_transmit)
    SysTick_Handler                          0x08003d3d   Thumb Code    14  stm32l4xx_it.o(i.SysTick_Handler)
    SystemClock_Config                       0x08003d4d   Thumb Code   148  main.o(i.SystemClock_Config)
    SystemInit                               0x08003df1   Thumb Code    56  system_stm32l4xx.o(i.SystemInit)
    Trigger_configure                        0x08003e35   Thumb Code   108  trigger.o(i.Trigger_configure)
    Trigger_create                           0x08003ea1   Thumb Code    32  trigger.o(i.Trigger_create)
    Trigger_getChannelId                     0x08003ecd   Thumb Code     4  trigger.o(i.Trigger_getChannelId)
    Trigger_getTriggerIndex                  0x08003ed1   Thumb Code     4  trigger.o(i.Trigger_getTriggerIndex)
    Trigger_isTriggered                      0x08003ed5   Thumb Code     6  trigger.o(i.Trigger_isTriggered)
    Trigger_release                          0x08003edb   Thumb Code    10  trigger.o(i.Trigger_release)
    Trigger_run                              0x08003ee5   Thumb Code    14  trigger.o(i.Trigger_run)
    UART_AdvFeatureConfig                    0x08003ef5   Thumb Code   454  stm32l4xx_hal_uart.o(i.UART_AdvFeatureConfig)
    UART_CheckIdleState                      0x0800410d   Thumb Code    92  stm32l4xx_hal_uart.o(i.UART_CheckIdleState)
    UART_SetConfig                           0x08004169   Thumb Code   838  stm32l4xx_hal_uart.o(i.UART_SetConfig)
    UART_WaitOnFlagUntilTimeout              0x08004527   Thumb Code   100  stm32l4xx_hal_uart.o(i.UART_WaitOnFlagUntilTimeout)
    UartValidator_create                     0x0800458d   Thumb Code    28  uartvalidator.o(i.UartValidator_create)
    UartValidator_getIComValidator           0x080045b9   Thumb Code     2  uartvalidator.o(i.UartValidator_getIComValidator)
    UsageFault_Handler                       0x080045bb   Thumb Code     2  stm32l4xx_it.o(i.UsageFault_Handler)
    _Error_Handler                           0x080045bd   Thumb Code    22  main.o(i._Error_Handler)
    __0sprintf                               0x080045d5   Thumb Code    34  printfa.o(i.__0sprintf)
    __1sprintf                               0x080045d5   Thumb Code     0  printfa.o(i.__0sprintf)
    __2sprintf                               0x080045d5   Thumb Code     0  printfa.o(i.__0sprintf)
    __c89sprintf                             0x080045d5   Thumb Code     0  printfa.o(i.__0sprintf)
    sprintf                                  0x080045d5   Thumb Code     0  printfa.o(i.__0sprintf)
    __aeabi_errno_addr                       0x080045fd   Thumb Code     4  errno.o(i.__aeabi_errno_addr)
    __rt_errno_addr                          0x080045fd   Thumb Code     0  errno.o(i.__aeabi_errno_addr)
    free                                     0x08004605   Thumb Code    88  mallocr.o(i.__free$realloc)
    malloc                                   0x08004661   Thumb Code    64  mallocr.o(i.__malloc$realloc)
    __scatterload_copy                       0x080046b1   Thumb Code    14  handlers.o(i.__scatterload_copy)
    __scatterload_null                       0x080046bf   Thumb Code     2  handlers.o(i.__scatterload_null)
    __scatterload_zeroinit                   0x080046c1   Thumb Code    14  handlers.o(i.__scatterload_zeroinit)
    __sync_add_and_fetch_4                   0x080046cf   Thumb Code     8  msgpackcommon.o(i.__sync_add_and_fetch_4)
    __sync_sub_and_fetch_4                   0x080046d7   Thumb Code     8  msgpackcommon.o(i.__sync_sub_and_fetch_4)
    assert_failed                            0x08004fe7   Thumb Code     2  main.o(i.assert_failed)
    copyMemory                               0x08005155   Thumb Code    18  memory.o(i.copyMemory)
    copyString                               0x08005167   Thumb Code    16  memory.o(i.copyString)
    main                                     0x080058d1   Thumb Code   172  main.o(i.main)
    msgpack_pack_object                      0x08005da1   Thumb Code   628  objectc.o(i.msgpack_pack_object)
    msgpack_unpacker_data                    0x080062af   Thumb Code     6  unpack.o(i.msgpack_unpacker_data)
    msgpack_unpacker_destroy                 0x080062b5   Thumb Code    26  unpack.o(i.msgpack_unpacker_destroy)
    msgpack_unpacker_execute                 0x080062cf   Thumb Code    40  unpack.o(i.msgpack_unpacker_execute)
    msgpack_unpacker_flush_zone              0x080062f9   Thumb Code    42  unpack.o(i.msgpack_unpacker_flush_zone)
    msgpack_unpacker_init                    0x08006329   Thumb Code   116  unpack.o(i.msgpack_unpacker_init)
    msgpack_unpacker_next                    0x0800639d   Thumb Code    24  unpack.o(i.msgpack_unpacker_next)
    msgpack_unpacker_release_zone            0x080063b5   Thumb Code    36  unpack.o(i.msgpack_unpacker_release_zone)
    msgpack_unpacker_reset                   0x080063d9   Thumb Code    16  unpack.o(i.msgpack_unpacker_reset)
    msgpack_zone_destroy                     0x080063e9   Thumb Code    36  zone.o(i.msgpack_zone_destroy)
    msgpack_zone_free                        0x0800640d   Thumb Code    22  zone.o(i.msgpack_zone_free)
    msgpack_zone_malloc_expand               0x08006453   Thumb Code    56  zone.o(i.msgpack_zone_malloc_expand)
    msgpack_zone_new                         0x0800648b   Thumb Code    48  zone.o(i.msgpack_zone_new)
    msgpack_zone_push_finalizer_expand       0x080064df   Thumb Code    72  zone.o(i.msgpack_zone_push_finalizer_expand)
    prepareAddressAnnouncement               0x08006a51   Thumb Code    66  msgpackpacker.o(i.prepareAddressAnnouncement)
    printHandle                              0x08006b89   Thumb Code   124  main.o(i.printHandle)
    realloc                                  0x08006c59   Thumb Code   102  mallocr.o(i.realloc)
    receive                                  0x08006cc5   Thumb Code    58  main.o(i.receive)
    AHBPrescTable                            0x08007944   Data          16  system_stm32l4xx.o(.constdata)
    MSIRangeTable                            0x08007954   Data          48  system_stm32l4xx.o(.constdata)
    APBPrescTable                            0x08007984   Data           8  system_stm32l4xx.o(.constdata)
    __ctype_table                            0x080079d3   Data         129  ctype_o.o(.constdata)
    Region$$Table$$Base                      0x08007b60   Number         0  anon$$obj.o(Region$$Table)
    Region$$Table$$Limit                     0x08007b80   Number         0  anon$$obj.o(Region$$Table)
    uwTick                                   0x20000008   Data           4  stm32l4xx_hal.o(.data)
    SystemCoreClock                          0x2000000c   Data           4  system_stm32l4xx.o(.data)
    __microlib_freelist                      0x20000088   Data           4  mvars.o(.data)
    __microlib_freelist_initialised          0x2000008c   Data           4  mvars.o(.data)
    huart2                                   0x20000094   Data         120  usart.o(.bss)
    __heap_base                              0x20000110   Data           0  startup_stm32l476xx.o(HEAP)
    __heap_limit                             0x20002110   Data           0  startup_stm32l476xx.o(HEAP)
    __initial_sp                             0x20006110   Data           0  startup_stm32l476xx.o(STACK)



==============================================================================

Memory Map of the image

  Image Entry point : 0x08000189

  Load Region LR_IROM1 (Base: 0x08000000, Size: 0x00007c14, Max: 0x00100000, ABSOLUTE)

    Execution Region ER_IROM1 (Exec base: 0x08000000, Load base: 0x08000000, Size: 0x00007b80, Max: 0x00100000, ABSOLUTE)

    Exec Addr    Load Addr    Size         Type   Attr      Idx    E Section Name        Object

    0x08000000   0x08000000   0x00000188   Data   RO            3    RESET               startup_stm32l476xx.o
    0x08000188   0x08000188   0x00000000   Code   RO         5344  * .ARM.Collect$$$$00000000  mc_w.l(entry.o)
    0x08000188   0x08000188   0x00000004   Code   RO         5705    .ARM.Collect$$$$00000001  mc_w.l(entry2.o)
    0x0800018c   0x0800018c   0x00000004   Code   RO         5708    .ARM.Collect$$$$00000004  mc_w.l(entry5.o)
    0x08000190   0x08000190   0x00000000   Code   RO         5710    .ARM.Collect$$$$00000008  mc_w.l(entry7b.o)
    0x08000190   0x08000190   0x00000000   Code   RO         5712    .ARM.Collect$$$$0000000A  mc_w.l(entry8b.o)
    0x08000190   0x08000190   0x00000008   Code   RO         5713    .ARM.Collect$$$$0000000B  mc_w.l(entry9a.o)
    0x08000198   0x08000198   0x00000000   Code   RO         5715    .ARM.Collect$$$$0000000D  mc_w.l(entry10a.o)
    0x08000198   0x08000198   0x00000000   Code   RO         5717    .ARM.Collect$$$$0000000F  mc_w.l(entry11a.o)
    0x08000198   0x08000198   0x00000004   Code   RO         5706    .ARM.Collect$$$$00002712  mc_w.l(entry2.o)
    0x0800019c   0x0800019c   0x00000024   Code   RO            4    .text               startup_stm32l476xx.o
    0x080001c0   0x080001c0   0x00000068   Code   RO         5357    .text               mc_w.l(uldiv.o)
    0x08000228   0x08000228   0x00000008   Code   RO         5359    .text               mc_w.l(ctype_o.o)
    0x08000230   0x08000230   0x00000024   Code   RO         5387    .text               mc_w.l(rand.o)
    0x08000254   0x08000254   0x00000024   Code   RO         5392    .text               mc_w.l(memcpya.o)
    0x08000278   0x08000278   0x00000024   Code   RO         5394    .text               mc_w.l(memseta.o)
    0x0800029c   0x0800029c   0x00000018   Code   RO         5396    .text               mc_w.l(strncpy.o)
    0x080002b4   0x080002b4   0x0000000e   Code   RO         5398    .text               mc_w.l(strlen.o)
    0x080002c2   0x080002c2   0x0000001c   Code   RO         5400    .text               mc_w.l(strcmp.o)
    0x080002de   0x080002de   0x0000001e   Code   RO         5404    .text               mc_w.l(strncmp.o)
    0x080002fc   0x080002fc   0x0000001a   Code   RO         5697    .text               mc_w.l(atoi.o)
    0x08000316   0x08000316   0x00000026   Code   RO         5699    .text               mf_w.l(f2d.o)
    0x0800033c   0x0800033c   0x00000038   Code   RO         5703    .text               mf_w.l(d2f.o)
    0x08000374   0x08000374   0x0000002c   Code   RO         5721    .text               mc_w.l(uidiv.o)
    0x080003a0   0x080003a0   0x0000001e   Code   RO         5723    .text               mc_w.l(llshl.o)
    0x080003be   0x080003be   0x00000020   Code   RO         5725    .text               mc_w.l(llushr.o)
    0x080003de   0x080003de   0x00000070   Code   RO         5736    .text               mc_w.l(strtol.o)
    0x0800044e   0x0800044e   0x00000000   Code   RO         5738    .text               mc_w.l(iusefp.o)
    0x0800044e   0x0800044e   0x0000006e   Code   RO         5740    .text               mf_w.l(fepilogue.o)
    0x080004bc   0x080004bc   0x0000015e   Code   RO         5742    .text               mf_w.l(dadd.o)
    0x0800061a   0x0800061a   0x000000ea   Code   RO         5744    .text               mf_w.l(dmul.o)
    0x08000704   0x08000704   0x000000de   Code   RO         5746    .text               mf_w.l(ddiv.o)
    0x080007e2   0x080007e2   0x00000030   Code   RO         5748    .text               mf_w.l(dfixul.o)
    0x08000812   0x08000812   0x00000002   PAD
    0x08000814   0x08000814   0x00000030   Code   RO         5750    .text               mf_w.l(cdrcmple.o)
    0x08000844   0x08000844   0x00000024   Code   RO         5752    .text               mc_w.l(init.o)
    0x08000868   0x08000868   0x00000024   Code   RO         5754    .text               mc_w.l(llsshr.o)
    0x0800088c   0x0800088c   0x000000a4   Code   RO         5756    .text               mc_w.l(_strtoul.o)
    0x08000930   0x08000930   0x000000ba   Code   RO         5758    .text               mf_w.l(depilogue.o)
    0x080009ea   0x080009ea   0x0000001c   Code   RO         5760    .text               mc_w.l(_chval.o)
    0x08000a06   0x08000a06   0x00000002   PAD
    0x08000a08   0x08000a08   0x00000062   Code   RO         3894    i.AddressStorage_create  scope-lib.lib(addressstorage.o)
    0x08000a6a   0x08000a6a   0x0000000c   Code   RO         3897    i.AddressStorage_getAddressToTransmit  scope-lib.lib(addressstorage.o)
    0x08000a76   0x08000a76   0x00000004   Code   RO         3898    i.AddressStorage_getMaxAmountOfAddresses  scope-lib.lib(addressstorage.o)
    0x08000a7a   0x08000a7a   0x00000054   Code   RO         3899    i.AddressStorage_setAnnounceAddress  scope-lib.lib(addressstorage.o)
    0x08000ace   0x08000ace   0x00000002   Code   RO          343    i.BusFault_Handler  stm32l4xx_it.o
    0x08000ad0   0x08000ad0   0x0000006c   Code   RO         4783    i.ByteRingBuffer_create  scope-lib.lib(byteringbuffer.o)
    0x08000b3c   0x08000b3c   0x00000010   Code   RO         4785    i.ByteRingBuffer_freeData  scope-lib.lib(byteringbuffer.o)
    0x08000b4c   0x08000b4c   0x00000004   Code   RO         4787    i.ByteRingBuffer_getIByteStream  scope-lib.lib(byteringbuffer.o)
    0x08000b50   0x08000b50   0x0000003e   Code   RO         4788    i.ByteRingBuffer_read  scope-lib.lib(byteringbuffer.o)
    0x08000b8e   0x08000b8e   0x0000001c   Code   RO         4789    i.ByteRingBuffer_usedData  scope-lib.lib(byteringbuffer.o)
    0x08000baa   0x08000baa   0x00000046   Code   RO         4790    i.ByteRingBuffer_write  scope-lib.lib(byteringbuffer.o)
    0x08000bf0   0x08000bf0   0x00000026   Code   RO         3256    i.ByteStream_create  scope-lib.lib(bytestream.o)
    0x08000c16   0x08000c16   0x00000006   Code   RO         3260    i.ByteStream_getIByteStream  scope-lib.lib(bytestream.o)
    0x08000c1c   0x08000c1c   0x00000006   Code   RO         3261    i.ByteStream_length  scope-lib.lib(bytestream.o)
    0x08000c22   0x08000c22   0x00000006   Code   RO         3939    i.Channel_clear     scope-lib.lib(channel.o)
    0x08000c28   0x08000c28   0x00000030   Code   RO         3940    i.Channel_create    scope-lib.lib(channel.o)
    0x08000c58   0x08000c58   0x00000006   Code   RO         3943    i.Channel_getRingBufferFloatStream  scope-lib.lib(channel.o)
    0x08000c5e   0x08000c5e   0x00000004   Code   RO         3945    i.Channel_getTriggerDataStream  scope-lib.lib(channel.o)
    0x08000c62   0x08000c62   0x0000000e   Code   RO         3946    i.Channel_isRunning  scope-lib.lib(channel.o)
    0x08000c70   0x08000c70   0x0000007a   Code   RO         3947    i.Channel_poll      scope-lib.lib(channel.o)
    0x08000cea   0x08000cea   0x00000010   Code   RO         3948    i.Channel_setPollAddress  scope-lib.lib(channel.o)
    0x08000cfa   0x08000cfa   0x00000012   Code   RO         3949    i.Channel_setStateRunning  scope-lib.lib(channel.o)
    0x08000d0c   0x08000d0c   0x00000012   Code   RO         3950    i.Channel_setStateStopped  scope-lib.lib(channel.o)
    0x08000d1e   0x08000d1e   0x00000002   PAD
    0x08000d20   0x08000d20   0x000000c4   Code   RO         4155    i.CommandAddrParser_configure  scope-lib.lib(commandaddrparser.o)
    0x08000de4   0x08000de4   0x00000020   Code   RO         4156    i.CommandAddrParser_create  scope-lib.lib(commandaddrparser.o)
    0x08000e04   0x08000e04   0x00000054   Code   RO         4104    i.CommandAddr_create  scope-lib.lib(commandaddr.o)
    0x08000e58   0x08000e58   0x00000002   Code   RO         4106    i.CommandAddr_getICommand  scope-lib.lib(commandaddr.o)
    0x08000e5a   0x08000e5a   0x00000002   PAD
    0x08000e5c   0x08000e5c   0x0000000c   Code   RO         4107    i.CommandAddr_getName  scope-lib.lib(commandaddr.o)
    0x08000e68   0x08000e68   0x00000028   Code   RO         4206    i.CommandAnnounce_create  scope-lib.lib(commandannounce.o)
    0x08000e90   0x08000e90   0x00000002   Code   RO         4208    i.CommandAnnounce_getICommand  scope-lib.lib(commandannounce.o)
    0x08000e92   0x08000e92   0x00000002   PAD
    0x08000e94   0x08000e94   0x0000000c   Code   RO         4209    i.CommandAnnounce_getName  scope-lib.lib(commandannounce.o)
    0x08000ea0   0x08000ea0   0x00000028   Code   RO         4257    i.CommandClear_create  scope-lib.lib(commandclear.o)
    0x08000ec8   0x08000ec8   0x00000002   Code   RO         4259    i.CommandClear_getICommand  scope-lib.lib(commandclear.o)
    0x08000eca   0x08000eca   0x00000002   PAD
    0x08000ecc   0x08000ecc   0x0000000c   Code   RO         4260    i.CommandClear_getName  scope-lib.lib(commandclear.o)
    0x08000ed8   0x08000ed8   0x000000aa   Code   RO         3094    i.CommandFactory_create  scope-lib.lib(commandfactory.o)
    0x08000f82   0x08000f82   0x000000fe   Code   RO         3096    i.CommandFactory_getICommand  scope-lib.lib(commandfactory.o)
    0x08001080   0x08001080   0x00000034   Code   RO         4359    i.CommandPollParser_configure  scope-lib.lib(commandpollparser.o)
    0x080010b4   0x080010b4   0x00000020   Code   RO         4360    i.CommandPollParser_create  scope-lib.lib(commandpollparser.o)
    0x080010d4   0x080010d4   0x0000002c   Code   RO         4308    i.CommandPoll_create  scope-lib.lib(commandpoll.o)
    0x08001100   0x08001100   0x00000002   Code   RO         4310    i.CommandPoll_getICommand  scope-lib.lib(commandpoll.o)
    0x08001102   0x08001102   0x00000002   PAD
    0x08001104   0x08001104   0x0000000c   Code   RO         4311    i.CommandPoll_getName  scope-lib.lib(commandpoll.o)
    0x08001110   0x08001110   0x00000094   Code   RO         4439    i.CommandRunningParser_configure  scope-lib.lib(commandrunningparser.o)
    0x080011a4   0x080011a4   0x00000020   Code   RO         4440    i.CommandRunningParser_create  scope-lib.lib(commandrunningparser.o)
    0x080011c4   0x080011c4   0x00000044   Code   RO         4388    i.CommandRunning_create  scope-lib.lib(commandrunning.o)
    0x08001208   0x08001208   0x00000002   Code   RO         4390    i.CommandRunning_getICommand  scope-lib.lib(commandrunning.o)
    0x0800120a   0x0800120a   0x00000002   PAD
    0x0800120c   0x0800120c   0x0000000c   Code   RO         4391    i.CommandRunning_getName  scope-lib.lib(commandrunning.o)
    0x08001218   0x08001218   0x00000034   Code   RO         4520    i.CommandTIncParser_configure  scope-lib.lib(commandtincparser.o)
    0x0800124c   0x0800124c   0x00000020   Code   RO         4521    i.CommandTIncParser_create  scope-lib.lib(commandtincparser.o)
    0x0800126c   0x0800126c   0x0000002c   Code   RO         4469    i.CommandTInc_create  scope-lib.lib(commandtinc.o)
    0x08001298   0x08001298   0x00000002   Code   RO         4471    i.CommandTInc_getICommand  scope-lib.lib(commandtinc.o)
    0x0800129a   0x0800129a   0x00000002   PAD
    0x0800129c   0x0800129c   0x0000000c   Code   RO         4472    i.CommandTInc_getName  scope-lib.lib(commandtinc.o)
    0x080012a8   0x080012a8   0x00000028   Code   RO         4549    i.CommandTrans_create  scope-lib.lib(commandtrans.o)
    0x080012d0   0x080012d0   0x00000002   Code   RO         4551    i.CommandTrans_getICommand  scope-lib.lib(commandtrans.o)
    0x080012d2   0x080012d2   0x00000002   PAD
    0x080012d4   0x080012d4   0x0000000c   Code   RO         4552    i.CommandTrans_getName  scope-lib.lib(commandtrans.o)
    0x080012e0   0x080012e0   0x00000144   Code   RO         4651    i.CommandTriggerParser_configure  scope-lib.lib(commandtriggerparser.o)
    0x08001424   0x08001424   0x0000002c   Code   RO         4652    i.CommandTriggerParser_create  scope-lib.lib(commandtriggerparser.o)
    0x08001450   0x08001450   0x00000028   Code   RO         4600    i.CommandTrigger_create  scope-lib.lib(commandtrigger.o)
    0x08001478   0x08001478   0x00000002   Code   RO         4602    i.CommandTrigger_getICommand  scope-lib.lib(commandtrigger.o)
    0x0800147a   0x0800147a   0x00000002   PAD
    0x0800147c   0x0800147c   0x0000000c   Code   RO         4603    i.CommandTrigger_getName  scope-lib.lib(commandtrigger.o)
    0x08001488   0x08001488   0x00000010   Code   RO         3124    i.CommunicationFactory_create  scope-lib.lib(communicationfactory.o)
    0x08001498   0x08001498   0x0000003a   Code   RO         3126    i.CommunicationFactory_getIComValidator  scope-lib.lib(communicationfactory.o)
    0x080014d2   0x080014d2   0x00000002   Code   RO          344    i.DebugMon_Handler  stm32l4xx_it.o
    0x080014d4   0x080014d4   0x0000002c   Code   RO         4683    i.EthernetValidator_create  scope-lib.lib(ethernetvalidator.o)
    0x08001500   0x08001500   0x00000002   Code   RO         4685    i.EthernetValidator_getIComValidator  scope-lib.lib(ethernetvalidator.o)
    0x08001502   0x08001502   0x00000008   Code   RO         3328    i.FloatRingBuffer_clear  scope-lib.lib(floatringbuffer.o)
    0x0800150a   0x0800150a   0x00000002   PAD
    0x0800150c   0x0800150c   0x0000006c   Code   RO         3329    i.FloatRingBuffer_create  scope-lib.lib(floatringbuffer.o)
    0x08001578   0x08001578   0x00000010   Code   RO         3331    i.FloatRingBuffer_freeData  scope-lib.lib(floatringbuffer.o)
    0x08001588   0x08001588   0x00000004   Code   RO         3333    i.FloatRingBuffer_getIFloatStream  scope-lib.lib(floatringbuffer.o)
    0x0800158c   0x0800158c   0x00000046   Code   RO         3334    i.FloatRingBuffer_read  scope-lib.lib(floatringbuffer.o)
    0x080015d2   0x080015d2   0x00000020   Code   RO         3335    i.FloatRingBuffer_usedData  scope-lib.lib(floatringbuffer.o)
    0x080015f2   0x080015f2   0x0000004e   Code   RO         3336    i.FloatRingBuffer_write  scope-lib.lib(floatringbuffer.o)
    0x08001640   0x08001640   0x00000026   Code   RO         4893    i.FloatStream_create  scope-lib.lib(floatstream.o)
    0x08001666   0x08001666   0x00000006   Code   RO         4897    i.FloatStream_getIFloatStream  scope-lib.lib(floatstream.o)
    0x0800166c   0x0800166c   0x00000316   Code   RO         2091    i.HAL_GPIO_Init     stm32l4xx_hal_gpio.o
    0x08001982   0x08001982   0x00000002   PAD
    0x08001984   0x08001984   0x00000068   Code   RO         2095    i.HAL_GPIO_WritePin  stm32l4xx_hal_gpio.o
    0x080019ec   0x080019ec   0x0000000c   Code   RO          911    i.HAL_GetTick       stm32l4xx_hal.o
    0x080019f8   0x080019f8   0x00000010   Code   RO          915    i.HAL_IncTick       stm32l4xx_hal.o
    0x08001a08   0x08001a08   0x0000002c   Code   RO          916    i.HAL_Init          stm32l4xx_hal.o
    0x08001a34   0x08001a34   0x00000030   Code   RO          917    i.HAL_InitTick      stm32l4xx_hal.o
    0x08001a64   0x08001a64   0x00000080   Code   RO          418    i.HAL_MspInit       stm32l4xx_hal_msp.o
    0x08001ae4   0x08001ae4   0x000000a0   Code   RO         2638    i.HAL_NVIC_SetPriority  stm32l4xx_hal_cortex.o
    0x08001b84   0x08001b84   0x00000080   Code   RO         2639    i.HAL_NVIC_SetPriorityGrouping  stm32l4xx_hal_cortex.o
    0x08001c04   0x08001c04   0x000000b8   Code   RO         2382    i.HAL_PWREx_ControlVoltageScaling  stm32l4xx_hal_pwr_ex.o
    0x08001cbc   0x08001cbc   0x00000010   Code   RO         2413    i.HAL_PWREx_GetVoltageRange  stm32l4xx_hal_pwr_ex.o
    0x08001ccc   0x08001ccc   0x00000688   Code   RO         1743    i.HAL_RCCEx_PeriphCLKConfig  stm32l4xx_hal_rcc_ex.o
    0x08002354   0x08002354   0x0000021c   Code   RO         1628    i.HAL_RCC_ClockConfig  stm32l4xx_hal_rcc.o
    0x08002570   0x08002570   0x0000000c   Code   RO         1632    i.HAL_RCC_GetHCLKFreq  stm32l4xx_hal_rcc.o
    0x0800257c   0x0800257c   0x00000024   Code   RO         1634    i.HAL_RCC_GetPCLK1Freq  stm32l4xx_hal_rcc.o
    0x080025a0   0x080025a0   0x00000024   Code   RO         1635    i.HAL_RCC_GetPCLK2Freq  stm32l4xx_hal_rcc.o
    0x080025c4   0x080025c4   0x000000a4   Code   RO         1636    i.HAL_RCC_GetSysClockFreq  stm32l4xx_hal_rcc.o
    0x08002668   0x08002668   0x00000644   Code   RO         1639    i.HAL_RCC_OscConfig  stm32l4xx_hal_rcc.o
    0x08002cac   0x08002cac   0x00000064   Code   RO         2641    i.HAL_SYSTICK_CLKSourceConfig  stm32l4xx_hal_cortex.o
    0x08002d10   0x08002d10   0x00000002   Code   RO         2642    i.HAL_SYSTICK_Callback  stm32l4xx_hal_cortex.o
    0x08002d12   0x08002d12   0x00000028   Code   RO         2643    i.HAL_SYSTICK_Config  stm32l4xx_hal_cortex.o
    0x08002d3a   0x08002d3a   0x00000008   Code   RO         2644    i.HAL_SYSTICK_IRQHandler  stm32l4xx_hal_cortex.o
    0x08002d42   0x08002d42   0x00000002   PAD
    0x08002d44   0x08002d44   0x00000114   Code   RO          504    i.HAL_UART_Init     stm32l4xx_hal_uart.o
    0x08002e58   0x08002e58   0x00000048   Code   RO          302    i.HAL_UART_MspInit  usart.o
    0x08002ea0   0x08002ea0   0x000000ea   Code   RO          507    i.HAL_UART_Receive  stm32l4xx_hal_uart.o
    0x08002f8a   0x08002f8a   0x000000b0   Code   RO          512    i.HAL_UART_Transmit  stm32l4xx_hal_uart.o
    0x0800303a   0x0800303a   0x00000002   Code   RO          345    i.HardFault_Handler  stm32l4xx_it.o
    0x0800303c   0x0800303c   0x00000008   Code   RO         3439    i.IntRingBuffer_clear  scope-lib.lib(intringbuffer.o)
    0x08003044   0x08003044   0x0000006c   Code   RO         3440    i.IntRingBuffer_create  scope-lib.lib(intringbuffer.o)
    0x080030b0   0x080030b0   0x00000010   Code   RO         3442    i.IntRingBuffer_freeData  scope-lib.lib(intringbuffer.o)
    0x080030c0   0x080030c0   0x00000004   Code   RO         3444    i.IntRingBuffer_getIntStream  scope-lib.lib(intringbuffer.o)
    0x080030c4   0x080030c4   0x00000040   Code   RO         3445    i.IntRingBuffer_read  scope-lib.lib(intringbuffer.o)
    0x08003104   0x08003104   0x00000020   Code   RO         3446    i.IntRingBuffer_usedData  scope-lib.lib(intringbuffer.o)
    0x08003124   0x08003124   0x00000048   Code   RO         3447    i.IntRingBuffer_write  scope-lib.lib(intringbuffer.o)
    0x0800316c   0x0800316c   0x00000090   Code   RO          277    i.MX_GPIO_Init      gpio.o
    0x080031fc   0x080031fc   0x00000050   Code   RO          303    i.MX_USART2_UART_Init  usart.o
    0x0800324c   0x0800324c   0x00000002   Code   RO          346    i.MemManage_Handler  stm32l4xx_it.o
    0x0800324e   0x0800324e   0x00000002   PAD
    0x08003250   0x08003250   0x000000d4   Code   RO         3550    i.MsgpackPacker_create  scope-lib.lib(msgpackpacker.o)
    0x08003324   0x08003324   0x00000004   Code   RO         3552    i.MsgpackPacker_getIPacker  scope-lib.lib(msgpackpacker.o)
    0x08003328   0x08003328   0x000000b4   Code   RO         3739    i.MsgpackUnpacker_create  scope-lib.lib(msgpackunpacker.o)
    0x080033dc   0x080033dc   0x00000002   Code   RO         3741    i.MsgpackUnpacker_getIUnpacker  scope-lib.lib(msgpackunpacker.o)
    0x080033de   0x080033de   0x00000002   Code   RO          347    i.NMI_Handler       stm32l4xx_it.o
    0x080033e0   0x080033e0   0x00000020   Code   RO         2645    i.NVIC_SetPriority  stm32l4xx_hal_cortex.o
    0x08003400   0x08003400   0x00000002   Code   RO          348    i.PendSV_Handler    stm32l4xx_it.o
    0x08003402   0x08003402   0x00000002   PAD
    0x08003404   0x08003404   0x00000214   Code   RO         1747    i.RCCEx_PLLSAI1_Config  stm32l4xx_hal_rcc_ex.o
    0x08003618   0x08003618   0x000001d0   Code   RO         1748    i.RCCEx_PLLSAI2_Config  stm32l4xx_hal_rcc_ex.o
    0x080037e8   0x080037e8   0x0000007c   Code   RO         1640    i.RCC_SetFlashLatencyFromMSIRange  stm32l4xx_hal_rcc.o
    0x08003864   0x08003864   0x0000002a   Code   RO         3163    i.Receiver_create   scope-lib.lib(receiver.o)
    0x0800388e   0x0800388e   0x00000002   Code   RO         3165    i.Receiver_getIUnpacker  scope-lib.lib(receiver.o)
    0x08003890   0x08003890   0x000000e6   Code   RO         3166    i.Receiver_unpack   scope-lib.lib(receiver.o)
    0x08003976   0x08003976   0x00000002   Code   RO          349    i.SVC_Handler       stm32l4xx_it.o
    0x08003978   0x08003978   0x00000014   Code   RO         2797    i.Scope_announceAddresses  scope-lib.lib(scope.o)
    0x0800398c   0x0800398c   0x00000026   Code   RO         2798    i.Scope_clear       scope-lib.lib(scope.o)
    0x080039b2   0x080039b2   0x00000002   PAD
    0x080039b4   0x080039b4   0x00000082   Code   RO         2799    i.Scope_command     scope-lib.lib(scope.o)
    0x08003a36   0x08003a36   0x00000002   PAD
    0x08003a38   0x08003a38   0x00000162   Code   RO         2803    i.Scope_create      scope-lib.lib(scope.o)
    0x08003b9a   0x08003b9a   0x00000006   Code   RO         2805    i.Scope_getInputStream  scope-lib.lib(scope.o)
    0x08003ba0   0x08003ba0   0x0000004c   Code   RO         2807    i.Scope_poll        scope-lib.lib(scope.o)
    0x08003bec   0x08003bec   0x0000000e   Code   RO         2808    i.Scope_setAnnounceAddresses  scope-lib.lib(scope.o)
    0x08003bfa   0x08003bfa   0x0000001a   Code   RO         2811    i.Scope_transmitData  scope-lib.lib(scope.o)
    0x08003c14   0x08003c14   0x0000004c   Code   RO         3202    i.Sender_addressAnnouncement  scope-lib.lib(sender.o)
    0x08003c60   0x08003c60   0x0000002e   Code   RO         3203    i.Sender_create     scope-lib.lib(sender.o)
    0x08003c8e   0x08003c8e   0x00000014   Code   RO         3205    i.Sender_flowControl  scope-lib.lib(sender.o)
    0x08003ca2   0x08003ca2   0x00000082   Code   RO         3206    i.Sender_scopeData  scope-lib.lib(sender.o)
    0x08003d24   0x08003d24   0x00000018   Code   RO         3207    i.Sender_transmit   scope-lib.lib(sender.o)
    0x08003d3c   0x08003d3c   0x0000000e   Code   RO          350    i.SysTick_Handler   stm32l4xx_it.o
    0x08003d4a   0x08003d4a   0x00000002   PAD
    0x08003d4c   0x08003d4c   0x000000a4   Code   RO           13    i.SystemClock_Config  main.o
    0x08003df0   0x08003df0   0x00000044   Code   RO         2763    i.SystemInit        system_stm32l4xx.o
    0x08003e34   0x08003e34   0x0000006c   Code   RO         4023    i.Trigger_configure  scope-lib.lib(trigger.o)
    0x08003ea0   0x08003ea0   0x0000002c   Code   RO         4024    i.Trigger_create    scope-lib.lib(trigger.o)
    0x08003ecc   0x08003ecc   0x00000004   Code   RO         4026    i.Trigger_getChannelId  scope-lib.lib(trigger.o)
    0x08003ed0   0x08003ed0   0x00000004   Code   RO         4027    i.Trigger_getTriggerIndex  scope-lib.lib(trigger.o)
    0x08003ed4   0x08003ed4   0x00000006   Code   RO         4028    i.Trigger_isTriggered  scope-lib.lib(trigger.o)
    0x08003eda   0x08003eda   0x0000000a   Code   RO         4029    i.Trigger_release   scope-lib.lib(trigger.o)
    0x08003ee4   0x08003ee4   0x0000000e   Code   RO         4030    i.Trigger_run       scope-lib.lib(trigger.o)
    0x08003ef2   0x08003ef2   0x00000002   PAD
    0x08003ef4   0x08003ef4   0x00000218   Code   RO          517    i.UART_AdvFeatureConfig  stm32l4xx_hal_uart.o
    0x0800410c   0x0800410c   0x0000005c   Code   RO          518    i.UART_CheckIdleState  stm32l4xx_hal_uart.o
    0x08004168   0x08004168   0x000003be   Code   RO          533    i.UART_SetConfig    stm32l4xx_hal_uart.o
    0x08004526   0x08004526   0x00000064   Code   RO          536    i.UART_WaitOnFlagUntilTimeout  stm32l4xx_hal_uart.o
    0x0800458a   0x0800458a   0x00000002   PAD
    0x0800458c   0x0800458c   0x0000002c   Code   RO         4730    i.UartValidator_create  scope-lib.lib(uartvalidator.o)
    0x080045b8   0x080045b8   0x00000002   Code   RO         4732    i.UartValidator_getIComValidator  scope-lib.lib(uartvalidator.o)
    0x080045ba   0x080045ba   0x00000002   Code   RO          351    i.UsageFault_Handler  stm32l4xx_it.o
    0x080045bc   0x080045bc   0x00000016   Code   RO           14    i._Error_Handler    main.o
    0x080045d2   0x080045d2   0x00000002   PAD
    0x080045d4   0x080045d4   0x00000028   Code   RO         5643    i.__0sprintf        mc_w.l(printfa.o)
    0x080045fc   0x080045fc   0x00000008   Code   RO         5729    i.__aeabi_errno_addr  mc_w.l(errno.o)
    0x08004604   0x08004604   0x0000005c   Code   RO         5673    i.__free$realloc    mc_w.l(mallocr.o)
    0x08004660   0x08004660   0x00000050   Code   RO         5674    i.__malloc$realloc  mc_w.l(mallocr.o)
    0x080046b0   0x080046b0   0x0000000e   Code   RO         5764    i.__scatterload_copy  mc_w.l(handlers.o)
    0x080046be   0x080046be   0x00000002   Code   RO         5765    i.__scatterload_null  mc_w.l(handlers.o)
    0x080046c0   0x080046c0   0x0000000e   Code   RO         5766    i.__scatterload_zeroinit  mc_w.l(handlers.o)
    0x080046ce   0x080046ce   0x00000008   Code   RO         5325    i.__sync_add_and_fetch_4  scope-lib.lib(msgpackcommon.o)
    0x080046d6   0x080046d6   0x00000008   Code   RO         5319    i.__sync_sub_and_fetch_4  scope-lib.lib(msgpackcommon.o)
    0x080046de   0x080046de   0x00000002   PAD
    0x080046e0   0x080046e0   0x0000018a   Code   RO         5648    i._fp_digits        mc_w.l(printfa.o)
    0x0800486a   0x0800486a   0x00000002   PAD
    0x0800486c   0x0800486c   0x000006e2   Code   RO         5649    i._printf_core      mc_w.l(printfa.o)
    0x08004f4e   0x08004f4e   0x00000024   Code   RO         5650    i._printf_post_padding  mc_w.l(printfa.o)
    0x08004f72   0x08004f72   0x0000002e   Code   RO         5651    i._printf_pre_padding  mc_w.l(printfa.o)
    0x08004fa0   0x08004fa0   0x0000000a   Code   RO         5653    i._sputc            mc_w.l(printfa.o)
    0x08004faa   0x08004faa   0x0000003c   Code   RO         3742    i.activateNewMessage  scope-lib.lib(msgpackunpacker.o)
    0x08004fe6   0x08004fe6   0x00000002   Code   RO           15    i.assert_failed     main.o
    0x08004fe8   0x08004fe8   0x00000018   Code   RO         5225    i.call_finalizer_array  scope-lib.lib(zone.o)
    0x08005000   0x08005000   0x00000060   Code   RO         4031    i.checkCurrentData  scope-lib.lib(trigger.o)
    0x08005060   0x08005060   0x00000004   Code   RO         4686    i.checkPresentInProtocol  scope-lib.lib(ethernetvalidator.o)
    0x08005064   0x08005064   0x00000004   Code   RO         4733    i.checkPresentInProtocol  scope-lib.lib(uartvalidator.o)
    0x08005068   0x08005068   0x00000002   Code   RO         3337    i.closeStream       scope-lib.lib(floatringbuffer.o)
    0x0800506a   0x0800506a   0x00000002   Code   RO         3448    i.closeStream       scope-lib.lib(intringbuffer.o)
    0x0800506c   0x0800506c   0x00000002   Code   RO         4791    i.closeStream       scope-lib.lib(byteringbuffer.o)
    0x0800506e   0x0800506e   0x00000002   PAD
    0x08005070   0x08005070   0x000000e4   Code   RO         3553    i.constructBase     scope-lib.lib(msgpackpacker.o)
    0x08005154   0x08005154   0x00000012   Code   RO         4962    i.copyMemory        scope-lib.lib(memory.o)
    0x08005166   0x08005166   0x00000010   Code   RO         4963    i.copyString        scope-lib.lib(memory.o)
    0x08005176   0x08005176   0x00000002   Code   RO         4687    i.createCheck       scope-lib.lib(ethernetvalidator.o)
    0x08005178   0x08005178   0x00000010   Code   RO         4734    i.createCheck       scope-lib.lib(uartvalidator.o)
    0x08005188   0x08005188   0x00000010   Code   RO         3338    i.dataIsReady       scope-lib.lib(floatringbuffer.o)
    0x08005198   0x08005198   0x00000010   Code   RO         3449    i.dataIsReady       scope-lib.lib(intringbuffer.o)
    0x080051a8   0x080051a8   0x00000010   Code   RO         4792    i.dataIsReady       scope-lib.lib(byteringbuffer.o)
    0x080051b8   0x080051b8   0x0000001a   Code   RO         5052    i.decr_count        scope-lib.lib(unpack.o)
    0x080051d2   0x080051d2   0x0000000a   Code   RO         3339    i.flush             scope-lib.lib(floatringbuffer.o)
    0x080051dc   0x080051dc   0x0000000a   Code   RO         3450    i.flush             scope-lib.lib(intringbuffer.o)
    0x080051e6   0x080051e6   0x0000000a   Code   RO         4793    i.flush             scope-lib.lib(byteringbuffer.o)
    0x080051f0   0x080051f0   0x00000024   Code   RO         4735    i.generate          scope-lib.lib(uartvalidator.o)
    0x08005214   0x08005214   0x0000003e   Code   RO         3743    i.getArrayObject    scope-lib.lib(msgpackunpacker.o)
    0x08005252   0x08005252   0x00000082   Code   RO         3744    i.getBoolFromCommand  scope-lib.lib(msgpackunpacker.o)
    0x080052d4   0x080052d4   0x00000006   Code   RO         3554    i.getByteStream     scope-lib.lib(msgpackpacker.o)
    0x080052da   0x080052da   0x0000000e   Code   RO         3745    i.getBytesToCheck   scope-lib.lib(msgpackunpacker.o)
    0x080052e8   0x080052e8   0x00000044   Code   RO         3746    i.getCheck          scope-lib.lib(msgpackunpacker.o)
    0x0800532c   0x0800532c   0x00000004   Code   RO         4688    i.getCheckLength    scope-lib.lib(ethernetvalidator.o)
    0x08005330   0x08005330   0x00000004   Code   RO         4736    i.getCheckLength    scope-lib.lib(uartvalidator.o)
    0x08005334   0x08005334   0x0000005e   Code   RO         3747    i.getCmdObj         scope-lib.lib(msgpackunpacker.o)
    0x08005392   0x08005392   0x00000002   PAD
    0x08005394   0x08005394   0x00000080   Code   RO         3748    i.getCommandMap     scope-lib.lib(msgpackunpacker.o)
    0x08005414   0x08005414   0x0000000c   Code   RO         4108    i.getCommandName    scope-lib.lib(commandaddr.o)
    0x08005420   0x08005420   0x0000000c   Code   RO         4210    i.getCommandName    scope-lib.lib(commandannounce.o)
    0x0800542c   0x0800542c   0x0000000c   Code   RO         4261    i.getCommandName    scope-lib.lib(commandclear.o)
    0x08005438   0x08005438   0x0000000c   Code   RO         4312    i.getCommandName    scope-lib.lib(commandpoll.o)
    0x08005444   0x08005444   0x0000000c   Code   RO         4392    i.getCommandName    scope-lib.lib(commandrunning.o)
    0x08005450   0x08005450   0x0000000c   Code   RO         4473    i.getCommandName    scope-lib.lib(commandtinc.o)
    0x0800545c   0x0800545c   0x0000000c   Code   RO         4553    i.getCommandName    scope-lib.lib(commandtrans.o)
    0x08005468   0x08005468   0x0000000c   Code   RO         4604    i.getCommandName    scope-lib.lib(commandtrigger.o)
    0x08005474   0x08005474   0x00000074   Code   RO         3749    i.getFieldFromCommand  scope-lib.lib(msgpackunpacker.o)
    0x080054e8   0x080054e8   0x000000c8   Code   RO         3750    i.getFloatFromCommand  scope-lib.lib(msgpackunpacker.o)
    0x080055b0   0x080055b0   0x00000082   Code   RO         3751    i.getIntFromCommand  scope-lib.lib(msgpackunpacker.o)
    0x08005632   0x08005632   0x00000008   Code   RO         3752    i.getLengthOfBytesToCheck  scope-lib.lib(msgpackunpacker.o)
    0x0800563a   0x0800563a   0x00000002   PAD
    0x0800563c   0x0800563c   0x0000003c   Code   RO         3753    i.getLengthOfCheck  scope-lib.lib(msgpackunpacker.o)
    0x08005678   0x08005678   0x00000056   Code   RO         3754    i.getNameOfCommand  scope-lib.lib(msgpackunpacker.o)
    0x080056ce   0x080056ce   0x0000005e   Code   RO         3755    i.getNameOfField    scope-lib.lib(msgpackunpacker.o)
    0x0800572c   0x0800572c   0x00000008   Code   RO         3756    i.getNumberOfCommands  scope-lib.lib(msgpackunpacker.o)
    0x08005734   0x08005734   0x00000032   Code   RO         3757    i.getNumberOfFields  scope-lib.lib(msgpackunpacker.o)
    0x08005766   0x08005766   0x0000008e   Code   RO         3758    i.getStringFromCommand  scope-lib.lib(msgpackunpacker.o)
    0x080057f4   0x080057f4   0x00000006   Code   RO         2812    i.getTimeIncrement  scope-lib.lib(scope.o)
    0x080057fa   0x080057fa   0x00000008   Code   RO         2813    i.getTimestamp      scope-lib.lib(scope.o)
    0x08005802   0x08005802   0x00000006   Code   RO         2814    i.iScopeAnnounce    scope-lib.lib(scope.o)
    0x08005808   0x08005808   0x00000006   Code   RO         2815    i.iScopeClear       scope-lib.lib(scope.o)
    0x0800580e   0x0800580e   0x00000006   Code   RO         2816    i.iScopePoll        scope-lib.lib(scope.o)
    0x08005814   0x08005814   0x00000006   Code   RO         2817    i.iScopeSetTimeIncrement  scope-lib.lib(scope.o)
    0x0800581a   0x0800581a   0x00000014   Code   RO         2818    i.iScopeTransmit    scope-lib.lib(scope.o)
    0x0800582e   0x0800582e   0x00000030   Code   RO         3555    i.incrementPayloadField  scope-lib.lib(msgpackpacker.o)
    0x0800585e   0x0800585e   0x00000020   Code   RO         5226    i.init_chunk_list   scope-lib.lib(zone.o)
    0x0800587e   0x0800587e   0x00000002   PAD
    0x08005880   0x08005880   0x00000050   Code   RO         5675    i.internal_alloc    mc_w.l(mallocr.o)
    0x080058d0   0x080058d0   0x000000cc   Code   RO           16    i.main              main.o
    0x0800599c   0x0800599c   0x0000007c   Code   RO         3759    i.matchKeyToIndex   scope-lib.lib(msgpackunpacker.o)
    0x08005a18   0x08005a18   0x0000006c   Code   RO         3760    i.matchKeyToObj     scope-lib.lib(msgpackunpacker.o)
    0x08005a84   0x08005a84   0x00000098   Code   RO         3761    i.messageSeemsValid  scope-lib.lib(msgpackunpacker.o)
    0x08005b1c   0x08005b1c   0x0000000e   Code   RO         3762    i.msgpackObjIsMap   scope-lib.lib(msgpackunpacker.o)
    0x08005b2a   0x08005b2a   0x00000052   Code   RO         3556    i.msgpack_pack_array  scope-lib.lib(msgpackpacker.o)
    0x08005b7c   0x08005b7c   0x0000008e   Code   RO         4985    i.msgpack_pack_ext  scope-lib.lib(objectc.o)
    0x08005c0a   0x08005c0a   0x00000002   PAD
    0x08005c0c   0x08005c0c   0x00000140   Code   RO         4986    i.msgpack_pack_int64  scope-lib.lib(objectc.o)
    0x08005d4c   0x08005d4c   0x00000052   Code   RO         3557    i.msgpack_pack_map  scope-lib.lib(msgpackpacker.o)
    0x08005d9e   0x08005d9e   0x00000002   PAD
    0x08005da0   0x08005da0   0x00000278   Code   RO         4987    i.msgpack_pack_object  scope-lib.lib(objectc.o)
    0x08006018   0x08006018   0x0000005c   Code   RO         3558    i.msgpack_pack_str  scope-lib.lib(msgpackpacker.o)
    0x08006074   0x08006074   0x0000000e   Code   RO         3559    i.msgpack_pack_str_body  scope-lib.lib(msgpackpacker.o)
    0x08006082   0x08006082   0x00000002   PAD
    0x08006084   0x08006084   0x00000070   Code   RO         3560    i.msgpack_pack_uint32  scope-lib.lib(msgpackpacker.o)
    0x080060f4   0x080060f4   0x000000d8   Code   RO         4988    i.msgpack_pack_uint64  scope-lib.lib(objectc.o)
    0x080061cc   0x080061cc   0x00000060   Code   RO         3561    i.msgpack_sbuffer_write  scope-lib.lib(msgpackpacker.o)
    0x0800622c   0x0800622c   0x00000060   Code   RO         3763    i.msgpack_sbuffer_write  scope-lib.lib(msgpackunpacker.o)
    0x0800628c   0x0800628c   0x00000022   Code   RO         5055    i.msgpack_unpacked_destroy  scope-lib.lib(unpack.o)
    0x080062ae   0x080062ae   0x00000006   Code   RO         5056    i.msgpack_unpacker_data  scope-lib.lib(unpack.o)
    0x080062b4   0x080062b4   0x0000001a   Code   RO         5057    i.msgpack_unpacker_destroy  scope-lib.lib(unpack.o)
    0x080062ce   0x080062ce   0x00000028   Code   RO         5058    i.msgpack_unpacker_execute  scope-lib.lib(unpack.o)
    0x080062f6   0x080062f6   0x00000002   PAD
    0x080062f8   0x080062f8   0x00000030   Code   RO         5060    i.msgpack_unpacker_flush_zone  scope-lib.lib(unpack.o)
    0x08006328   0x08006328   0x00000074   Code   RO         5062    i.msgpack_unpacker_init  scope-lib.lib(unpack.o)
    0x0800639c   0x0800639c   0x00000018   Code   RO         5064    i.msgpack_unpacker_next  scope-lib.lib(unpack.o)
    0x080063b4   0x080063b4   0x00000024   Code   RO         5066    i.msgpack_unpacker_release_zone  scope-lib.lib(unpack.o)
    0x080063d8   0x080063d8   0x00000010   Code   RO         5067    i.msgpack_unpacker_reset  scope-lib.lib(unpack.o)
    0x080063e8   0x080063e8   0x00000024   Code   RO         5228    i.msgpack_zone_destroy  scope-lib.lib(zone.o)
    0x0800640c   0x0800640c   0x00000016   Code   RO         5229    i.msgpack_zone_free  scope-lib.lib(zone.o)
    0x08006422   0x08006422   0x00000030   Code   RO         5069    i.msgpack_zone_malloc  scope-lib.lib(unpack.o)
    0x08006452   0x08006452   0x00000038   Code   RO         5232    i.msgpack_zone_malloc_expand  scope-lib.lib(zone.o)
    0x0800648a   0x0800648a   0x00000030   Code   RO         5233    i.msgpack_zone_new  scope-lib.lib(zone.o)
    0x080064ba   0x080064ba   0x00000024   Code   RO         5070    i.msgpack_zone_push_finalizer  scope-lib.lib(unpack.o)
    0x080064de   0x080064de   0x00000048   Code   RO         5234    i.msgpack_zone_push_finalizer_expand  scope-lib.lib(zone.o)
    0x08006526   0x08006526   0x00000018   Code   RO         3340    i.nextIndex         scope-lib.lib(floatringbuffer.o)
    0x0800653e   0x0800653e   0x00000018   Code   RO         3451    i.nextIndex         scope-lib.lib(intringbuffer.o)
    0x08006556   0x08006556   0x00000014   Code   RO         4794    i.nextIndex         scope-lib.lib(byteringbuffer.o)
    0x0800656a   0x0800656a   0x00000002   Code   RO         3341    i.openStream        scope-lib.lib(floatringbuffer.o)
    0x0800656c   0x0800656c   0x00000002   Code   RO         3452    i.openStream        scope-lib.lib(intringbuffer.o)
    0x0800656e   0x0800656e   0x00000002   Code   RO         4795    i.openStream        scope-lib.lib(byteringbuffer.o)
    0x08006570   0x08006570   0x000000e4   Code   RO         3562    i.packAddresses     scope-lib.lib(msgpackpacker.o)
    0x08006654   0x08006654   0x000000ec   Code   RO         3563    i.packChannel       scope-lib.lib(msgpackpacker.o)
    0x08006740   0x08006740   0x000000c8   Code   RO         3564    i.packData          scope-lib.lib(msgpackpacker.o)
    0x08006808   0x08006808   0x00000064   Code   RO         3565    i.packFlowControl   scope-lib.lib(msgpackpacker.o)
    0x0800686c   0x0800686c   0x00000080   Code   RO         3566    i.packTimestamp     scope-lib.lib(msgpackpacker.o)
    0x080068ec   0x080068ec   0x000000ec   Code   RO         3567    i.packTrigger       scope-lib.lib(msgpackpacker.o)
    0x080069d8   0x080069d8   0x00000078   Code   RO         4158    i.parseStringToDataType  scope-lib.lib(commandaddrparser.o)
    0x08006a50   0x08006a50   0x00000042   Code   RO         3568    i.prepareAddressAnnouncement  scope-lib.lib(msgpackpacker.o)
    0x08006a92   0x08006a92   0x0000004c   Code   RO         3569    i.prepareChannel    scope-lib.lib(msgpackpacker.o)
    0x08006ade   0x08006ade   0x00000038   Code   RO         3570    i.prepareFlowControl  scope-lib.lib(msgpackpacker.o)
    0x08006b16   0x08006b16   0x00000024   Code   RO         3571    i.prepareTimeIncrement  scope-lib.lib(msgpackpacker.o)
    0x08006b3a   0x08006b3a   0x00000024   Code   RO         3572    i.prepareTimestamp  scope-lib.lib(msgpackpacker.o)
    0x08006b5e   0x08006b5e   0x00000028   Code   RO         3573    i.prepareTrigger    scope-lib.lib(msgpackpacker.o)
    0x08006b86   0x08006b86   0x00000002   PAD
    0x08006b88   0x08006b88   0x00000088   Code   RO           17    i.printHandle       main.o
    0x08006c10   0x08006c10   0x00000006   Code   RO         3342    i.readAll           scope-lib.lib(floatringbuffer.o)
    0x08006c16   0x08006c16   0x00000006   Code   RO         3453    i.readAll           scope-lib.lib(intringbuffer.o)
    0x08006c1c   0x08006c1c   0x00000006   Code   RO         4796    i.readAll           scope-lib.lib(byteringbuffer.o)
    0x08006c22   0x08006c22   0x00000012   Code   RO         3343    i.readData          scope-lib.lib(floatringbuffer.o)
    0x08006c34   0x08006c34   0x00000010   Code   RO         3454    i.readData          scope-lib.lib(intringbuffer.o)
    0x08006c44   0x08006c44   0x00000012   Code   RO         4797    i.readData          scope-lib.lib(byteringbuffer.o)
    0x08006c56   0x08006c56   0x00000002   PAD
    0x08006c58   0x08006c58   0x0000006c   Code   RO         5676    i.realloc           mc_w.l(mallocr.o)
    0x08006cc4   0x08006cc4   0x00000040   Code   RO           18    i.receive           main.o
    0x08006d04   0x08006d04   0x00000028   Code   RO         3574    i.reset             scope-lib.lib(msgpackpacker.o)
    0x08006d2c   0x08006d2c   0x00000032   Code   RO         4109    i.run               scope-lib.lib(commandaddr.o)
    0x08006d5e   0x08006d5e   0x00000008   Code   RO         4211    i.run               scope-lib.lib(commandannounce.o)
    0x08006d66   0x08006d66   0x00000008   Code   RO         4262    i.run               scope-lib.lib(commandclear.o)
    0x08006d6e   0x08006d6e   0x0000000a   Code   RO         4313    i.run               scope-lib.lib(commandpoll.o)
    0x08006d78   0x08006d78   0x0000003c   Code   RO         4393    i.run               scope-lib.lib(commandrunning.o)
    0x08006db4   0x08006db4   0x0000000a   Code   RO         4474    i.run               scope-lib.lib(commandtinc.o)
    0x08006dbe   0x08006dbe   0x00000008   Code   RO         4554    i.run               scope-lib.lib(commandtrans.o)
    0x08006dc6   0x08006dc6   0x00000020   Code   RO         4605    i.run               scope-lib.lib(commandtrigger.o)
    0x08006de6   0x08006de6   0x00000002   PAD
    0x08006de8   0x08006de8   0x00000056   Code   RO         4110    i.setCommandAttribute  scope-lib.lib(commandaddr.o)
    0x08006e3e   0x08006e3e   0x00000002   Code   RO         4212    i.setCommandAttribute  scope-lib.lib(commandannounce.o)
    0x08006e40   0x08006e40   0x00000002   Code   RO         4263    i.setCommandAttribute  scope-lib.lib(commandclear.o)
    0x08006e42   0x08006e42   0x00000008   Code   RO         4314    i.setCommandAttribute  scope-lib.lib(commandpoll.o)
    0x08006e4a   0x08006e4a   0x00000002   PAD
    0x08006e4c   0x08006e4c   0x0000004c   Code   RO         4394    i.setCommandAttribute  scope-lib.lib(commandrunning.o)
    0x08006e98   0x08006e98   0x00000008   Code   RO         4475    i.setCommandAttribute  scope-lib.lib(commandtinc.o)
    0x08006ea0   0x08006ea0   0x00000002   Code   RO         4555    i.setCommandAttribute  scope-lib.lib(commandtrans.o)
    0x08006ea2   0x08006ea2   0x0000001e   Code   RO         4606    i.setCommandAttribute  scope-lib.lib(commandtrigger.o)
    0x08006ec0   0x08006ec0   0x00000006   Code   RO         3344    i.streamLength      scope-lib.lib(floatringbuffer.o)
    0x08006ec6   0x08006ec6   0x00000006   Code   RO         3455    i.streamLength      scope-lib.lib(intringbuffer.o)
    0x08006ecc   0x08006ecc   0x00000006   Code   RO         4798    i.streamLength      scope-lib.lib(byteringbuffer.o)
    0x08006ed2   0x08006ed2   0x00000034   Code   RO         5071    i.template_callback_array  scope-lib.lib(unpack.o)
    0x08006f06   0x08006f06   0x00000016   Code   RO         5072    i.template_callback_int8  scope-lib.lib(unpack.o)
    0x08006f1c   0x08006f1c   0x00000034   Code   RO         5073    i.template_callback_map  scope-lib.lib(unpack.o)
    0x08006f50   0x08006f50   0x00000008   Code   RO         5074    i.template_data     scope-lib.lib(unpack.o)
    0x08006f58   0x08006f58   0x000007e2   Code   RO         5075    i.template_execute  scope-lib.lib(unpack.o)
    0x0800773a   0x0800773a   0x0000002c   Code   RO         5076    i.template_init     scope-lib.lib(unpack.o)
    0x08007766   0x08007766   0x00000014   Code   RO         2819    i.transmitTimestampInc  scope-lib.lib(scope.o)
    0x0800777a   0x0800777a   0x00000004   Code   RO         4032    i.triggerContinuous  scope-lib.lib(trigger.o)
    0x0800777e   0x0800777e   0x0000003e   Code   RO         4033    i.triggerNormal     scope-lib.lib(trigger.o)
    0x080077bc   0x080077bc   0x00000004   Code   RO         4034    i.triggerOneShot    scope-lib.lib(trigger.o)
    0x080077c0   0x080077c0   0x000000c0   Code   RO         3764    i.unpack            scope-lib.lib(msgpackunpacker.o)
    0x08007880   0x08007880   0x00000052   Code   RO         5077    i.unpacker_next     scope-lib.lib(unpack.o)
    0x080078d2   0x080078d2   0x00000004   Code   RO         4689    i.validateCheck     scope-lib.lib(ethernetvalidator.o)
    0x080078d6   0x080078d6   0x0000002c   Code   RO         4737    i.validateCheck     scope-lib.lib(uartvalidator.o)
    0x08007902   0x08007902   0x00000006   Code   RO         3345    i.writeAll          scope-lib.lib(floatringbuffer.o)
    0x08007908   0x08007908   0x00000006   Code   RO         3456    i.writeAll          scope-lib.lib(intringbuffer.o)
    0x0800790e   0x0800790e   0x00000006   Code   RO         4799    i.writeAll          scope-lib.lib(byteringbuffer.o)
    0x08007914   0x08007914   0x00000012   Code   RO         3346    i.writeData         scope-lib.lib(floatringbuffer.o)
    0x08007926   0x08007926   0x0000000e   Code   RO         3457    i.writeData         scope-lib.lib(intringbuffer.o)
    0x08007934   0x08007934   0x0000000e   Code   RO         4800    i.writeData         scope-lib.lib(byteringbuffer.o)
    0x08007942   0x08007942   0x00000002   PAD
    0x08007944   0x08007944   0x00000040   Data   RO         2764    .constdata          system_stm32l4xx.o
    0x08007984   0x08007984   0x00000008   Data   RO         2765    .constdata          system_stm32l4xx.o
    0x0800798c   0x0800798c   0x00000003   Data   RO         3575    .constdata          scope-lib.lib(msgpackpacker.o)
    0x0800798f   0x0800798f   0x00000001   PAD
    0x08007990   0x08007990   0x00000010   Data   RO         4159    .constdata          scope-lib.lib(commandaddrparser.o)
    0x080079a0   0x080079a0   0x00000010   Data   RO         4362    .constdata          scope-lib.lib(commandpollparser.o)
    0x080079b0   0x080079b0   0x00000010   Data   RO         4523    .constdata          scope-lib.lib(commandtincparser.o)
    0x080079c0   0x080079c0   0x00000010   Data   RO         4654    .constdata          scope-lib.lib(commandtriggerparser.o)
    0x080079d0   0x080079d0   0x00000003   Data   RO         4989    .constdata          scope-lib.lib(objectc.o)
    0x080079d3   0x080079d3   0x00000081   Data   RO         5360    .constdata          mc_w.l(ctype_o.o)
    0x08007a54   0x08007a54   0x00000004   Data   RO         5361    .constdata          mc_w.l(ctype_o.o)
    0x08007a58   0x08007a58   0x00000008   Data   RO         3167    .conststring        scope-lib.lib(receiver.o)
    0x08007a60   0x08007a60   0x0000002e   Data   RO         3208    .conststring        scope-lib.lib(sender.o)
    0x08007a8e   0x08007a8e   0x00000002   PAD
    0x08007a90   0x08007a90   0x00000076   Data   RO         3576    .conststring        scope-lib.lib(msgpackpacker.o)
    0x08007b06   0x08007b06   0x00000002   PAD
    0x08007b08   0x08007b08   0x00000008   Data   RO         4111    .conststring        scope-lib.lib(commandaddr.o)
    0x08007b10   0x08007b10   0x0000000c   Data   RO         4213    .conststring        scope-lib.lib(commandannounce.o)
    0x08007b1c   0x08007b1c   0x00000009   Data   RO         4264    .conststring        scope-lib.lib(commandclear.o)
    0x08007b25   0x08007b25   0x00000003   PAD
    0x08007b28   0x08007b28   0x00000008   Data   RO         4315    .conststring        scope-lib.lib(commandpoll.o)
    0x08007b30   0x08007b30   0x00000001   Data   RO         4363    .conststring        scope-lib.lib(commandpollparser.o)
    0x08007b31   0x08007b31   0x00000003   PAD
    0x08007b34   0x08007b34   0x0000000b   Data   RO         4395    .conststring        scope-lib.lib(commandrunning.o)
    0x08007b3f   0x08007b3f   0x00000001   PAD
    0x08007b40   0x08007b40   0x00000009   Data   RO         4476    .conststring        scope-lib.lib(commandtinc.o)
    0x08007b49   0x08007b49   0x00000003   PAD
    0x08007b4c   0x08007b4c   0x00000009   Data   RO         4556    .conststring        scope-lib.lib(commandtrans.o)
    0x08007b55   0x08007b55   0x00000003   PAD
    0x08007b58   0x08007b58   0x00000007   Data   RO         4607    .conststring        scope-lib.lib(commandtrigger.o)
    0x08007b5f   0x08007b5f   0x00000001   PAD
    0x08007b60   0x08007b60   0x00000020   Data   RO         5762    Region$$Table       anon$$obj.o


    Execution Region RW_IRAM1 (Exec base: 0x20000000, Load base: 0x08007b80, Size: 0x00006110, Max: 0x00018000, ABSOLUTE)

    Exec Addr    Load Addr    Size         Type   Attr      Idx    E Section Name        Object

    0x20000000   0x08007b80   0x00000008   Data   RW           19    .data               main.o
    0x20000008   0x08007b88   0x00000004   Data   RW          932    .data               stm32l4xx_hal.o
    0x2000000c   0x08007b8c   0x00000004   Data   RW         2766    .data               system_stm32l4xx.o
    0x20000010   0x08007b90   0x00000008   Data   RW         3168    .data               scope-lib.lib(receiver.o)
    0x20000018   0x08007b98   0x00000018   Data   RW         3209    .data               scope-lib.lib(sender.o)
    0x20000030   0x08007bb0   0x00000034   Data   RW         3577    .data               scope-lib.lib(msgpackpacker.o)
    0x20000064   0x08007be4   0x00000004   Data   RW         4112    .data               scope-lib.lib(commandaddr.o)
    0x20000068   0x08007be8   0x00000004   Data   RW         4214    .data               scope-lib.lib(commandannounce.o)
    0x2000006c   0x08007bec   0x00000004   Data   RW         4265    .data               scope-lib.lib(commandclear.o)
    0x20000070   0x08007bf0   0x00000004   Data   RW         4316    .data               scope-lib.lib(commandpoll.o)
    0x20000074   0x08007bf4   0x00000004   Data   RW         4396    .data               scope-lib.lib(commandrunning.o)
    0x20000078   0x08007bf8   0x00000004   Data   RW         4477    .data               scope-lib.lib(commandtinc.o)
    0x2000007c   0x08007bfc   0x00000004   Data   RW         4557    .data               scope-lib.lib(commandtrans.o)
    0x20000080   0x08007c00   0x00000004   Data   RW         4608    .data               scope-lib.lib(commandtrigger.o)
    0x20000084   0x08007c04   0x00000004   Data   RW         5388    .data               mc_w.l(rand.o)
    0x20000088   0x08007c08   0x00000004   Data   RW         5727    .data               mc_w.l(mvars.o)
    0x2000008c   0x08007c0c   0x00000004   Data   RW         5728    .data               mc_w.l(mvars.o)
    0x20000090   0x08007c10   0x00000004   Data   RW         5732    .data               mc_w.l(errno.o)
    0x20000094        -       0x00000078   Zero   RW          304    .bss                usart.o
    0x2000010c   0x08007c14   0x00000004   PAD
    0x20000110        -       0x00002000   Zero   RW            2    HEAP                startup_stm32l476xx.o
    0x20002110        -       0x00004000   Zero   RW            1    STACK               startup_stm32l476xx.o


==============================================================================

Image component sizes


      Code (inc. data)   RO Data    RW Data    ZI Data      Debug   Object Name

       144         14          0          0          0       1151   gpio.o
       592         66          0          8          0     795081   main.o
        36          8        392          0      24576        880   startup_stm32l476xx.o
       120         22          0          4          0       3935   stm32l4xx_hal.o
       470        196          0          0          0      31948   stm32l4xx_hal_cortex.o
       894        186          0          0          0       2884   stm32l4xx_hal_gpio.o
       128          6          0          0          0       1114   stm32l4xx_hal_msp.o
       200         78          0          0          0       1490   stm32l4xx_hal_pwr_ex.o
      2516        206          0          0          0       8028   stm32l4xx_hal_rcc.o
      2668        232          0          0          0       4712   stm32l4xx_hal_rcc_ex.o
      2372        300          0          0          0       8424   stm32l4xx_hal_uart.o
        30          0          0          0          0       4514   stm32l4xx_it.o
        68         12         72          4          0       1469   system_stm32l4xx.o
       152         32          0          0        120       1942   usart.o

    ----------------------------------------------------------------------
     10404       1358        496         16      24700     867572   Object Totals
         0          0         32          0          0          0   (incl. Generated)
        14          0          0          0          4          0   (incl. Padding)

    ----------------------------------------------------------------------

      Code (inc. data)   RO Data    RW Data    ZI Data      Debug   Library Member Name

        28          0          0          0          0         68   _chval.o
       164          0          0          0          0         92   _strtoul.o
        26          0          0          0          0         80   atoi.o
         8          4        133          0          0         68   ctype_o.o
         0          0          0          0          0          0   entry.o
         0          0          0          0          0          0   entry10a.o
         0          0          0          0          0          0   entry11a.o
         8          4          0          0          0          0   entry2.o
         4          0          0          0          0          0   entry5.o
         0          0          0          0          0          0   entry7b.o
         0          0          0          0          0          0   entry8b.o
         8          4          0          0          0          0   entry9a.o
         8          4          0          4          0         68   errno.o
        30          0          0          0          0          0   handlers.o
        36          8          0          0          0         68   init.o
         0          0          0          0          0          0   iusefp.o
        30          0          0          0          0         68   llshl.o
        36          0          0          0          0         68   llsshr.o
        32          0          0          0          0         68   llushr.o
       360         30          0          0          0        356   mallocr.o
        36          0          0          0          0         68   memcpya.o
        36          0          0          0          0        108   memseta.o
         0          0          0          8          0          0   mvars.o
      2288         86          0          0          0        520   printfa.o
        36         10          0          4          0        136   rand.o
        28          0          0          0          0         76   strcmp.o
        14          0          0          0          0         68   strlen.o
        30          0          0          0          0         80   strncmp.o
        24          0          0          0          0         76   strncpy.o
       112          0          0          0          0         88   strtol.o
        44          0          0          0          0         80   uidiv.o
       104          0          0          0          0         92   uldiv.o
        48          0          0          0          0         68   cdrcmple.o
        56          0          0          0          0         88   d2f.o
       350          0          0          0          0        148   dadd.o
       222          0          0          0          0        100   ddiv.o
       186          0          0          0          0        176   depilogue.o
        48          0          0          0          0         68   dfixul.o
       234          0          0          0          0         96   dmul.o
        38          0          0          0          0         68   f2d.o
       110          0          0          0          0        168   fepilogue.o
       198          0          0          0          0       4007   addressstorage.o
       388         36          0          0          0      11352   byteringbuffer.o
        50          0          0          0          0       3484   bytestream.o
       252          6          0          0          0       7023   channel.o
       246         26          8          4          0       5209   commandaddr.o
       348         46         16          0          0       5901   commandaddrparser.o
        76         24         12          4          0       4449   commandannounce.o
        76         24          9          4          0       4360   commandclear.o
       424          0          0          0          0       4485   commandfactory.o
        88         24          8          4          0       4437   commandpoll.o
        84          6         17          0          0       2481   commandpollparser.o
       230         24         11          4          0       5286   commandrunning.o
       180          0          0          0          0       3667   commandrunningparser.o
        88         24          9          4          0       4441   commandtinc.o
        84          6         16          0          0       2501   commandtincparser.o
        76         24          9          4          0       4360   commandtrans.o
       128         24          7          4          0       4678   commandtrigger.o
       368         74         16          0          0       4459   commandtriggerparser.o
        74          0          0          0          0       5386   communicationfactory.o
        60         16          0          0          0       4504   ethernetvalidator.o
       424         36          0          0          0      11932   floatringbuffer.o
        44          0          0          0          0       2387   floatstream.o
       406         36          0          0          0      11679   intringbuffer.o
        34          0          0          0          0       1810   memory.o
        16          0          0          0          0       1130   msgpackcommon.o
      2454         94        121         52          0      38779   msgpackpacker.o
      2318        138          0          0          0      23888   msgpackunpacker.o
      1310         32          3          0          0      18634   objectc.o
       274          4          8          8          0       3908   receiver.o
       742         34          0          0          0      38937   scope.o
       296          6         46         24          0       6375   sender.o
       356         12          0          0          0       8468   trigger.o
       150         16          0          0          0       5632   uartvalidator.o
      2734        580          0          0          0      25727   unpack.o
       290          0          0          0          0       7180   zone.o

    ----------------------------------------------------------------------
     20248       1522        468        132          0     306312   Library Totals
        60          0         19          0          0          0   (incl. Padding)

    ----------------------------------------------------------------------

      Code (inc. data)   RO Data    RW Data    ZI Data      Debug   Library Name

      3530        150        133         16          0       2396   mc_w.l
      1292          0          0          0          0        980   mf_w.l
     15366       1372        316        116          0     302936   scope-lib.lib

    ----------------------------------------------------------------------
     20248       1522        468        132          0     306312   Library Totals

    ----------------------------------------------------------------------

==============================================================================


      Code (inc. data)   RO Data    RW Data    ZI Data      Debug   

     30652       2880        964        148      24700    1141568   Grand Totals
     30652       2880        964        148      24700    1141568   ELF Image Totals
     30652       2880        964        148          0          0   ROM Totals

==============================================================================

    Total RO  Size (Code + RO Data)                31616 (  30.88kB)
    Total RW  Size (RW Data + ZI Data)             24848 (  24.27kB)
    Total ROM Size (Code + RO Data + RW Data)      31764 (  31.02kB)

==============================================================================

