<html>
<body>
<pre>
<h1>µVision Build Log</h1>
<h2>Tool Versions:</h2>
IDE-Version: µVision V5.26.2.0
Copyright (C) 2018 ARM Ltd and ARM Germany GmbH. All rights reserved.
License Information: None schuepbs, None, LIC=----
 
Tool Versions:
Toolchain:       MDK-Lite  Version: 5.26.2.0
Toolchain Path:  C:\Keil_v5\ARM\ARMCC\Bin
C Compiler:      Armcc.exe V5.06 update 6 (build 750)
Assembler:       Armasm.exe V5.06 update 6 (build 750)
Linker/Locator:  ArmLink.exe V5.06 update 6 (build 750)
Library Manager: ArmAr.exe V5.06 update 6 (build 750)
Hex Converter:   FromElf.exe V5.06 update 6 (build 750)
CPU DLL:         SARMCM3.DLL V5.26.2.0
Dialog DLL:      DCM.DLL V1.17.2.0
Target DLL:      STLink\ST-LINKIII-KEIL_SWO.dll V3.0.5.0
Dialog DLL:      TCM.DLL V1.36.1.0
 
<h2>Project:</h2>
C:\Users\schuepbs\Documents\Projects\iot-scope-target\examples\stm32_keil\scope\MDK-ARM\scope.uvprojx
Project File Date:  12/18/2018

<h2>Output:</h2>
*** Using Compiler 'V5.06 update 6 (build 750)', folder: 'C:\Keil_v5\ARM\ARMCC\Bin'
Build Project 'scope' - Target 'scope'
compiling main.c...
C:\Users\schuepbs\Documents\Projects\iot-scope-target\include\Scope\Scope\Trigger.h(57): warning:  #1295-D: Deprecated declaration Trigger_create - give arg types
  TriggerHandle Trigger_create();
C:\Users\schuepbs\Documents\Projects\iot-scope-target\examples\stm32_keil\scope\Src\main.c(81): warning:  #167-D: argument of type "char *" is incompatible with parameter of type "uint8_t *"
  		HAL_UART_Transmit(&huart2, &data, 1, 1000);
C:\Users\schuepbs\Documents\Projects\iot-scope-target\examples\stm32_keil\scope\Src\main.c(99): warning:  #223-D: function "memset" declared implicitly
  	memset(data, 0, 200);
C:\Users\schuepbs\Documents\Projects\iot-scope-target\examples\stm32_keil\scope\Src\main.c(250): warning:  #188-D: enumerated type mixed with another type
  	Scope_create(200, 3, 3, 0, 0, NULL);
C:\Users\schuepbs\Documents\Projects\iot-scope-target\examples\stm32_keil\scope\Src\main.c(250): warning:  #188-D: enumerated type mixed with another type
  	Scope_create(200, 3, 3, 0, 0, NULL);
../Src/main.c: 5 warnings, 0 errors
linking...
Program Size: Code=30652 RO-data=964 RW-data=148 ZI-data=24700  
FromELF: creating hex file...
"scope\scope.axf" - 0 Error(s), 5 Warning(s).

<h2>Software Packages used:</h2>

Package Vendor: ARM
                http://www.keil.com/pack/ARM.CMSIS.5.4.0.pack
                ARM.CMSIS.5.4.0
                CMSIS (Cortex Microcontroller Software Interface Standard)
   * Component: CORE Version: 5.1.2

Package Vendor: Keil
                http://www.keil.com/pack/Keil.STM32L4xx_DFP.2.0.0.pack
                Keil.STM32L4xx_DFP.2.0.0
                STMicroelectronics STM32L4 Series Device Support, Drivers and Examples

<h2>Collection of Component include folders:</h2>
  .\RTE\_scope
  C:\Keil_v5\ARM\PACK\ARM\CMSIS\5.4.0\CMSIS\Core\Include
  C:\Keil_v5\ARM\PACK\Keil\STM32L4xx_DFP\2.0.0\Drivers\CMSIS\Device\ST\STM32L4xx\Include

<h2>Collection of Component Files used:</h2>

   * Component: ARM::CMSIS:CORE:5.1.2
Build Time Elapsed:  00:00:04
</pre>
</body>
</html>
